Archive member included because of file (symbol)

C:\Program Files (x86)\VEX Robotics\VEXcode\sdk/vexv5\libv5rt.a(v5_startup.c.obj)
                              (vexStartup)
C:\Program Files (x86)\VEX Robotics\VEXcode\sdk/vexv5\libv5rt.a(v5_util.c.obj)
                              C:\Program Files (x86)\VEX Robotics\VEXcode\sdk/vexv5\libv5rt.a(v5_startup.c.obj) (vexStdlibVersionLinked)
C:\Program Files (x86)\VEX Robotics\VEXcode\sdk/vexv5\libv5rt.a(v5_apijump.c.obj)
                              C:\Program Files (x86)\VEX Robotics\VEXcode\sdk/vexv5\libv5rt.a(v5_startup.c.obj) (vexPrivateApiEnable)
C:\Program Files (x86)\VEX Robotics\VEXcode\sdk/vexv5\libv5rt.a(v5_apiversions.c.obj)
                              C:\Program Files (x86)\VEX Robotics\VEXcode\sdk/vexv5\libv5rt.a(v5_apijump.c.obj) (vexSystemVersion)
C:\Program Files (x86)\VEX Robotics\VEXcode\sdk/vexv5\libv5rt.a(vex_global.cpp.obj)
                              build/src/main.o (vex::PORT20)
C:\Program Files (x86)\VEX Robotics\VEXcode\sdk/vexv5\libv5rt.a(vex_motor.cpp.obj)
                              build/src/main.o (vex::motor::~motor())
C:\Program Files (x86)\VEX Robotics\VEXcode\sdk/vexv5\libv5rt.a(vex_controller.cpp.obj)
                              build/src/main.o (vex::controller::~controller())
C:\Program Files (x86)\VEX Robotics\VEXcode\sdk/vexv5\libv5rt.a(vex_thread.cpp.obj)
                              build/src/main.o (vex::thread::thread(int (*)()))
C:\Program Files (x86)\VEX Robotics\VEXcode\sdk/vexv5\libv5rt.a(vex_event.cpp.obj)
                              C:\Program Files (x86)\VEX Robotics\VEXcode\sdk/vexv5\libv5rt.a(vex_controller.cpp.obj) (vex::event::init(unsigned long, unsigned long, void (*)()))
C:\Program Files (x86)\VEX Robotics\VEXcode\sdk/vexv5\libv5rt.a(vex_mevent.cpp.obj)
                              C:\Program Files (x86)\VEX Robotics\VEXcode\sdk/vexv5\libv5rt.a(vex_controller.cpp.obj) (vex::mevent::mevent(unsigned long, unsigned long))
C:\Program Files (x86)\VEX Robotics\VEXcode\sdk/vexv5\libv5rt.a(vex_brain.cpp.obj)
                              build/src/main.o (vex::brain::~brain())
C:\Program Files (x86)\VEX Robotics\VEXcode\sdk/vexv5\libv5rt.a(vex_competition.cpp.obj)
                              build/src/main.o (vex::competition::competition())
C:\Program Files (x86)\VEX Robotics\VEXcode\sdk/vexv5\libv5rt.a(vex_triport.cpp.obj)
                              C:\Program Files (x86)\VEX Robotics\VEXcode\sdk/vexv5\libv5rt.a(vex_brain.cpp.obj) (vex::triport::~triport())
C:\Program Files (x86)\VEX Robotics\VEXcode\sdk/vexv5\libv5rt.a(vex_color.cpp.obj)
                              build/src/main.o (vex::color::~color())
C:\Program Files (x86)\VEX Robotics\VEXcode\sdk/vexv5\libv5rt.a(vex_timer.cpp.obj)
                              C:\Program Files (x86)\VEX Robotics\VEXcode\sdk/vexv5\libv5rt.a(vex_brain.cpp.obj) (vex::timer::~timer())
C:\Program Files (x86)\VEX Robotics\VEXcode\sdk/vexv5\libv5rt.a(v5_apiuser.c.obj)
                              C:\Program Files (x86)\VEX Robotics\VEXcode\sdk/vexv5\libv5rt.a(vex_triport.cpp.obj) (vexAdiPortConfigSet)
C:\Program Files (x86)\VEX Robotics\VEXcode\sdk/vexv5\libv5rt.a(vex_device.cpp.obj)
                              C:\Program Files (x86)\VEX Robotics\VEXcode\sdk/vexv5\libv5rt.a(vex_triport.cpp.obj) (vex::device::value())
C:\Program Files (x86)\VEX Robotics\VEXcode\sdk/vexv5\libv5rt.a(vex_task.cpp.obj)
                              C:\Program Files (x86)\VEX Robotics\VEXcode\sdk/vexv5\libv5rt.a(vex_competition.cpp.obj) (vex::task::task(int (*)()))
C:\Program Files (x86)\VEX Robotics\VEXcode\sdk/vexv5/gcc/libs\libc.a(lib_a-fini.o)
                              C:\Program Files (x86)\VEX Robotics\VEXcode\sdk/vexv5\libv5rt.a(v5_startup.c.obj) (__libc_fini_array)
C:\Program Files (x86)\VEX Robotics\VEXcode\sdk/vexv5/gcc/libs\libc.a(lib_a-impure.o)
                              C:\Program Files (x86)\VEX Robotics\VEXcode\sdk/vexv5\libv5rt.a(v5_startup.c.obj) (_impure_ptr)
C:\Program Files (x86)\VEX Robotics\VEXcode\sdk/vexv5/gcc/libs\libc.a(lib_a-init.o)
                              C:\Program Files (x86)\VEX Robotics\VEXcode\sdk/vexv5\libv5rt.a(v5_startup.c.obj) (__libc_init_array)
C:\Program Files (x86)\VEX Robotics\VEXcode\sdk/vexv5/gcc/libs\libc.a(lib_a-tolower.o)
                              C:\Program Files (x86)\VEX Robotics\VEXcode\sdk/vexv5\libv5rt.a(vex_brain.cpp.obj) (tolower)
C:\Program Files (x86)\VEX Robotics\VEXcode\sdk/vexv5/gcc/libs\libc.a(lib_a-ctype_.o)
                              C:\Program Files (x86)\VEX Robotics\VEXcode\sdk/vexv5/gcc/libs\libc.a(lib_a-tolower.o) (__ctype_ptr__)
C:\Program Files (x86)\VEX Robotics\VEXcode\sdk/vexv5/gcc/libs\libm.a(lib_a-wf_atan2.o)
                              build/src/main.o (atan2f)
C:\Program Files (x86)\VEX Robotics\VEXcode\sdk/vexv5/gcc/libs\libm.a(lib_a-ef_atan2.o)
[...]
Memory Configuration

Name             Origin             Length             Attributes
ps7_ddr_0_S_AXI_BASEADDR 0x03800000         0x04800000
*default*        0x00000000         0xffffffff

Linker script and memory map

                0x00002000                _STACK_SIZE = DEFINED (_STACK_SIZE)?_STACK_SIZE:0x2000
                0x00100000                _HEAP_SIZE = DEFINED (_HEAP_SIZE)?_HEAP_SIZE:0x100000
                0x00000400                _ABORT_STACK_SIZE = DEFINED (_ABORT_STACK_SIZE)?_ABORT_STACK_SIZE:0x400
                0x00000800                _SUPERVISOR_STACK_SIZE = DEFINED (_SUPERVISOR_STACK_SIZE)?_SUPERVISOR_STACK_SIZE:0x800
                0x00000400                _IRQ_STACK_SIZE = DEFINED (_IRQ_STACK_SIZE)?_IRQ_STACK_SIZE:0x400
                0x00000400                _FIQ_STACK_SIZE = DEFINED (_FIQ_STACK_SIZE)?_FIQ_STACK_SIZE:0x400
                0x00000400                _UNDEF_STACK_SIZE = DEFINED (_UNDEF_STACK_SIZE)?_UNDEF_STACK_SIZE:0x400

.text           0x03800000     0x6318
 *(.vectors)
 *(.boot_data)
 .boot_data     0x03800000       0x20 C:\Program Files (x86)\VEX Robotics\VEXcode\sdk/vexv5\libv5rt.a(v5_startup.c.obj)
                0x03800000                vexCodeSig
                0x00000020                . = 0x20
 *(.boot)
 .boot          0x03800020       0xb4 C:\Program Files (x86)\VEX Robotics\VEXcode\sdk/vexv5\libv5rt.a(v5_startup.c.obj)
                0x03800020                vexStartup
                0x03800100                . = ALIGN (0x40)
 *fill*         0x038000d4       0x2c 
 *(.freertos_vectors)
 *(.text)
 *(.text.*)
 .text._Z6pickUpiif
                0x03800100       0x64 build/src/main.o
                0x03800100                pickUp(int, int, float)
 .text._Z8trackPosv
                0x03800164       0x5c build/src/main.o
                0x03800164                trackPos()
 .text._ZN5drive10trackAngleEv
                0x038001c0      0x144 build/src/main.o
                0x038001c0                drive::trackAngle()
 *fill*         0x03800304        0x4 
 .text._Z12driveControlv
                0x03800308      0x134 build/src/main.o
                0x03800308                driveControl()
 .text._ZN3PID14getOutputPowerEif
                0x0380043c       0xac build/src/main.o
                0x0380043c                PID::getOutputPower(int, float)
 .text._ZN5drive10move_driveEii
                0x038004e8       0xdc build/src/main.o
                0x038004e8                drive::move_drive(int, int)
 .text._Z13ArmPosControlv
                0x038005c4       0xac build/src/main.o
                0x038005c4                ArmPosControl()
 .text._Z13swivelControlv
                0x03800670       0x80 build/src/main.o
                0x03800670                swivelControl()
 .text._Z13intakeControlv
                0x038006f0      0x130 build/src/main.o
                0x038006f0                intakeControl()
 .text._Z9pre_autonv
                0x03800820      0x608 build/src/main.o
                0x03800820                pre_auton()
 .text._ZN5drive5resetEv
                0x03800e28       0x64 build/src/main.o
                0x03800e28                drive::reset()
 .text._ZN6intake5resetEv
                0x03800e8c       0x4c build/src/main.o
                0x03800e8c                intake::reset()
 .text._ZN6buttonC2EiiiibN3vex5colorE
                0x03800ed8       0xbc build/src/main.o
                0x03800ed8                button::button(int, int, int, int, bool, vex::color)
 .text._ZN6button6updateEv
                0x03800f94       0x88 build/src/main.o
                0x03800f94                button::update()
 .text._Z10autonomousv
                0x0380101c     0x1f04 build/src/main.o
                0x0380101c                autonomous()
 .text._Z11usercontrolv
                0x03802f20      0x42c build/src/main.o
                0x03802f20                usercontrol()
 .text.main     0x0380334c       0x40 build/src/main.o
                0x0380334c                main
 *fill*         0x0380338c        0x4 
 .text._GLOBAL__sub_I_main.cpp
                0x03803390      0x458 build/src/main.o
 .text.vexMain  0x038037e8       0xb0 C:\Program Files (x86)\VEX Robotics\VEXcode\sdk/vexv5\libv5rt.a(v5_startup.c.obj)
                0x038037e8                vexMain
 .text.__vex_function_prolog
                0x03803898       0x18 C:\Program Files (x86)\VEX Robotics\VEXcode\sdk/vexv5\libv5rt.a(v5_startup.c.obj)
                0x03803898                __vex_function_prolog
 .text._init    0x038038b0        0x4 C:\Program Files (x86)\VEX Robotics\VEXcode\sdk/vexv5\libv5rt.a(v5_startup.c.obj)
                0x038038b0                _init
 .text._fini    0x038038b4        0x4 C:\Program Files (x86)\VEX Robotics\VEXcode\sdk/vexv5\libv5rt.a(v5_startup.c.obj)
                0x038038b4                _fini
 .text.vexStdlibVersionLinked
                0x038038b8        0xc C:\Program Files (x86)\VEX Robotics\VEXcode\sdk/vexv5\libv5rt.a(v5_util.c.obj)
                0x038038b8                vexStdlibVersionLinked
 .text.vexStdlibVersionVerify
                0x038038c4       0x30 C:\Program Files (x86)\VEX Robotics\VEXcode\sdk/vexv5\libv5rt.a(v5_util.c.obj)
                0x038038c4                vexStdlibVersionVerify
 .text.vexPrivateApiEnable
                0x038038f4       0x10 C:\Program Files (x86)\VEX Robotics\VEXcode\sdk/vexv5\libv5rt.a(v5_apijump.c.obj)
                0x038038f4                vexPrivateApiEnable
 .text.vexStdlibMismatchError
                0x03803904       0x3c C:\Program Files (x86)\VEX Robotics\VEXcode\sdk/vexv5\libv5rt.a(v5_apijump.c.obj)
                0x03803904                vexStdlibMismatchError
 .text.vexScratchMemoryPtr
                0x03803940       0x30 C:\Program Files (x86)\VEX Robotics\VEXcode\sdk/vexv5\libv5rt.a(v5_apijump.c.obj)
                0x03803940                vexScratchMemoryPtr
 .text.vexTaskAdd
                0x03803970       0x10 C:\Program Files (x86)\VEX Robotics\VEXcode\sdk/vexv5\libv5rt.a(v5_apijump.c.obj)
                0x03803970                vexTaskAdd
 .text.vexTaskStop
                0x03803980       0x10 C:\Program Files (x86)\VEX Robotics\VEXcode\sdk/vexv5\libv5rt.a(v5_apijump.c.obj)
                0x03803980                vexTaskStop
 .text.vexTasksRun
                0x03803990       0x10 C:\Program Files (x86)\VEX Robotics\VEXcode\sdk/vexv5\libv5rt.a(v5_apijump.c.obj)
                0x03803990                vexTasksRun
 .text.vexTaskYield
                0x038039a0       0x10 C:\Program Files (x86)\VEX Robotics\VEXcode\sdk/vexv5\libv5rt.a(v5_apijump.c.obj)
                0x038039a0                vexTaskYield
 .text.vexTaskCheckTimeslice
                0x038039b0       0x10 C:\Program Files (x86)\VEX Robotics\VEXcode\sdk/vexv5\libv5rt.a(v5_apijump.c.obj)
                0x038039b0                vexTaskCheckTimeslice
 .text.vexTaskSleep
                0x038039c0       0x10 C:\Program Files (x86)\VEX Robotics\VEXcode\sdk/vexv5\libv5rt.a(v5_apijump.c.obj)
                0x038039c0                vexTaskSleep
 .text.vexTasksDump
                0x038039d0       0x1c C:\Program Files (x86)\VEX Robotics\VEXcode\sdk/vexv5\libv5rt.a(v5_apijump.c.obj)
                0x038039d0                vexTasksDump
 .text.vexTaskGetTaskIndex
                0x038039ec       0x10 C:\Program Files (x86)\VEX Robotics\VEXcode\sdk/vexv5\libv5rt.a(v5_apijump.c.obj)
                0x038039ec                vexTaskGetTaskIndex
 .text.vexTaskStopAll
                0x038039fc       0x10 C:\Program Files (x86)\VEX Robotics\VEXcode\sdk/vexv5\libv5rt.a(v5_apijump.c.obj)
                0x038039fc                vexTaskStopAll
 .text.vexTaskRemoveAllUser
                0x03803a0c       0x34 C:\Program Files (x86)\VEX Robotics\VEXcode\sdk/vexv5\libv5rt.a(v5_apijump.c.obj)
                0x03803a0c                vexTaskRemoveAllUser
 .text.vexTaskCompletionIdSet
                0x03803a40       0x10 C:\Program Files (x86)\VEX Robotics\VEXcode\sdk/vexv5\libv5rt.a(v5_apijump.c.obj)
                0x03803a40                vexTaskCompletionIdSet
 .text.vexCriticalSection
                0x03803a50       0x2c C:\Program Files (x86)\VEX Robotics\VEXcode\sdk/vexv5\libv5rt.a(v5_apijump.c.obj)
                0x03803a50                vexCriticalSection
 .text.vexEventAdd
                0x03803a7c       0x34 C:\Program Files (x86)\VEX Robotics\VEXcode\sdk/vexv5\libv5rt.a(v5_apijump.c.obj)
                0x03803a7c                vexEventAdd
 .text.vexEventUserIndexGet
                0x03803ab0       0x1c C:\Program Files (x86)\VEX Robotics\VEXcode\sdk/vexv5\libv5rt.a(v5_apijump.c.obj)
                0x03803ab0                vexEventUserIndexGet
 .text.vexEventAddWithArg
                0x03803acc       0x3c C:\Program Files (x86)\VEX Robotics\VEXcode\sdk/vexv5\libv5rt.a(v5_apijump.c.obj)
                0x03803acc                vexEventAddWithArg
 .text.vexEventsCleanup
                0x03803b08       0x2c C:\Program Files (x86)\VEX Robotics\VEXcode\sdk/vexv5\libv5rt.a(v5_apijump.c.obj)
                0x03803b08                vexEventsCleanup
 .text.vexDebug
                0x03803b34       0x38 C:\Program Files (x86)\VEX Robotics\VEXcode\sdk/vexv5\libv5rt.a(v5_apijump.c.obj)
                0x03803b34                vexDebug
 .text.vex_sprintf
                0x03803b6c       0x40 C:\Program Files (x86)\VEX Robotics\VEXcode\sdk/vexv5\libv5rt.a(v5_apijump.c.obj)
                0x03803b6c                vex_sprintf
 .text.vex_vsnprintf
                0x03803bac       0x3c C:\Program Files (x86)\VEX Robotics\VEXcode\sdk/vexv5\libv5rt.a(v5_apijump.c.obj)
                0x03803bac                vex_vsnprintf
 .text.vexSystemTimeGet
                0x03803be8       0x1c C:\Program Files (x86)\VEX Robotics\VEXcode\sdk/vexv5\libv5rt.a(v5_apijump.c.obj)
                0x03803be8                vexSystemTimeGet
 .text.vexSystemExitRequest
                0x03803c04       0x1c C:\Program Files (x86)\VEX Robotics\VEXcode\sdk/vexv5\libv5rt.a(v5_apijump.c.obj)
                0x03803c04                vexSystemExitRequest
 .text.vexDeviceGetByIndex
                0x03803c20       0x24 C:\Program Files (x86)\VEX Robotics\VEXcode\sdk/vexv5\libv5rt.a(v5_apijump.c.obj)
                0x03803c20                vexDeviceGetByIndex
 .text.vexControllerGet
                0x03803c44       0x2c C:\Program Files (x86)\VEX Robotics\VEXcode\sdk/vexv5\libv5rt.a(v5_apijump.c.obj)
                0x03803c44                vexControllerGet
 .text.vexDeviceAdiPortConfigSet
                0x03803c70       0x34 C:\Program Files (x86)\VEX Robotics\VEXcode\sdk/vexv5\libv5rt.a(v5_apijump.c.obj)
                0x03803c70                vexDeviceAdiPortConfigSet
 .text.vexDeviceAdiPortConfigGet
                0x03803ca4       0x2c C:\Program Files (x86)\VEX Robotics\VEXcode\sdk/vexv5\libv5rt.a(v5_apijump.c.obj)
                0x03803ca4                vexDeviceAdiPortConfigGet
 .text.vexDeviceAdiValueSet
                0x03803cd0       0x34 C:\Program Files (x86)\VEX Robotics\VEXcode\sdk/vexv5\libv5rt.a(v5_apijump.c.obj)
                0x03803cd0                vexDeviceAdiValueSet
 .text.vexDeviceAdiValueGet
                0x03803d04       0x2c C:\Program Files (x86)\VEX Robotics\VEXcode\sdk/vexv5\libv5rt.a(v5_apijump.c.obj)
                0x03803d04                vexDeviceAdiValueGet
 .text.vexDeviceMotorVelocitySet
                0x03803d30       0x2c C:\Program Files (x86)\VEX Robotics\VEXcode\sdk/vexv5\libv5rt.a(v5_apijump.c.obj)
                0x03803d30                vexDeviceMotorVelocitySet
 .text.vexDeviceMotorActualVelocityGet
                0x03803d5c       0x24 C:\Program Files (x86)\VEX Robotics\VEXcode\sdk/vexv5\libv5rt.a(v5_apijump.c.obj)
                0x03803d5c                vexDeviceMotorActualVelocityGet
 .text.vexDeviceMotorReverseFlagSet
                0x03803d80       0x2c C:\Program Files (x86)\VEX Robotics\VEXcode\sdk/vexv5\libv5rt.a(v5_apijump.c.obj)
                0x03803d80                vexDeviceMotorReverseFlagSet
 .text.vexDeviceMotorEncoderUnitsSet
                0x03803dac       0x2c C:\Program Files (x86)\VEX Robotics\VEXcode\sdk/vexv5\libv5rt.a(v5_apijump.c.obj)
                0x03803dac                vexDeviceMotorEncoderUnitsSet
 .text.vexDeviceMotorBrakeModeSet
                0x03803dd8       0x2c C:\Program Files (x86)\VEX Robotics\VEXcode\sdk/vexv5\libv5rt.a(v5_apijump.c.obj)
                0x03803dd8                vexDeviceMotorBrakeModeSet
 .text.vexDeviceMotorPositionSet
                0x03803e04       0x34 C:\Program Files (x86)\VEX Robotics\VEXcode\sdk/vexv5\libv5rt.a(v5_apijump.c.obj)
                0x03803e04                vexDeviceMotorPositionSet
 .text.vexDeviceMotorPositionGet
                0x03803e38       0x24 C:\Program Files (x86)\VEX Robotics\VEXcode\sdk/vexv5\libv5rt.a(v5_apijump.c.obj)
                0x03803e38                vexDeviceMotorPositionGet
 .text.vexDeviceMotorGearingSet
                0x03803e5c       0x2c C:\Program Files (x86)\VEX Robotics\VEXcode\sdk/vexv5\libv5rt.a(v5_apijump.c.obj)
                0x03803e5c                vexDeviceMotorGearingSet
 .text.vexDeviceMotorGearingGet
                0x03803e88       0x24 C:\Program Files (x86)\VEX Robotics\VEXcode\sdk/vexv5\libv5rt.a(v5_apijump.c.obj)
                0x03803e88                vexDeviceMotorGearingGet
 .text.vexDisplayForegroundColor
                0x03803eac       0x24 C:\Program Files (x86)\VEX Robotics\VEXcode\sdk/vexv5\libv5rt.a(v5_apijump.c.obj)
                0x03803eac                vexDisplayForegroundColor
 .text.vexDisplayBackgroundColor
                0x03803ed0       0x24 C:\Program Files (x86)\VEX Robotics\VEXcode\sdk/vexv5\libv5rt.a(v5_apijump.c.obj)
                0x03803ed0                vexDisplayBackgroundColor
 .text.vexDisplayBackgroundColorGet
                0x03803ef4       0x1c C:\Program Files (x86)\VEX Robotics\VEXcode\sdk/vexv5\libv5rt.a(v5_apijump.c.obj)
                0x03803ef4                vexDisplayBackgroundColorGet
 .text.vexDisplayCopyRect
                0x03803f10       0x5c C:\Program Files (x86)\VEX Robotics\VEXcode\sdk/vexv5\libv5rt.a(v5_apijump.c.obj)
                0x03803f10                vexDisplayCopyRect
 .text.vexDisplayRectDraw
                0x03803f6c       0x4c C:\Program Files (x86)\VEX Robotics\VEXcode\sdk/vexv5\libv5rt.a(v5_apijump.c.obj)
                0x03803f6c                vexDisplayRectDraw
 .text.vexDisplayRectClear
                0x03803fb8       0x4c C:\Program Files (x86)\VEX Robotics\VEXcode\sdk/vexv5\libv5rt.a(v5_apijump.c.obj)
                0x03803fb8                vexDisplayRectClear
 .text.vexDisplayPrintf
                0x03804004       0x68 C:\Program Files (x86)\VEX Robotics\VEXcode\sdk/vexv5\libv5rt.a(v5_apijump.c.obj)
                0x03804004                vexDisplayPrintf
 .text.vexDisplayTextReference
                0x0380406c       0x24 C:\Program Files (x86)\VEX Robotics\VEXcode\sdk/vexv5\libv5rt.a(v5_apijump.c.obj)
                0x0380406c                vexDisplayTextReference
 .text.vexDisplayTextSize
                0x03804090       0x2c C:\Program Files (x86)\VEX Robotics\VEXcode\sdk/vexv5\libv5rt.a(v5_apijump.c.obj)
                0x03804090                vexDisplayTextSize
 .text.vexDisplayFontNamedSet
                0x038040bc       0x24 C:\Program Files (x86)\VEX Robotics\VEXcode\sdk/vexv5\libv5rt.a(v5_apijump.c.obj)
                0x038040bc                vexDisplayFontNamedSet
 .text.vexDisplayPenSizeGet
                0x038040e0       0x1c C:\Program Files (x86)\VEX Robotics\VEXcode\sdk/vexv5\libv5rt.a(v5_apijump.c.obj)
                0x038040e0                vexDisplayPenSizeGet
 .text.vexFileOpen
                0x038040fc       0x2c C:\Program Files (x86)\VEX Robotics\VEXcode\sdk/vexv5\libv5rt.a(v5_apijump.c.obj)
                0x038040fc                vexFileOpen
 .text.vexFileClose
                0x03804128       0x24 C:\Program Files (x86)\VEX Robotics\VEXcode\sdk/vexv5\libv5rt.a(v5_apijump.c.obj)
                0x03804128                vexFileClose
 .text.vexFileRead
                0x0380414c       0x3c C:\Program Files (x86)\VEX Robotics\VEXcode\sdk/vexv5\libv5rt.a(v5_apijump.c.obj)
                0x0380414c                vexFileRead
 .text.vexFileSize
                0x03804188       0x24 C:\Program Files (x86)\VEX Robotics\VEXcode\sdk/vexv5\libv5rt.a(v5_apijump.c.obj)
                0x03804188                vexFileSize
 .text.vexSystemStdlibImpureDataAddr
                0x038041ac       0x28 C:\Program Files (x86)\VEX Robotics\VEXcode\sdk/vexv5\libv5rt.a(v5_apijump.c.obj)
                0x038041ac                vexSystemStdlibImpureDataAddr
 .text.vexSystemStdlibImpureDataSize
                0x038041d4       0x28 C:\Program Files (x86)\VEX Robotics\VEXcode\sdk/vexv5\libv5rt.a(v5_apijump.c.obj)
                0x038041d4                vexSystemStdlibImpureDataSize
 .text.vexTouchDataGet
                0x038041fc       0x10 C:\Program Files (x86)\VEX Robotics\VEXcode\sdk/vexv5\libv5rt.a(v5_apijump.c.obj)
                0x038041fc                vexTouchDataGet
 .text.vexImageBmpRead
                0x0380420c       0x3c C:\Program Files (x86)\VEX Robotics\VEXcode\sdk/vexv5\libv5rt.a(v5_apijump.c.obj)
                0x0380420c                vexImageBmpRead
 .text.vexImagePngRead
                0x03804248       0x44 C:\Program Files (x86)\VEX Robotics\VEXcode\sdk/vexv5\libv5rt.a(v5_apijump.c.obj)
                0x03804248                vexImagePngRead
 .text.vexDisplayThemeIdGet
                0x0380428c       0x38 C:\Program Files (x86)\VEX Robotics\VEXcode\sdk/vexv5\libv5rt.a(v5_apijump.c.obj)
                0x0380428c                vexDisplayThemeIdGet
 .text.vexDisplayRender
                0x038042c4       0x2c C:\Program Files (x86)\VEX Robotics\VEXcode\sdk/vexv5\libv5rt.a(v5_apijump.c.obj)
                0x038042c4                vexDisplayRender
 .text.vexCompetitionStatus
                0x038042f0       0x1c C:\Program Files (x86)\VEX Robotics\VEXcode\sdk/vexv5\libv5rt.a(v5_apijump.c.obj)
                0x038042f0                vexCompetitionStatus
 .text.vexDeviceEventMaskSet
                0x0380430c       0x48 C:\Program Files (x86)\VEX Robotics\VEXcode\sdk/vexv5\libv5rt.a(v5_apijump.c.obj)
                0x0380430c                vexDeviceEventMaskSet
 .text.vexDeviceEventMaskGet
                0x03804354       0x3c C:\Program Files (x86)\VEX Robotics\VEXcode\sdk/vexv5\libv5rt.a(v5_apijump.c.obj)
                0x03804354                vexDeviceEventMaskGet
 .text.vexSystemVersion
                0x03804390       0x10 C:\Program Files (x86)\VEX Robotics\VEXcode\sdk/vexv5\libv5rt.a(v5_apiversions.c.obj)
                0x03804390                vexSystemVersion
 .text.vexStdlibVersion
                0x038043a0       0x10 C:\Program Files (x86)\VEX Robotics\VEXcode\sdk/vexv5\libv5rt.a(v5_apiversions.c.obj)
                0x038043a0                vexStdlibVersion
 .text._ZN3vex5motor9installedEv
                0x038043b0       0x18 C:\Program Files (x86)\VEX Robotics\VEXcode\sdk/vexv5\libv5rt.a(vex_motor.cpp.obj)
                0x038043b0                vex::motor::installed()
 .text._ZN3vex5motorD2Ev
                0x038043c8       0x20 C:\Program Files (x86)\VEX Robotics\VEXcode\sdk/vexv5\libv5rt.a(vex_motor.cpp.obj)
                0x038043c8                vex::motor::~motor()
                0x038043c8                vex::motor::~motor()
 .text._ZN3vex5motor15defaultStoppingENS_9brakeTypeE
                0x038043e8       0x30 C:\Program Files (x86)\VEX Robotics\VEXcode\sdk/vexv5\libv5rt.a(vex_motor.cpp.obj)
                0x038043e8                vex::motor::defaultStopping(vex::brakeType)
 .text._ZN3vex5motorC2El
                0x03804418       0x70 C:\Program Files (x86)\VEX Robotics\VEXcode\sdk/vexv5\libv5rt.a(vex_motor.cpp.obj)
                0x03804418                vex::motor::motor(long)
                0x03804418                vex::motor::motor(long)
 .text._ZN3vex5motorC2ElNS_11gearSettingEb
                0x03804488       0x34 C:\Program Files (x86)\VEX Robotics\VEXcode\sdk/vexv5\libv5rt.a(vex_motor.cpp.obj)
                0x03804488                vex::motor::motor(long, vex::gearSetting, bool)
                0x03804488                vex::motor::motor(long, vex::gearSetting, bool)
 .text._ZN3vex5motor4stopENS_9brakeTypeE
                0x038044bc       0x30 C:\Program Files (x86)\VEX Robotics\VEXcode\sdk/vexv5\libv5rt.a(vex_motor.cpp.obj)
                0x038044bc                vex::motor::stop(vex::brakeType)
 .text._ZN3vex5motor16velocityToScaledEdNS_13velocityUnitsE
                0x038044ec       0x5c C:\Program Files (x86)\VEX Robotics\VEXcode\sdk/vexv5\libv5rt.a(vex_motor.cpp.obj)
                0x038044ec                vex::motor::velocityToScaled(double, vex::velocityUnits)
 .text._ZN3vex5motor8velocityENS_13velocityUnitsE
                0x03804548       0x30 C:\Program Files (x86)\VEX Robotics\VEXcode\sdk/vexv5\libv5rt.a(vex_motor.cpp.obj)
                0x03804548                vex::motor::velocity(vex::velocityUnits)
 .text._ZN3vex5motor5valueEv
                0x03804578       0x1c C:\Program Files (x86)\VEX Robotics\VEXcode\sdk/vexv5\libv5rt.a(vex_motor.cpp.obj)
                0x03804578                vex::motor::value()
 .text._ZN3vex5motor16scaledToVelocityEdNS_13velocityUnitsE
                0x03804594       0xa4 C:\Program Files (x86)\VEX Robotics\VEXcode\sdk/vexv5\libv5rt.a(vex_motor.cpp.obj)
                0x03804594                vex::motor::scaledToVelocity(double, vex::velocityUnits)
 .text._ZN3vex5motor4spinENS_13directionTypeEdNS_13velocityUnitsE
                0x03804638       0x5c C:\Program Files (x86)\VEX Robotics\VEXcode\sdk/vexv5\libv5rt.a(vex_motor.cpp.obj)
                0x03804638                vex::motor::spin(vex::directionType, double, vex::velocityUnits)
 .text._ZN3vex5motor16setRotationUnitsENS_13rotationUnitsE
                0x03804694       0x1c C:\Program Files (x86)\VEX Robotics\VEXcode\sdk/vexv5\libv5rt.a(vex_motor.cpp.obj)
                0x03804694                vex::motor::setRotationUnits(vex::rotationUnits)
 .text._ZN3vex5motor11setRotationEdNS_13rotationUnitsE
                0x038046b0       0x44 C:\Program Files (x86)\VEX Robotics\VEXcode\sdk/vexv5\libv5rt.a(vex_motor.cpp.obj)
                0x038046b0                vex::motor::setRotation(double, vex::rotationUnits)
 .text._ZN3vex5motor13resetRotationEv
                0x038046f4       0x20 C:\Program Files (x86)\VEX Robotics\VEXcode\sdk/vexv5\libv5rt.a(vex_motor.cpp.obj)
                0x038046f4                vex::motor::resetRotation()
 .text._ZN3vex5motor8rotationENS_13rotationUnitsE
                0x03804714       0x44 C:\Program Files (x86)\VEX Robotics\VEXcode\sdk/vexv5\libv5rt.a(vex_motor.cpp.obj)
                0x03804714                vex::motor::rotation(vex::rotationUnits)
 .text.startup._GLOBAL__sub_I__ZN3vex5motorC2El
                0x03804758       0x30 C:\Program Files (x86)\VEX Robotics\VEXcode\sdk/vexv5\libv5rt.a(vex_motor.cpp.obj)
 .text._ZN3vex10controllerD2Ev
                0x03804788        0x4 C:\Program Files (x86)\VEX Robotics\VEXcode\sdk/vexv5\libv5rt.a(vex_controller.cpp.obj)
                0x03804788                vex::controller::~controller()
                0x03804788                vex::controller::~controller()
 .text._ZN3vex10controller5valueE19_V5_ControllerIndex
                0x0380478c        0x8 C:\Program Files (x86)\VEX Robotics\VEXcode\sdk/vexv5\libv5rt.a(vex_controller.cpp.obj)
                0x0380478c                vex::controller::value(_V5_ControllerIndex)
 .text._ZN3vex10controller6button8pressingEv
                0x03804794       0xc8 C:\Program Files (x86)\VEX Robotics\VEXcode\sdk/vexv5\libv5rt.a(vex_controller.cpp.obj)
                0x03804794                vex::controller::button::pressing()
 .text._ZN3vex10controller6button21_buttonToPressedEventEv
                0x0380485c       0x20 C:\Program Files (x86)\VEX Robotics\VEXcode\sdk/vexv5\libv5rt.a(vex_controller.cpp.obj)
                0x0380485c                vex::controller::button::_buttonToPressedEvent()
 .text._ZN3vex10controller6button22_buttonToReleasedEventEv
                0x0380487c       0x20 C:\Program Files (x86)\VEX Robotics\VEXcode\sdk/vexv5\libv5rt.a(vex_controller.cpp.obj)
                0x0380487c                vex::controller::button::_buttonToReleasedEvent()
 .text._ZN3vex10controller6buttonC2ENS0_11tButtonTypeEPS0_
                0x0380489c       0x48 C:\Program Files (x86)\VEX Robotics\VEXcode\sdk/vexv5\libv5rt.a(vex_controller.cpp.obj)
                0x0380489c                vex::controller::button::button(vex::controller::tButtonType, vex::controller*)
                0x0380489c                vex::controller::button::button(vex::controller::tButtonType, vex::controller*)
 .text._ZN3vex10controller4axis5valueEv
                0x038048e4       0x58 C:\Program Files (x86)\VEX Robotics\VEXcode\sdk/vexv5\libv5rt.a(vex_controller.cpp.obj)
                0x038048e4                vex::controller::axis::value()
 .text._ZN3vex10controller4axis23_joystickToChangedEventEv
                0x0380493c       0x20 C:\Program Files (x86)\VEX Robotics\VEXcode\sdk/vexv5\libv5rt.a(vex_controller.cpp.obj)
                0x0380493c                vex::controller::axis::_joystickToChangedEvent()
 .text._ZN3vex10controller4axisC2ENS0_9tAxisTypeEPS0_
                0x0380495c       0x2c C:\Program Files (x86)\VEX Robotics\VEXcode\sdk/vexv5\libv5rt.a(vex_controller.cpp.obj)
                0x0380495c                vex::controller::axis::axis(vex::controller::tAxisType, vex::controller*)
                0x0380495c                vex::controller::axis::axis(vex::controller::tAxisType, vex::controller*)
 .text._ZN3vex10controllerC2ENS_14controllerTypeE
                0x03804988      0x204 C:\Program Files (x86)\VEX Robotics\VEXcode\sdk/vexv5\libv5rt.a(vex_controller.cpp.obj)
                0x03804988                vex::controller::controller(vex::controllerType)
                0x03804988                vex::controller::controller(vex::controllerType)
 .text._ZN3vex6threadC2EPFivE
                0x03804b8c       0x54 C:\Program Files (x86)\VEX Robotics\VEXcode\sdk/vexv5\libv5rt.a(vex_thread.cpp.obj)
                0x03804b8c                vex::thread::thread(int (*)())
                0x03804b8c                vex::thread::thread(int (*)())
 .text._ZN3vex6threadD2Ev
                0x03804be0        0x4 C:\Program Files (x86)\VEX Robotics\VEXcode\sdk/vexv5\libv5rt.a(vex_thread.cpp.obj)
                0x03804be0                vex::thread::~thread()
                0x03804be0                vex::thread::~thread()
 .text._ZN3vex6thread9interruptEv
                0x03804be4       0x10 C:\Program Files (x86)\VEX Robotics\VEXcode\sdk/vexv5\libv5rt.a(vex_thread.cpp.obj)
                0x03804be4                vex::thread::interrupt()
 .text._ZN3vex11this_thread9sleep_forEm
                0x03804bf4        0x4 C:\Program Files (x86)\VEX Robotics\VEXcode\sdk/vexv5\libv5rt.a(vex_thread.cpp.obj)
                0x03804bf4                vex::this_thread::sleep_for(unsigned long)
 .text._ZN3vex5event4initEmmPFvvE
                0x03804bf8        0x4 C:\Program Files (x86)\VEX Robotics\VEXcode\sdk/vexv5\libv5rt.a(vex_event.cpp.obj)
                0x03804bf8                vex::event::init(unsigned long, unsigned long, void (*)())
 .text._ZN3vex5event4initEmmPFvPvES1_
                0x03804bfc        0x4 C:\Program Files (x86)\VEX Robotics\VEXcode\sdk/vexv5\libv5rt.a(vex_event.cpp.obj)
                0x03804bfc                vex::event::init(unsigned long, unsigned long, void (*)(void*), void*)
 .text._ZN3vex5event9userindexEv
                0x03804c00        0x4 C:\Program Files (x86)\VEX Robotics\VEXcode\sdk/vexv5\libv5rt.a(vex_event.cpp.obj)
                0x03804c00                vex::event::userindex()
 .text._ZZN3vex6meventC4EmmENUlvE_4_FUNEv
                0x03804c04        0x4 C:\Program Files (x86)\VEX Robotics\VEXcode\sdk/vexv5\libv5rt.a(vex_mevent.cpp.obj)
 .text._ZN3vex6meventC2Emm
                0x03804c08       0x70 C:\Program Files (x86)\VEX Robotics\VEXcode\sdk/vexv5\libv5rt.a(vex_mevent.cpp.obj)
                0x03804c08                vex::mevent::mevent(unsigned long, unsigned long)
                0x03804c08                vex::mevent::mevent(unsigned long, unsigned long)
 .text._ZN3vex5brainD2Ev
                0x03804c78       0x20 C:\Program Files (x86)\VEX Robotics\VEXcode\sdk/vexv5\libv5rt.a(vex_brain.cpp.obj)
                0x03804c78                vex::brain::~brain()
                0x03804c78                vex::brain::~brain()
 .text._ZN3vex5brain9_getIndexEv
                0x03804c98       0x10 C:\Program Files (x86)\VEX Robotics\VEXcode\sdk/vexv5\libv5rt.a(vex_brain.cpp.obj)
                0x03804c98                vex::brain::_getIndex()
 .text._ZN3vex5brain10resetTimerEv
                0x03804ca8        0x4 C:\Program Files (x86)\VEX Robotics\VEXcode\sdk/vexv5\libv5rt.a(vex_brain.cpp.obj)
                0x03804ca8                vex::brain::resetTimer()
 .text._ZN3vex5brain3lcd9setCursorEll
                0x03804cac       0x44 C:\Program Files (x86)\VEX Robotics\VEXcode\sdk/vexv5\libv5rt.a(vex_brain.cpp.obj)
                0x03804cac                vex::brain::lcd::setCursor(long, long)
 .text._ZN3vex5brain3lcd7setFontENS_8fontTypeE
                0x03804cf0      0x228 C:\Program Files (x86)\VEX Robotics\VEXcode\sdk/vexv5\libv5rt.a(vex_brain.cpp.obj)
                0x03804cf0                vex::brain::lcd::setFont(vex::fontType)
 .text._ZN3vex5brain3lcdC2Ev
                0x03804f18       0x94 C:\Program Files (x86)\VEX Robotics\VEXcode\sdk/vexv5\libv5rt.a(vex_brain.cpp.obj)
                0x03804f18                vex::brain::lcd::lcd()
                0x03804f18                vex::brain::lcd::lcd()
 .text._ZN3vex5brainC2Ev
                0x03804fac       0x40 C:\Program Files (x86)\VEX Robotics\VEXcode\sdk/vexv5\libv5rt.a(vex_brain.cpp.obj)
                0x03804fac                vex::brain::brain()
                0x03804fac                vex::brain::brain()
 .text._ZN3vex5brain3lcd7printAtEllPKcz
                0x03804fec       0x6c C:\Program Files (x86)\VEX Robotics\VEXcode\sdk/vexv5\libv5rt.a(vex_brain.cpp.obj)
                0x03804fec                vex::brain::lcd::printAt(long, long, char const*, ...)
 .text._ZN3vex5brain3lcd12_clearScreenEm
                0x03805058       0x38 C:\Program Files (x86)\VEX Robotics\VEXcode\sdk/vexv5\libv5rt.a(vex_brain.cpp.obj)
                0x03805058                vex::brain::lcd::_clearScreen(unsigned long)
 .text._ZN3vex5brain3lcd11clearScreenERKNS_5colorE
                0x03805090       0x20 C:\Program Files (x86)\VEX Robotics\VEXcode\sdk/vexv5\libv5rt.a(vex_brain.cpp.obj)
                0x03805090                vex::brain::lcd::clearScreen(vex::color const&)
 .text._ZN3vex5brain3lcd11clearScreenEv
                0x038050b0       0x2c C:\Program Files (x86)\VEX Robotics\VEXcode\sdk/vexv5\libv5rt.a(vex_brain.cpp.obj)
                0x038050b0                vex::brain::lcd::clearScreen()
 .text._ZN3vex5brain3lcd13drawRectangleEiiii
                0x038050dc       0xdc C:\Program Files (x86)\VEX Robotics\VEXcode\sdk/vexv5\libv5rt.a(vex_brain.cpp.obj)
                0x038050dc                vex::brain::lcd::drawRectangle(int, int, int, int)
 .text._ZN3vex5brain3lcd14_drawRectangleEiiiim
                0x038051b8       0x74 C:\Program Files (x86)\VEX Robotics\VEXcode\sdk/vexv5\libv5rt.a(vex_brain.cpp.obj)
                0x038051b8                vex::brain::lcd::_drawRectangle(int, int, int, int, unsigned long)
 .text._ZN3vex5brain3lcd13drawRectangleEiiiiRKNS_5colorE
                0x0380522c       0x68 C:\Program Files (x86)\VEX Robotics\VEXcode\sdk/vexv5\libv5rt.a(vex_brain.cpp.obj)
                0x0380522c                vex::brain::lcd::drawRectangle(int, int, int, int, vex::color const&)
 .text._ZN3vex5brain3lcd9xPositionEv
                0x03805294       0x24 C:\Program Files (x86)\VEX Robotics\VEXcode\sdk/vexv5\libv5rt.a(vex_brain.cpp.obj)
                0x03805294                vex::brain::lcd::xPosition()
 .text._ZN3vex5brain3lcd9yPositionEv
                0x038052b8       0x24 C:\Program Files (x86)\VEX Robotics\VEXcode\sdk/vexv5\libv5rt.a(vex_brain.cpp.obj)
                0x038052b8                vex::brain::lcd::yPosition()
 .text._ZN3vex5brain3lcd6renderEv
                0x038052dc        0xc C:\Program Files (x86)\VEX Robotics\VEXcode\sdk/vexv5\libv5rt.a(vex_brain.cpp.obj)
                0x038052dc                vex::brain::lcd::render()
 .text._ZN3vex5brain3lcd20_validateImageBufferEPh
                0x038052e8       0x58 C:\Program Files (x86)\VEX Robotics\VEXcode\sdk/vexv5\libv5rt.a(vex_brain.cpp.obj)
                0x038052e8                vex::brain::lcd::_validateImageBuffer(unsigned char*)
 .text._ZN3vex5brain3lcd17drawImageFromFileEPKcii
                0x03805340      0x258 C:\Program Files (x86)\VEX Robotics\VEXcode\sdk/vexv5\libv5rt.a(vex_brain.cpp.obj)
                0x03805340                vex::brain::lcd::drawImageFromFile(char const*, int, int)
 .text._ZN3vex11competition8_disableEPv
                0x03805598       0x9c C:\Program Files (x86)\VEX Robotics\VEXcode\sdk/vexv5\libv5rt.a(vex_competition.cpp.obj)
                0x03805598                vex::competition::_disable(void*)
 .text._ZN3vex11competition11_autonomousEv
                0x03805634       0x7c C:\Program Files (x86)\VEX Robotics\VEXcode\sdk/vexv5\libv5rt.a(vex_competition.cpp.obj)
                0x03805634                vex::competition::_autonomous()
 .text._ZN3vex11competition14_drivercontrolEv
                0x038056b0       0x7c C:\Program Files (x86)\VEX Robotics\VEXcode\sdk/vexv5\libv5rt.a(vex_competition.cpp.obj)
                0x038056b0                vex::competition::_drivercontrol()
 .text._ZN3vex11competitionC2Ev
                0x0380572c      0x13c C:\Program Files (x86)\VEX Robotics\VEXcode\sdk/vexv5\libv5rt.a(vex_competition.cpp.obj)
                0x0380572c                vex::competition::competition()
                0x0380572c                vex::competition::competition()
 .text._ZN3vex11competitionD2Ev
                0x03805868        0x4 C:\Program Files (x86)\VEX Robotics\VEXcode\sdk/vexv5\libv5rt.a(vex_competition.cpp.obj)
                0x03805868                vex::competition::~competition()
                0x03805868                vex::competition::~competition()
 .text._ZN3vex11competition10autonomousEPFvvE
                0x0380586c       0x44 C:\Program Files (x86)\VEX Robotics\VEXcode\sdk/vexv5\libv5rt.a(vex_competition.cpp.obj)
                0x0380586c                vex::competition::autonomous(void (*)())
 .text._ZN3vex11competition13drivercontrolEPFvvE
                0x038058b0       0x44 C:\Program Files (x86)\VEX Robotics\VEXcode\sdk/vexv5\libv5rt.a(vex_competition.cpp.obj)
                0x038058b0                vex::competition::drivercontrol(void (*)())
 .text._ZN3vex11competition9isEnabledEv
                0x038058f4       0x14 C:\Program Files (x86)\VEX Robotics\VEXcode\sdk/vexv5\libv5rt.a(vex_competition.cpp.obj)
                0x038058f4                vex::competition::isEnabled()
 .text._ZN3vex7triport9installedEv
                0x03805908       0x18 C:\Program Files (x86)\VEX Robotics\VEXcode\sdk/vexv5\libv5rt.a(vex_triport.cpp.obj)
                0x03805908                vex::triport::installed()
 .text._ZN3vex7triportD2Ev
                0x03805920       0x38 C:\Program Files (x86)\VEX Robotics\VEXcode\sdk/vexv5\libv5rt.a(vex_triport.cpp.obj)
                0x03805920                vex::triport::~triport()
                0x03805920                vex::triport::~triport()
 .text._ZN3vex7triport4portC2ElPS0_
                0x03805958       0x90 C:\Program Files (x86)\VEX Robotics\VEXcode\sdk/vexv5\libv5rt.a(vex_triport.cpp.obj)
                0x03805958                vex::triport::port::port(long, vex::triport*)
                0x03805958                vex::triport::port::port(long, vex::triport*)
 .text._ZN3vex7triportC2El
                0x038059e8       0xf0 C:\Program Files (x86)\VEX Robotics\VEXcode\sdk/vexv5\libv5rt.a(vex_triport.cpp.obj)
                0x038059e8                vex::triport::triport(long)
                0x038059e8                vex::triport::triport(long)
 .text._ZN3vex7triport4port4typeENS_11triportTypeE
                0x03805ad8       0x34 C:\Program Files (x86)\VEX Robotics\VEXcode\sdk/vexv5\libv5rt.a(vex_triport.cpp.obj)
                0x03805ad8                vex::triport::port::type(vex::triportType)
 .text._ZN3vex7triport4port4typeEv
                0x03805b0c       0x38 C:\Program Files (x86)\VEX Robotics\VEXcode\sdk/vexv5\libv5rt.a(vex_triport.cpp.obj)
                0x03805b0c                vex::triport::port::type()
 .text._ZN3vex7triport4port5valueEv
                0x03805b44       0x14 C:\Program Files (x86)\VEX Robotics\VEXcode\sdk/vexv5\libv5rt.a(vex_triport.cpp.obj)
                0x03805b44                vex::triport::port::value()
 .text._ZN3vex7triport4port5valueEl
                0x03805b58       0x18 C:\Program Files (x86)\VEX Robotics\VEXcode\sdk/vexv5\libv5rt.a(vex_triport.cpp.obj)
                0x03805b58                vex::triport::port::value(long)
 .text._ZN3vex7triport4port11setRotationEdNS_13rotationUnitsE
                0x03805b70       0x50 C:\Program Files (x86)\VEX Robotics\VEXcode\sdk/vexv5\libv5rt.a(vex_triport.cpp.obj)
                0x03805b70                vex::triport::port::setRotation(double, vex::rotationUnits)
 .text._ZN3vex7triport4port13resetRotationEv
                0x03805bc0       0x20 C:\Program Files (x86)\VEX Robotics\VEXcode\sdk/vexv5\libv5rt.a(vex_triport.cpp.obj)
                0x03805bc0                vex::triport::port::resetRotation()
 .text._ZN3vex7triport4port8rotationENS_13rotationUnitsE
                0x03805be0       0x40 C:\Program Files (x86)\VEX Robotics\VEXcode\sdk/vexv5\libv5rt.a(vex_triport.cpp.obj)
                0x03805be0                vex::triport::port::rotation(vex::rotationUnits)
 .text._ZN3vex7triport4port14_convertAnalogENS_11analogUnitsE
                0x03805c20       0x58 C:\Program Files (x86)\VEX Robotics\VEXcode\sdk/vexv5\libv5rt.a(vex_triport.cpp.obj)
                0x03805c20                vex::triport::port::_convertAnalog(vex::analogUnits)
 .text._ZN3vex11__trideviceC2ERNS_7triport4portENS_11triportTypeE
                0x03805c78       0x5c C:\Program Files (x86)\VEX Robotics\VEXcode\sdk/vexv5\libv5rt.a(vex_triport.cpp.obj)
                0x03805c78                vex::__tridevice::__tridevice(vex::triport::port&, vex::triportType)
                0x03805c78                vex::__tridevice::__tridevice(vex::triport::port&, vex::triportType)
 .text._ZN3vex11__tridevice14_convertAnalogENS_11analogUnitsE
                0x03805cd4        0x8 C:\Program Files (x86)\VEX Robotics\VEXcode\sdk/vexv5\libv5rt.a(vex_triport.cpp.obj)
                0x03805cd4                vex::__tridevice::_convertAnalog(vex::analogUnits)
 .text._ZN3vex3potC2ERNS_7triport4portE
                0x03805cdc       0x20 C:\Program Files (x86)\VEX Robotics\VEXcode\sdk/vexv5\libv5rt.a(vex_triport.cpp.obj)
                0x03805cdc                vex::pot::pot(vex::triport::port&)
                0x03805cdc                vex::pot::pot(vex::triport::port&)
 .text._ZN3vex3potD2Ev
                0x03805cfc        0x4 C:\Program Files (x86)\VEX Robotics\VEXcode\sdk/vexv5\libv5rt.a(vex_triport.cpp.obj)
                0x03805cfc                vex::pot::~pot()
                0x03805cfc                vex::pot::~pot()
 .text._ZN3vex3pot5valueENS_11analogUnitsE
                0x03805d00        0x4 C:\Program Files (x86)\VEX Robotics\VEXcode\sdk/vexv5\libv5rt.a(vex_triport.cpp.obj)
                0x03805d00                vex::pot::value(vex::analogUnits)
 .text._ZN3vex7encoderC2ERNS_7triport4portE
                0x03805d04       0x20 C:\Program Files (x86)\VEX Robotics\VEXcode\sdk/vexv5\libv5rt.a(vex_triport.cpp.obj)
                0x03805d04                vex::encoder::encoder(vex::triport::port&)
                0x03805d04                vex::encoder::encoder(vex::triport::port&)
 .text._ZN3vex7encoderD2Ev
                0x03805d24        0x4 C:\Program Files (x86)\VEX Robotics\VEXcode\sdk/vexv5\libv5rt.a(vex_triport.cpp.obj)
                0x03805d24                vex::encoder::~encoder()
                0x03805d24                vex::encoder::~encoder()
 .text._ZN3vex7encoder13resetRotationEv
                0x03805d28        0x8 C:\Program Files (x86)\VEX Robotics\VEXcode\sdk/vexv5\libv5rt.a(vex_triport.cpp.obj)
                0x03805d28                vex::encoder::resetRotation()
 .text._ZN3vex7encoder8rotationENS_13rotationUnitsE
                0x03805d30        0x8 C:\Program Files (x86)\VEX Robotics\VEXcode\sdk/vexv5\libv5rt.a(vex_triport.cpp.obj)
                0x03805d30                vex::encoder::rotation(vex::rotationUnits)
 .text.startup._GLOBAL__sub_I__ZN3vex7triportC2El
                0x03805d38       0x30 C:\Program Files (x86)\VEX Robotics\VEXcode\sdk/vexv5\libv5rt.a(vex_triport.cpp.obj)
 .text._ZN3vex5colorD2Ev
                0x03805d68        0x4 C:\Program Files (x86)\VEX Robotics\VEXcode\sdk/vexv5\libv5rt.a(vex_color.cpp.obj)
                0x03805d68                vex::color::~color()
                0x03805d68                vex::color::~color()
 .text._ZN3vex5colorC2Ev
                0x03805d6c       0x10 C:\Program Files (x86)\VEX Robotics\VEXcode\sdk/vexv5\libv5rt.a(vex_color.cpp.obj)
                0x03805d6c                vex::color::color()
                0x03805d6c                vex::color::color()
 .text._ZNK3vex5colorcvmEv
                0x03805d7c        0x8 C:\Program Files (x86)\VEX Robotics\VEXcode\sdk/vexv5\libv5rt.a(vex_color.cpp.obj)
                0x03805d7c                vex::color::operator unsigned long() const
 .text._ZNK3vex5color13isTransparentEv
                0x03805d84        0x8 C:\Program Files (x86)\VEX Robotics\VEXcode\sdk/vexv5\libv5rt.a(vex_color.cpp.obj)
                0x03805d84                vex::color::isTransparent() const
 .text.startup._GLOBAL__sub_I__ZN3vex5color5blackE
                0x03805d8c      0x164 C:\Program Files (x86)\VEX Robotics\VEXcode\sdk/vexv5\libv5rt.a(vex_color.cpp.obj)
 .text._ZN3vex5timerD2Ev
                0x03805ef0        0x4 C:\Program Files (x86)\VEX Robotics\VEXcode\sdk/vexv5\libv5rt.a(vex_timer.cpp.obj)
                0x03805ef0                vex::timer::~timer()
                0x03805ef0                vex::timer::~timer()
 .text._ZN3vex5timer5clearEv
                0x03805ef4       0x1c C:\Program Files (x86)\VEX Robotics\VEXcode\sdk/vexv5\libv5rt.a(vex_timer.cpp.obj)
                0x03805ef4                vex::timer::clear()
 .text._ZN3vex5timerC2Ev
                0x03805f10       0x14 C:\Program Files (x86)\VEX Robotics\VEXcode\sdk/vexv5\libv5rt.a(vex_timer.cpp.obj)
                0x03805f10                vex::timer::timer()
                0x03805f10                vex::timer::timer()
 .text.vexAdiPortConfigSet
                0x03805f24       0x28 C:\Program Files (x86)\VEX Robotics\VEXcode\sdk/vexv5\libv5rt.a(v5_apiuser.c.obj)
                0x03805f24                vexAdiPortConfigSet
 .text.vexAdiPortConfigGet
                0x03805f4c       0x28 C:\Program Files (x86)\VEX Robotics\VEXcode\sdk/vexv5\libv5rt.a(v5_apiuser.c.obj)
                0x03805f4c                vexAdiPortConfigGet
 .text.vexAdiValueSet
                0x03805f74       0x28 C:\Program Files (x86)\VEX Robotics\VEXcode\sdk/vexv5\libv5rt.a(v5_apiuser.c.obj)
                0x03805f74                vexAdiValueSet
 .text.vexAdiValueGet
                0x03805f9c       0x20 C:\Program Files (x86)\VEX Robotics\VEXcode\sdk/vexv5\libv5rt.a(v5_apiuser.c.obj)
                0x03805f9c                vexAdiValueGet
 .text.vexMotorVelocitySet
                0x03805fbc       0x20 C:\Program Files (x86)\VEX Robotics\VEXcode\sdk/vexv5\libv5rt.a(v5_apiuser.c.obj)
                0x03805fbc                vexMotorVelocitySet
 .text.vexMotorActualVelocityGet
                0x03805fdc       0x24 C:\Program Files (x86)\VEX Robotics\VEXcode\sdk/vexv5\libv5rt.a(v5_apiuser.c.obj)
                0x03805fdc                vexMotorActualVelocityGet
 .text.vexMotorReverseFlagSet
                0x03806000       0x20 C:\Program Files (x86)\VEX Robotics\VEXcode\sdk/vexv5\libv5rt.a(v5_apiuser.c.obj)
                0x03806000                vexMotorReverseFlagSet
 .text.vexMotorEncoderUnitsSet
                0x03806020       0x20 C:\Program Files (x86)\VEX Robotics\VEXcode\sdk/vexv5\libv5rt.a(v5_apiuser.c.obj)
                0x03806020                vexMotorEncoderUnitsSet
 .text.vexMotorBrakeModeSet
                0x03806040       0x20 C:\Program Files (x86)\VEX Robotics\VEXcode\sdk/vexv5\libv5rt.a(v5_apiuser.c.obj)
                0x03806040                vexMotorBrakeModeSet
 .text.vexMotorPositionSet
                0x03806060       0x28 C:\Program Files (x86)\VEX Robotics\VEXcode\sdk/vexv5\libv5rt.a(v5_apiuser.c.obj)
                0x03806060                vexMotorPositionSet
 .text.vexMotorPositionGet
                0x03806088       0x24 C:\Program Files (x86)\VEX Robotics\VEXcode\sdk/vexv5\libv5rt.a(v5_apiuser.c.obj)
                0x03806088                vexMotorPositionGet
 .text.vexMotorGearingSet
                0x038060ac       0x20 C:\Program Files (x86)\VEX Robotics\VEXcode\sdk/vexv5\libv5rt.a(v5_apiuser.c.obj)
                0x038060ac                vexMotorGearingSet
 .text.vexMotorGearingGet
                0x038060cc       0x18 C:\Program Files (x86)\VEX Robotics\VEXcode\sdk/vexv5\libv5rt.a(v5_apiuser.c.obj)
                0x038060cc                vexMotorGearingGet
 .text.vexEventMaskSet
                0x038060e4       0x28 C:\Program Files (x86)\VEX Robotics\VEXcode\sdk/vexv5\libv5rt.a(v5_apiuser.c.obj)
                0x038060e4                vexEventMaskSet
 .text.vexEventMaskGet
                0x0380610c       0x18 C:\Program Files (x86)\VEX Robotics\VEXcode\sdk/vexv5\libv5rt.a(v5_apiuser.c.obj)
                0x0380610c                vexEventMaskGet
 .text._ZN3vex6device5valueEv
                0x03806124        0x8 C:\Program Files (x86)\VEX Robotics\VEXcode\sdk/vexv5\libv5rt.a(vex_device.cpp.obj)
                0x03806124                vex::device::value()
 .text._ZN3vex6deviceD2Ev
                0x0380612c        0x4 C:\Program Files (x86)\VEX Robotics\VEXcode\sdk/vexv5\libv5rt.a(vex_device.cpp.obj)
                0x0380612c                vex::device::~device()
                0x0380612c                vex::device::~device()
 .text._ZN3vex6device4initEl
                0x03806130       0x30 C:\Program Files (x86)\VEX Robotics\VEXcode\sdk/vexv5\libv5rt.a(vex_device.cpp.obj)
                0x03806130                vex::device::init(long)
 .text._ZN3vex6deviceC2El
                0x03806160       0x20 C:\Program Files (x86)\VEX Robotics\VEXcode\sdk/vexv5\libv5rt.a(vex_device.cpp.obj)
                0x03806160                vex::device::device(long)
                0x03806160                vex::device::device(long)
 .text._ZN3vex6device4typeEv
                0x03806180       0x10 C:\Program Files (x86)\VEX Robotics\VEXcode\sdk/vexv5\libv5rt.a(vex_device.cpp.obj)
                0x03806180                vex::device::type()
 .text._ZN3vex6device9installedEv
                0x03806190       0x14 C:\Program Files (x86)\VEX Robotics\VEXcode\sdk/vexv5\libv5rt.a(vex_device.cpp.obj)
                0x03806190                vex::device::installed()
 .text._ZN3vex4taskC2EPFivE
                0x038061a4       0x54 C:\Program Files (x86)\VEX Robotics\VEXcode\sdk/vexv5\libv5rt.a(vex_task.cpp.obj)
                0x038061a4                vex::task::task(int (*)())
                0x038061a4                vex::task::task(int (*)())
 .text._ZN3vex4taskD2Ev
                0x038061f8        0x4 C:\Program Files (x86)\VEX Robotics\VEXcode\sdk/vexv5\libv5rt.a(vex_task.cpp.obj)
                0x038061f8                vex::task::~task()
                0x038061f8                vex::task::~task()
 .text._ZN3vex4task4stopEPFivE
                0x038061fc        0xc C:\Program Files (x86)\VEX Robotics\VEXcode\sdk/vexv5\libv5rt.a(vex_task.cpp.obj)
                0x038061fc                vex::task::stop(int (*)())
 .text._ZN3vex4task6_indexEPFivE
                0x03806208       0x14 C:\Program Files (x86)\VEX Robotics\VEXcode\sdk/vexv5\libv5rt.a(vex_task.cpp.obj)
                0x03806208                vex::task::_index(int (*)())
 .text._ZN3vex4task8_stopAllEv
                0x0380621c       0x3c C:\Program Files (x86)\VEX Robotics\VEXcode\sdk/vexv5\libv5rt.a(vex_task.cpp.obj)
                0x0380621c                vex::task::_stopAll()
 .text.__libc_fini_array
                0x03806258       0x30 C:\Program Files (x86)\VEX Robotics\VEXcode\sdk/vexv5/gcc/libs\libc.a(lib_a-fini.o)
                0x03806258                __libc_fini_array
 .text.__libc_init_array
                0x03806288       0x58 C:\Program Files (x86)\VEX Robotics\VEXcode\sdk/vexv5/gcc/libs\libc.a(lib_a-init.o)
                0x03806288                __libc_init_array
 .text.tolower  0x038062e0       0x1c C:\Program Files (x86)\VEX Robotics\VEXcode\sdk/vexv5/gcc/libs\libc.a(lib_a-tolower.o)
                0x038062e0                tolower
 *fill*         0x038062fc        0x4 
 .text.tolower.__stub
                0x03806300       0x18 linker stubs
 *(.gnu.linkonce.t.*)
 *(.plt)
 *(.gnu_warning)
 *(.gcc_except_table)
 *(.glue_7)
 .glue_7        0x00000000        0x0 linker stubs
 *(.glue_7t)
 .glue_7t       0x00000000        0x0 linker stubs
 *(.vfp11_veneer)
 .vfp11_veneer  0x00000000        0x0 linker stubs
 *(.ARM.extab)
 *(.gnu.linkonce.armextab.*)

.v4_bx          0x03806318        0x0
 .v4_bx         0x00000000        0x0 linker stubs

.iplt           0x03806318        0x0
 .iplt          0x00000000        0x0 build/src/main.o

.init
 *(.init)

.fini
 *(.fini)

.rodata         0x03806318      0x249
                0x03806318                __rodata_start = .
 *(.rodata)
 *(.rodata.*)
 .rodata.str1.1
                0x03806318       0x56 build/src/main.o
 .rodata.str1.1
                0x0380636e       0x2e C:\Program Files (x86)\VEX Robotics\VEXcode\sdk/vexv5\libv5rt.a(v5_startup.c.obj)
 .rodata._ZN3vex6PORT22E
                0x0380639c        0x4 C:\Program Files (x86)\VEX Robotics\VEXcode\sdk/vexv5\libv5rt.a(vex_global.cpp.obj)
                0x0380639c                vex::PORT22
 .rodata._ZN3vex6PORT11E
                0x038063a0        0x4 C:\Program Files (x86)\VEX Robotics\VEXcode\sdk/vexv5\libv5rt.a(vex_global.cpp.obj)
                0x038063a0                vex::PORT11
 .rodata._ZN3vex6PORT12E
                0x038063a4        0x4 C:\Program Files (x86)\VEX Robotics\VEXcode\sdk/vexv5\libv5rt.a(vex_global.cpp.obj)
                0x038063a4                vex::PORT12
 .rodata._ZN3vex6PORT15E
                0x038063a8        0x4 C:\Program Files (x86)\VEX Robotics\VEXcode\sdk/vexv5\libv5rt.a(vex_global.cpp.obj)
                0x038063a8                vex::PORT15
 .rodata._ZN3vex6PORT17E
                0x038063ac        0x4 C:\Program Files (x86)\VEX Robotics\VEXcode\sdk/vexv5\libv5rt.a(vex_global.cpp.obj)
                0x038063ac                vex::PORT17
 .rodata._ZN3vex6PORT19E
                0x038063b0        0x4 C:\Program Files (x86)\VEX Robotics\VEXcode\sdk/vexv5\libv5rt.a(vex_global.cpp.obj)
                0x038063b0                vex::PORT19
 .rodata._ZN3vex6PORT14E
                0x038063b4        0x4 C:\Program Files (x86)\VEX Robotics\VEXcode\sdk/vexv5\libv5rt.a(vex_global.cpp.obj)
                0x038063b4                vex::PORT14
 .rodata._ZN3vex6PORT16E
                0x038063b8        0x4 C:\Program Files (x86)\VEX Robotics\VEXcode\sdk/vexv5\libv5rt.a(vex_global.cpp.obj)
                0x038063b8                vex::PORT16
 .rodata._ZN3vex6PORT20E
                0x038063bc        0x4 C:\Program Files (x86)\VEX Robotics\VEXcode\sdk/vexv5\libv5rt.a(vex_global.cpp.obj)
                0x038063bc                vex::PORT20
 .rodata._ZTVN3vex5motorE
                0x038063c0       0x10 C:\Program Files (x86)\VEX Robotics\VEXcode\sdk/vexv5\libv5rt.a(vex_motor.cpp.obj)
                0x038063c0                vtable for vex::motor
 .rodata.CSWTCH.15
                0x038063d0        0xb C:\Program Files (x86)\VEX Robotics\VEXcode\sdk/vexv5\libv5rt.a(vex_controller.cpp.obj)
 .rodata.CSWTCH.17
                0x038063db        0xb C:\Program Files (x86)\VEX Robotics\VEXcode\sdk/vexv5\libv5rt.a(vex_controller.cpp.obj)
 .rodata.CSWTCH.23
                0x038063e6        0x3 C:\Program Files (x86)\VEX Robotics\VEXcode\sdk/vexv5\libv5rt.a(vex_controller.cpp.obj)
 .rodata.str1.1
                0x038063e9        0xa C:\Program Files (x86)\VEX Robotics\VEXcode\sdk/vexv5\libv5rt.a(vex_thread.cpp.obj)
 .rodata.str1.1
                0x038063f3       0x1a C:\Program Files (x86)\VEX Robotics\VEXcode\sdk/vexv5\libv5rt.a(vex_brain.cpp.obj)
 *fill*         0x0380640d        0x3 
 .rodata._ZTVN3vex7triportE
                0x03806410       0x10 C:\Program Files (x86)\VEX Robotics\VEXcode\sdk/vexv5\libv5rt.a(vex_triport.cpp.obj)
                0x03806410                vtable for vex::triport
 .rodata.CSWTCH.30
                0x03806420       0x10 C:\Program Files (x86)\VEX Robotics\VEXcode\sdk/vexv5\libv5rt.a(vex_triport.cpp.obj)
 .rodata.CSWTCH.25
                0x03806430        0xe C:\Program Files (x86)\VEX Robotics\VEXcode\sdk/vexv5\libv5rt.a(vex_triport.cpp.obj)
 *fill*         0x0380643e        0x2 
 .rodata._ZTVN3vex6deviceE
                0x03806440       0x10 C:\Program Files (x86)\VEX Robotics\VEXcode\sdk/vexv5\libv5rt.a(vex_device.cpp.obj)
                0x03806440                vtable for vex::device
 .rodata.str1.1
                0x03806450        0xa C:\Program Files (x86)\VEX Robotics\VEXcode\sdk/vexv5\libv5rt.a(vex_task.cpp.obj)
 *fill*         0x0380645a        0x2 
 .rodata.str1.4
                0x0380645c        0x4 C:\Program Files (x86)\VEX Robotics\VEXcode\sdk/vexv5/gcc/libs\libc.a(lib_a-impure.o)
                                  0x2 (size before relaxing)
 .rodata._ctype_
                0x03806460      0x101 C:\Program Files (x86)\VEX Robotics\VEXcode\sdk/vexv5/gcc/libs\libc.a(lib_a-ctype_.o)
                0x03806460                _ctype_
 *(.gnu.linkonce.r.*)
                0x03806561                __rodata_end = .

.rodata1        0x03806561        0x0
                0x03806561                __rodata1_start = .
 *(.rodata1)
 *(.rodata1.*)
                0x03806561                __rodata1_end = .

.sdata2         0x03806561        0x0
                0x03806561                __sdata2_start = .
 *(.sdata2)
 *(.sdata2.*)
 *(.gnu.linkonce.s2.*)
                0x03806561                __sdata2_end = .

.sbss2          0x03806561        0x0
                0x03806561                __sbss2_start = .
 *(.sbss2)
 *(.sbss2.*)
 *(.gnu.linkonce.sb2.*)
                0x03806561                __sbss2_end = .

.data           0x03806568      0x438
                0x03806568                __data_start = .
 *(.data)
 *(.data.*)
 .data.appRunning
                0x03806568        0x4 C:\Program Files (x86)\VEX Robotics\VEXcode\sdk/vexv5\libv5rt.a(v5_startup.c.obj)
                0x03806568                appRunning
 .data.__yoff   0x0380656c        0x4 C:\Program Files (x86)\VEX Robotics\VEXcode\sdk/vexv5\libv5rt.a(v5_apijump.c.obj)
 .data.impure_data
                0x03806570      0x428 C:\Program Files (x86)\VEX Robotics\VEXcode\sdk/vexv5/gcc/libs\libc.a(lib_a-impure.o)
 .data._impure_ptr
                0x03806998        0x4 C:\Program Files (x86)\VEX Robotics\VEXcode\sdk/vexv5/gcc/libs\libc.a(lib_a-impure.o)
                0x03806998                _impure_ptr
 .data.__ctype_ptr__
                0x0380699c        0x4 C:\Program Files (x86)\VEX Robotics\VEXcode\sdk/vexv5/gcc/libs\libc.a(lib_a-ctype_.o)
                0x0380699c                __ctype_ptr__
 *(.gnu.linkonce.d.*)
 *(.jcr)
 *(.got)
 *(.got.plt)
                0x038069a0                __data_end = .

.igot.plt       0x038069a0        0x0
 .igot.plt      0x00000000        0x0 build/src/main.o

.data1          0x038069a0        0x0
                0x038069a0                __data1_start = .
 *(.data1)
 *(.data1.*)
                0x038069a0                __data1_end = .

.got
 *(.got)

.ctors          0x038069a0        0x0
                0x038069a0                __CTOR_LIST__ = .
                0x038069a0                ___CTORS_LIST___ = .
 *crtbegin.o(.ctors)
 *(EXCLUDE_FILE(*crtend.o) .ctors)
 *(SORT(.ctors.*))
 *(.ctors)
                0x038069a0                __CTOR_END__ = .
                0x038069a0                ___CTORS_END___ = .

.dtors          0x038069a0        0x0
                0x038069a0                __DTOR_LIST__ = .
                0x038069a0                ___DTORS_LIST___ = .
 *crtbegin.o(.dtors)
 *(EXCLUDE_FILE(*crtend.o) .dtors)
 *(SORT(.dtors.*))
 *(.dtors)
                0x038069a0                __DTOR_END__ = .
                0x038069a0                ___DTORS_END___ = .

.fixup          0x038069a0        0x0
                0x038069a0                __fixup_start = .
 *(.fixup)
                0x038069a0                __fixup_end = .

.eh_frame
 *(.eh_frame)

.eh_framehdr    0x038069a0        0x0
                0x038069a0                __eh_framehdr_start = .
 *(.eh_framehdr)
                0x038069a0                __eh_framehdr_end = .

.gcc_except_table
 *(.gcc_except_table)

.mmu_tbl        0x03808000        0x0
                0x03808000                __mmu_tbl_start = .
 *(.mmu_tbl)
                0x03808000                __mmu_tbl_end = .

.ARM.exidx      0x038069a0        0x8
                0x038069a0                __exidx_start = .
 *(.ARM.exidx*)
 .ARM.exidx.text._Z6pickUpiif
                0x038069a0        0x8 build/src/main.o
 .ARM.exidx.text._Z8trackPosv
                0x038069a8        0x0 build/src/main.o
                                  0x8 (size before relaxing)
 .ARM.exidx.text._ZN5drive10trackAngleEv
                0x038069a8        0x0 build/src/main.o
                                  0x8 (size before relaxing)
 .ARM.exidx.text._Z12driveControlv
                0x038069a8        0x0 build/src/main.o
                                  0x8 (size before relaxing)
 .ARM.exidx.text._ZN3PID14getOutputPowerEif
                0x038069a8        0x0 build/src/main.o
                                  0x8 (size before relaxing)
 .ARM.exidx.text._ZN5drive10move_driveEii
                0x038069a8        0x0 build/src/main.o
                                  0x8 (size before relaxing)
 .ARM.exidx.text._Z13ArmPosControlv
                0x038069a8        0x0 build/src/main.o
                                  0x8 (size before relaxing)
 .ARM.exidx.text._Z13swivelControlv
                0x038069a8        0x0 build/src/main.o
                                  0x8 (size before relaxing)
 .ARM.exidx.text._Z13intakeControlv
                0x038069a8        0x0 build/src/main.o
                                  0x8 (size before relaxing)
 .ARM.exidx.text._Z9pre_autonv
                0x038069a8        0x0 build/src/main.o
                                  0x8 (size before relaxing)
 .ARM.exidx.text._ZN5drive5resetEv
                0x038069a8        0x0 build/src/main.o
                                  0x8 (size before relaxing)
 .ARM.exidx.text._ZN6intake5resetEv
                0x038069a8        0x0 build/src/main.o
                                  0x8 (size before relaxing)
 .ARM.exidx.text._ZN6buttonC2EiiiibN3vex5colorE
                0x038069a8        0x0 build/src/main.o
                                  0x8 (size before relaxing)
 .ARM.exidx.text._ZN6button6updateEv
                0x038069a8        0x0 build/src/main.o
                                  0x8 (size before relaxing)
 .ARM.exidx.text._Z10autonomousv
                0x038069a8        0x0 build/src/main.o
                                  0x8 (size before relaxing)
 .ARM.exidx.text._Z11usercontrolv
                0x038069a8        0x0 build/src/main.o
                                  0x8 (size before relaxing)
 .ARM.exidx.text.main
                0x038069a8        0x0 build/src/main.o
                                  0x8 (size before relaxing)
 .ARM.exidx.text._GLOBAL__sub_I_main.cpp
                0x038069a8        0x0 build/src/main.o
                                  0x8 (size before relaxing)
 *(.gnu.linkonce.armexidix.*.*)
                0x038069a8                __exidx_end = .

.rel.dyn        0x038069a8        0x0
 .rel.iplt      0x00000000        0x0 build/src/main.o

.preinit_array  0x038069a8        0x0
                0x038069a8                __preinit_array_start = .
 *(SORT(.preinit_array.*))
 *(.preinit_array)
                0x038069a8                __preinit_array_end = .

.init_array     0x038069a8       0x10
                0x038069a8                __init_array_start = .
 *(SORT(.init_array.*))
 *(.init_array)
 .init_array    0x038069a8        0x4 build/src/main.o
 .init_array    0x038069ac        0x4 C:\Program Files (x86)\VEX Robotics\VEXcode\sdk/vexv5\libv5rt.a(vex_motor.cpp.obj)
 .init_array    0x038069b0        0x4 C:\Program Files (x86)\VEX Robotics\VEXcode\sdk/vexv5\libv5rt.a(vex_triport.cpp.obj)
 .init_array    0x038069b4        0x4 C:\Program Files (x86)\VEX Robotics\VEXcode\sdk/vexv5\libv5rt.a(vex_color.cpp.obj)
                0x038069b8                __init_array_end = .

.fini_array     0x038069b8        0x0
                0x038069b8                __fini_array_start = .
 *(SORT(.fini_array.*))
 *(.fini_array)
                0x038069b8                __fini_array_end = .

.ARM.attributes
                0x038069b8       0x3c
                0x038069b8                __ARM.attributes_start = .
 *(.ARM.attributes)
 .ARM.attributes
                0x038069b8       0x3a build/src/main.o
 .ARM.attributes
                0x038069f2       0x35 C:\Program Files (x86)\VEX Robotics\VEXcode\sdk/vexv5\libv5rt.a(v5_startup.c.obj)
 .ARM.attributes
                0x03806a27       0x35 C:\Program Files (x86)\VEX Robotics\VEXcode\sdk/vexv5\libv5rt.a(v5_util.c.obj)
 .ARM.attributes
                0x03806a5c       0x35 C:\Program Files (x86)\VEX Robotics\VEXcode\sdk/vexv5\libv5rt.a(v5_apijump.c.obj)
 .ARM.attributes
                0x03806a91       0x35 C:\Program Files (x86)\VEX Robotics\VEXcode\sdk/vexv5\libv5rt.a(v5_apiversions.c.obj)
 .ARM.attributes
                0x03806ac6       0x35 C:\Program Files (x86)\VEX Robotics\VEXcode\sdk/vexv5\libv5rt.a(vex_global.cpp.obj)
 .ARM.attributes
                0x03806afb       0x35 C:\Program Files (x86)\VEX Robotics\VEXcode\sdk/vexv5\libv5rt.a(vex_motor.cpp.obj)
 .ARM.attributes
                0x03806b30       0x35 C:\Program Files (x86)\VEX Robotics\VEXcode\sdk/vexv5\libv5rt.a(vex_controller.cpp.obj)
 .ARM.attributes
                0x03806b65       0x35 C:\Program Files (x86)\VEX Robotics\VEXcode\sdk/vexv5\libv5rt.a(vex_thread.cpp.obj)
 .ARM.attributes
                0x03806b9a       0x35 C:\Program Files (x86)\VEX Robotics\VEXcode\sdk/vexv5\libv5rt.a(vex_event.cpp.obj)
 .ARM.attributes
                0x03806bcf       0x35 C:\Program Files (x86)\VEX Robotics\VEXcode\sdk/vexv5\libv5rt.a(vex_mevent.cpp.obj)
 .ARM.attributes
                0x03806c04       0x35 C:\Program Files (x86)\VEX Robotics\VEXcode\sdk/vexv5\libv5rt.a(vex_brain.cpp.obj)
 .ARM.attributes
                0x03806c39       0x35 C:\Program Files (x86)\VEX Robotics\VEXcode\sdk/vexv5\libv5rt.a(vex_competition.cpp.obj)
 .ARM.attributes
                0x03806c6e       0x35 C:\Program Files (x86)\VEX Robotics\VEXcode\sdk/vexv5\libv5rt.a(vex_triport.cpp.obj)
 .ARM.attributes
                0x03806ca3       0x35 C:\Program Files (x86)\VEX Robotics\VEXcode\sdk/vexv5\libv5rt.a(vex_color.cpp.obj)
 .ARM.attributes
                0x03806cd8       0x35 C:\Program Files (x86)\VEX Robotics\VEXcode\sdk/vexv5\libv5rt.a(vex_timer.cpp.obj)
 .ARM.attributes
                0x03806d0d       0x35 C:\Program Files (x86)\VEX Robotics\VEXcode\sdk/vexv5\libv5rt.a(v5_apiuser.c.obj)
 .ARM.attributes
                0x03806d42       0x35 C:\Program Files (x86)\VEX Robotics\VEXcode\sdk/vexv5\libv5rt.a(vex_device.cpp.obj)
 .ARM.attributes
                0x03806d77       0x35 C:\Program Files (x86)\VEX Robotics\VEXcode\sdk/vexv5\libv5rt.a(vex_task.cpp.obj)
 .ARM.attributes
                0x03806dac       0x2b C:\Program Files (x86)\VEX Robotics\VEXcode\sdk/vexv5/gcc/libs\libc.a(lib_a-fini.o)
 .ARM.attributes
                0x03806dd7       0x2b C:\Program Files (x86)\VEX Robotics\VEXcode\sdk/vexv5/gcc/libs\libc.a(lib_a-impure.o)
 .ARM.attributes
                0x03806e02       0x2b C:\Program Files (x86)\VEX Robotics\VEXcode\sdk/vexv5/gcc/libs\libc.a(lib_a-init.o)
 .ARM.attributes
                0x03806e2d       0x2b C:\Program Files (x86)\VEX Robotics\VEXcode\sdk/vexv5/gcc/libs\libc.a(lib_a-tolower.o)
 .ARM.attributes
                0x03806e58       0x2b C:\Program Files (x86)\VEX Robotics\VEXcode\sdk/vexv5/gcc/libs\libc.a(lib_a-ctype_.o)
                0x03806e83                __ARM.attributes_end = .

.sdata          0x038069b8        0x0
                0x038069b8                __sdata_start = .
 *(.sdata)
 *(.sdata.*)
 *(.gnu.linkonce.s.*)
                0x038069b8                __sdata_end = .

.sbss           0x038069b8        0x0
                0x038069b8                __sbss_start = .
 *(.sbss)
 *(.sbss.*)
 *(.gnu.linkonce.sb.*)
                0x038069b8                __sbss_end = .

.tdata          0x038069b8        0x0
                0x038069b8                __tdata_start = .
 *(.tdata)
 *(.tdata.*)
 *(.gnu.linkonce.td.*)
                0x038069b8                __tdata_end = .

.tbss           0x038069b8        0x0
                0x038069b8                __tbss_start = .
 *(.tbss)
 *(.tbss.*)
 *(.gnu.linkonce.tb.*)
                0x038069b8                __tbss_end = .

.bss            0x038069b8      0x848
                0x038069b8                __bss_start = .
 *(.bss)
 *(.bss.*)
 .bss.Competition
                0x038069b8       0x28 build/src/main.o
                0x038069b8                Competition
 .bss.Brain     0x038069e0      0x2e0 build/src/main.o
                0x038069e0                Brain
 .bss.RgtDrive  0x03806cc0       0x28 build/src/main.o
                0x03806cc0                RgtDrive
 .bss.LftDrive  0x03806ce8       0x28 build/src/main.o
                0x03806ce8                LftDrive
 .bss.MidDrive  0x03806d10       0x28 build/src/main.o
                0x03806d10                MidDrive
 .bss.RgtArm    0x03806d38       0x28 build/src/main.o
                0x03806d38                RgtArm
 .bss.LftArm    0x03806d60       0x28 build/src/main.o
                0x03806d60                LftArm
 .bss.swivel    0x03806d88       0x28 build/src/main.o
                0x03806d88                swivel
 .bss.RgtRoller
                0x03806db0       0x28 build/src/main.o
                0x03806db0                RgtRoller
 .bss.LftRoller
                0x03806dd8       0x28 build/src/main.o
                0x03806dd8                LftRoller
 .bss.arm_pot   0x03806e00       0x1c build/src/main.o
                0x03806e00                arm_pot
 .bss.rgtEnc    0x03806e1c       0x1c build/src/main.o
                0x03806e1c                rgtEnc
 .bss.lftEnc    0x03806e38       0x1c build/src/main.o
                0x03806e38                lftEnc
 .bss.bckEnc    0x03806e54       0x1c build/src/main.o
                0x03806e54                bckEnc
 .bss.Joystick  0x03806e70      0x1e0 build/src/main.o
                0x03806e70                Joystick
 .bss.Drive     0x03807050       0xb4 build/src/main.o
                0x03807050                Drive
 .bss.Arm       0x03807104       0x28 build/src/main.o
                0x03807104                Arm
 .bss.Intake    0x0380712c       0x34 build/src/main.o
                0x0380712c                Intake
 .bss.autoOptions
                0x03807160        0x4 build/src/main.o
                0x03807160                autoOptions
 .bss.DriveControl
                0x03807164        0x4 build/src/main.o
                0x03807164                DriveControl
 .bss.ArmControl
                0x03807168        0x4 build/src/main.o
                0x03807168                ArmControl
 .bss.SwivelControl
                0x0380716c        0x4 build/src/main.o
                0x0380716c                SwivelControl
 .bss.IntakeControl
                0x03807170        0x4 build/src/main.o
                0x03807170                IntakeControl
 .bss.PosTracker
                0x03807174        0x4 build/src/main.o
                0x03807174                PosTracker
 .bss.__dso_handle
                0x03807178        0x4 C:\Program Files (x86)\VEX Robotics\VEXcode\sdk/vexv5\libv5rt.a(v5_startup.c.obj)
                0x03807178                __dso_handle
 .bss._ZStL8__ioinit
                0x0380717c        0x1 C:\Program Files (x86)\VEX Robotics\VEXcode\sdk/vexv5\libv5rt.a(vex_motor.cpp.obj)
 *fill*         0x0380717d        0x3 
 .bss._ZN3vex6thread8_labelIdE
                0x03807180        0x4 C:\Program Files (x86)\VEX Robotics\VEXcode\sdk/vexv5\libv5rt.a(vex_thread.cpp.obj)
                0x03807180                vex::thread::_labelId
 .bss._ZN3vex11competition22bStopTasksBetweenModesE
                0x03807184        0x1 C:\Program Files (x86)\VEX Robotics\VEXcode\sdk/vexv5\libv5rt.a(vex_competition.cpp.obj)
                0x03807184                vex::competition::bStopTasksBetweenModes
 .bss._ZN3vex11competition25bStopAllTasksBetweenModesE
                0x03807185        0x1 C:\Program Files (x86)\VEX Robotics\VEXcode\sdk/vexv5\libv5rt.a(vex_competition.cpp.obj)
                0x03807185                vex::competition::bStopAllTasksBetweenModes
 .bss._ZN3vex11competition14_auton_pendingE
                0x03807186        0x1 C:\Program Files (x86)\VEX Robotics\VEXcode\sdk/vexv5\libv5rt.a(vex_competition.cpp.obj)
                0x03807186                vex::competition::_auton_pending
 *fill*         0x03807187        0x1 
 .bss._ZN3vex11competition20_autonomous_callbackE
                0x03807188        0x4 C:\Program Files (x86)\VEX Robotics\VEXcode\sdk/vexv5\libv5rt.a(vex_competition.cpp.obj)
                0x03807188                vex::competition::_autonomous_callback
 .bss._ZN3vex11competition23_drivercontrol_callbackE
                0x0380718c        0x4 C:\Program Files (x86)\VEX Robotics\VEXcode\sdk/vexv5\libv5rt.a(vex_competition.cpp.obj)
                0x0380718c                vex::competition::_drivercontrol_callback
 .bss._ZN3vex11competition15_driver_pendingE
                0x03807190        0x1 C:\Program Files (x86)\VEX Robotics\VEXcode\sdk/vexv5\libv5rt.a(vex_competition.cpp.obj)
                0x03807190                vex::competition::_driver_pending
 .bss._ZStL8__ioinit
                0x03807191        0x1 C:\Program Files (x86)\VEX Robotics\VEXcode\sdk/vexv5\libv5rt.a(vex_triport.cpp.obj)
 *fill*         0x03807192        0x2 
 .bss._ZN3vex5color6orangeE
                0x03807194        0x8 C:\Program Files (x86)\VEX Robotics\VEXcode\sdk/vexv5\libv5rt.a(vex_color.cpp.obj)
                0x03807194                vex::color::orange
 .bss._ZN3vex5color5blackE
                0x0380719c        0x8 C:\Program Files (x86)\VEX Robotics\VEXcode\sdk/vexv5\libv5rt.a(vex_color.cpp.obj)
                0x0380719c                vex::color::black
 .bss._ZN3vex5color6yellowE
                0x038071a4        0x8 C:\Program Files (x86)\VEX Robotics\VEXcode\sdk/vexv5\libv5rt.a(vex_color.cpp.obj)
                0x038071a4                vex::color::yellow
 .bss._ZN3vex5color5greenE
                0x038071ac        0x8 C:\Program Files (x86)\VEX Robotics\VEXcode\sdk/vexv5\libv5rt.a(vex_color.cpp.obj)
                0x038071ac                vex::color::green
 .bss._ZN3vex5color6purpleE
                0x038071b4        0x8 C:\Program Files (x86)\VEX Robotics\VEXcode\sdk/vexv5\libv5rt.a(vex_color.cpp.obj)
                0x038071b4                vex::color::purple
 .bss._ZN3vex5color4cyanE
                0x038071bc        0x8 C:\Program Files (x86)\VEX Robotics\VEXcode\sdk/vexv5\libv5rt.a(vex_color.cpp.obj)
                0x038071bc                vex::color::cyan
 .bss._ZN3vex5color4blueE
                0x038071c4        0x8 C:\Program Files (x86)\VEX Robotics\VEXcode\sdk/vexv5\libv5rt.a(vex_color.cpp.obj)
                0x038071c4                vex::color::blue
 .bss._ZN3vex5color3redE
                0x038071cc        0x8 C:\Program Files (x86)\VEX Robotics\VEXcode\sdk/vexv5\libv5rt.a(vex_color.cpp.obj)
                0x038071cc                vex::color::red
 .bss._ZN3vex5color11transparentE
                0x038071d4        0x8 C:\Program Files (x86)\VEX Robotics\VEXcode\sdk/vexv5\libv5rt.a(vex_color.cpp.obj)
                0x038071d4                vex::color::transparent
 .bss._ZN3vex5color5whiteE
                0x038071dc        0x8 C:\Program Files (x86)\VEX Robotics\VEXcode\sdk/vexv5\libv5rt.a(vex_color.cpp.obj)
                0x038071dc                vex::color::white
 .bss._ZN3vex4task8_labelIdE
                0x038071e4        0x4 C:\Program Files (x86)\VEX Robotics\VEXcode\sdk/vexv5\libv5rt.a(vex_task.cpp.obj)
                0x038071e4                vex::task::_labelId
 *(.gnu.linkonce.b.*)
 *(COMMON)
 COMMON         0x038071e8       0x18 C:\Program Files (x86)\VEX Robotics\VEXcode\sdk/vexv5\libv5rt.a(v5_startup.c.obj)
                0x038071ec                __vex_critical_section
                0x03807200                __bss_end = .
                0x038069b8                _SDA_BASE_ = (__sdata_start + ((__sbss_end - __sdata_start) / 0x2))
                0x03806561                _SDA2_BASE_ = (__sdata2_start + ((__sbss2_end - __sdata2_start) / 0x2))

.heap           0x03807200   0x100000
                0x03807200                . = ALIGN (0x10)
 *fill*         0x03807200        0x0 
                0x03807200                _heap = .
                0x03807200                HeapBase = .
                0x03807200                _heap_start = .
                0x03907200                . = (. + _HEAP_SIZE)
 *fill*         0x03807200   0x100000 
                0x03907200                _heap_end = .
                0x03907200                HeapLimit = .

.stack          0x03907200     0x3800
                0x03907200                . = ALIGN (0x10)
                0x03907200                _stack_end = .
                0x03909200                . = (. + _STACK_SIZE)
 *fill*         0x03907200     0x2000 
                0x03909200                . = ALIGN (0x10)
                0x03909200                _stack = .
                0x03909200                __stack = _stack
                0x03909200                . = ALIGN (0x10)
                0x03909200                _irq_stack_end = .
                0x03909600                . = (. + _IRQ_STACK_SIZE)
 *fill*         0x03909200      0x400 
                0x03909600                . = ALIGN (0x10)
                0x03909600                __irq_stack = .
                0x03909600                _supervisor_stack_end = .
                0x03909e00                . = (. + _SUPERVISOR_STACK_SIZE)
 *fill*         0x03909600      0x800 
                0x03909e00                . = ALIGN (0x10)
                0x03909e00                __supervisor_stack = .
                0x03909e00                _abort_stack_end = .
                0x0390a200                . = (. + _ABORT_STACK_SIZE)
 *fill*         0x03909e00      0x400 
                0x0390a200                . = ALIGN (0x10)
                0x0390a200                __abort_stack = .
                0x0390a200                _fiq_stack_end = .
                0x0390a600                . = (. + _FIQ_STACK_SIZE)
 *fill*         0x0390a200      0x400 
                0x0390a600                . = ALIGN (0x10)
                0x0390a600                __fiq_stack = .
                0x0390a600                _undef_stack_end = .
                0x0390aa00                . = (. + _UNDEF_STACK_SIZE)
 *fill*         0x0390a600      0x400 
                0x0390aa00                . = ALIGN (0x10)
                0x0390aa00                __undef_stack = .
                0x0390aa00                _end = .
LOAD C:\Program Files (x86)\VEX Robotics\VEXcode\sdk/vexv5/stdlib_0.lib
LOAD build/src/main.o
START GROUP
LOAD C:\Program Files (x86)\VEX Robotics\VEXcode\sdk/vexv5\libv5rt.a
LOAD C:\Program Files (x86)\VEX Robotics\VEXcode\sdk/vexv5/gcc/libs\libstdc++.a
LOAD C:\Program Files (x86)\VEX Robotics\VEXcode\sdk/vexv5/gcc/libs\libc.a
LOAD C:\Program Files (x86)\VEX Robotics\VEXcode\sdk/vexv5/gcc/libs\libm.a
LOAD C:\Program Files (x86)\VEX Robotics\VEXcode\sdk/vexv5/gcc/libs\libgcc.a
END GROUP
OUTPUT(build/BT_TwTo_09.elf elf32-littlearm)

.comment        0x00000000       0x9d
 .comment       0x00000000       0x2d build/src/main.o
                                 0x2e (size before relaxing)
 .comment       0x0000002d       0x70 C:\Program Files (x86)\VEX Robotics\VEXcode\sdk/vexv5\libv5rt.a(v5_startup.c.obj)
                                 0x71 (size before relaxing)
 .comment       0x00000000       0x71 C:\Program Files (x86)\VEX Robotics\VEXcode\sdk/vexv5\libv5rt.a(v5_util.c.obj)
 .comment       0x00000000       0x71 C:\Program Files (x86)\VEX Robotics\VEXcode\sdk/vexv5\libv5rt.a(v5_apijump.c.obj)
 .comment       0x00000000       0x71 C:\Program Files (x86)\VEX Robotics\VEXcode\sdk/vexv5\libv5rt.a(v5_apiversions.c.obj)
 .comment       0x00000000       0x71 C:\Program Files (x86)\VEX Robotics\VEXcode\sdk/vexv5\libv5rt.a(vex_global.cpp.obj)
 .comment       0x00000000       0x71 C:\Program Files (x86)\VEX Robotics\VEXcode\sdk/vexv5\libv5rt.a(vex_motor.cpp.obj)
 .comment       0x00000000       0x71 C:\Program Files (x86)\VEX Robotics\VEXcode\sdk/vexv5\libv5rt.a(vex_controller.cpp.obj)
 .comment       0x00000000       0x71 C:\Program Files (x86)\VEX Robotics\VEXcode\sdk/vexv5\libv5rt.a(vex_thread.cpp.obj)
 .comment       0x00000000       0x71 C:\Program Files (x86)\VEX Robotics\VEXcode\sdk/vexv5\libv5rt.a(vex_event.cpp.obj)
 .comment       0x00000000       0x71 C:\Program Files (x86)\VEX Robotics\VEXcode\sdk/vexv5\libv5rt.a(vex_mevent.cpp.obj)
 .comment       0x00000000       0x71 C:\Program Files (x86)\VEX Robotics\VEXcode\sdk/vexv5\libv5rt.a(vex_brain.cpp.obj)
 .comment       0x00000000       0x71 C:\Program Files (x86)\VEX Robotics\VEXcode\sdk/vexv5\libv5rt.a(vex_competition.cpp.obj)
 .comment       0x00000000       0x71 C:\Program Files (x86)\VEX Robotics\VEXcode\sdk/vexv5\libv5rt.a(vex_triport.cpp.obj)
 .comment       0x00000000       0x71 C:\Program Files (x86)\VEX Robotics\VEXcode\sdk/vexv5\libv5rt.a(vex_color.cpp.obj)
 .comment       0x00000000       0x71 C:\Program Files (x86)\VEX Robotics\VEXcode\sdk/vexv5\libv5rt.a(vex_timer.cpp.obj)
 .comment       0x00000000       0x71 C:\Program Files (x86)\VEX Robotics\VEXcode\sdk/vexv5\libv5rt.a(v5_apiuser.c.obj)
 .comment       0x00000000       0x71 C:\Program Files (x86)\VEX Robotics\VEXcode\sdk/vexv5\libv5rt.a(vex_device.cpp.obj)
 .comment       0x00000000       0x71 C:\Program Files (x86)\VEX Robotics\VEXcode\sdk/vexv5\libv5rt.a(vex_task.cpp.obj)

.note.GNU-stack
                0x00000000        0x0
 .note.GNU-stack
                0x00000000        0x0 build/src/main.o

.debug_frame    0x00000000       0x80
 .debug_frame   0x00000000       0x34 C:\Program Files (x86)\VEX Robotics\VEXcode\sdk/vexv5/gcc/libs\libc.a(lib_a-fini.o)
 .debug_frame   0x00000034       0x2c C:\Program Files (x86)\VEX Robotics\VEXcode\sdk/vexv5/gcc/libs\libc.a(lib_a-init.o)
 .debug_frame   0x00000060       0x20 C:\Program Files (x86)\VEX Robotics\VEXcode\sdk/vexv5/gcc/libs\libc.a(lib_a-tolower.o)
