Archive member included because of file (symbol)

C:\Program Files (x86)\VEX Robotics\VEXcode V5 Text\sdk/vexv5\libv5rt.a(v5_startup.c.obj)
                              (vexStartup)
C:\Program Files (x86)\VEX Robotics\VEXcode V5 Text\sdk/vexv5\libv5rt.a(v5_util.c.obj)
                              C:\Program Files (x86)\VEX Robotics\VEXcode V5 Text\sdk/vexv5\libv5rt.a(v5_startup.c.obj) (vexStdlibVersionLinked)
C:\Program Files (x86)\VEX Robotics\VEXcode V5 Text\sdk/vexv5\libv5rt.a(v5_apijump.c.obj)
                              C:\Program Files (x86)\VEX Robotics\VEXcode V5 Text\sdk/vexv5\libv5rt.a(v5_startup.c.obj) (vexPrivateApiEnable)
C:\Program Files (x86)\VEX Robotics\VEXcode V5 Text\sdk/vexv5\libv5rt.a(v5_apiversions.c.obj)
                              C:\Program Files (x86)\VEX Robotics\VEXcode V5 Text\sdk/vexv5\libv5rt.a(v5_apijump.c.obj) (vexSystemVersion)
C:\Program Files (x86)\VEX Robotics\VEXcode V5 Text\sdk/vexv5\libv5rt.a(vex_global.cpp.obj)
                              build/src/robot-config.o (vex::ratio18_1)
C:\Program Files (x86)\VEX Robotics\VEXcode V5 Text\sdk/vexv5\libv5rt.a(vex_motor.cpp.obj)
                              build/src/main.o (vex::motor::installed())
C:\Program Files (x86)\VEX Robotics\VEXcode V5 Text\sdk/vexv5\libv5rt.a(vex_controller.cpp.obj)
                              build/src/robot-config.o (vex::controller::~controller())
C:\Program Files (x86)\VEX Robotics\VEXcode V5 Text\sdk/vexv5\libv5rt.a(vex_task.cpp.obj)
                              build/src/main.o (vex::task::task())
C:\Program Files (x86)\VEX Robotics\VEXcode V5 Text\sdk/vexv5\libv5rt.a(vex_thread.cpp.obj)
                              build/src/main.o (vex::this_thread::sleep_for(unsigned long))
C:\Program Files (x86)\VEX Robotics\VEXcode V5 Text\sdk/vexv5\libv5rt.a(vex_event.cpp.obj)
                              C:\Program Files (x86)\VEX Robotics\VEXcode V5 Text\sdk/vexv5\libv5rt.a(vex_controller.cpp.obj) (vex::event::init(unsigned long, unsigned long, void (*)()))
C:\Program Files (x86)\VEX Robotics\VEXcode V5 Text\sdk/vexv5\libv5rt.a(vex_mevent.cpp.obj)
                              C:\Program Files (x86)\VEX Robotics\VEXcode V5 Text\sdk/vexv5\libv5rt.a(vex_controller.cpp.obj) (vex::mevent::mevent(unsigned long, unsigned long))
C:\Program Files (x86)\VEX Robotics\VEXcode V5 Text\sdk/vexv5\libv5rt.a(vex_brain.cpp.obj)
                              build/src/robot-config.o (vex::brain::~brain())
C:\Program Files (x86)\VEX Robotics\VEXcode V5 Text\sdk/vexv5\libv5rt.a(vex_competition.cpp.obj)
                              build/src/main.o (vex::competition::competition())
C:\Program Files (x86)\VEX Robotics\VEXcode V5 Text\sdk/vexv5\libv5rt.a(vex_triport.cpp.obj)
                              C:\Program Files (x86)\VEX Robotics\VEXcode V5 Text\sdk/vexv5\libv5rt.a(vex_brain.cpp.obj) (vex::triport::~triport())
C:\Program Files (x86)\VEX Robotics\VEXcode V5 Text\sdk/vexv5\libv5rt.a(vex_color.cpp.obj)
                              build/src/main.o (vex::color::~color())
C:\Program Files (x86)\VEX Robotics\VEXcode V5 Text\sdk/vexv5\libv5rt.a(vex_timer.cpp.obj)
                              C:\Program Files (x86)\VEX Robotics\VEXcode V5 Text\sdk/vexv5\libv5rt.a(vex_brain.cpp.obj) (vex::timer::~timer())
C:\Program Files (x86)\VEX Robotics\VEXcode V5 Text\sdk/vexv5\libv5rt.a(v5_apiuser.c.obj)
                              C:\Program Files (x86)\VEX Robotics\VEXcode V5 Text\sdk/vexv5\libv5rt.a(vex_triport.cpp.obj) (vexAdiPortConfigSet)
C:\Program Files (x86)\VEX Robotics\VEXcode V5 Text\sdk/vexv5\libv5rt.a(vex_device.cpp.obj)
                              C:\Program Files (x86)\VEX Robotics\VEXcode V5 Text\sdk/vexv5\libv5rt.a(vex_triport.cpp.obj) (vex::device::value())
C:\Program Files (x86)\VEX Robotics\VEXcode V5 Text\sdk/vexv5/gcc/libs\libc.a(lib_a-fini.o)
                              C:\Program Files (x86)\VEX Robotics\VEXcode V5 Text\sdk/vexv5\libv5rt.a(v5_startup.c.obj) (__libc_fini_array)
C:\Program Files (x86)\VEX Robotics\VEXcode V5 Text\sdk/vexv5/gcc/libs\libc.a(lib_a-impure.o)
                              C:\Program Files (x86)\VEX Robotics\VEXcode V5 Text\sdk/vexv5\libv5rt.a(v5_startup.c.obj) (_impure_ptr)
C:\Program Files (x86)\VEX Robotics\VEXcode V5 Text\sdk/vexv5/gcc/libs\libc.a(lib_a-init.o)
                              C:\Program Files (x86)\VEX Robotics\VEXcode V5 Text\sdk/vexv5\libv5rt.a(v5_startup.c.obj) (__libc_init_array)
C:\Program Files (x86)\VEX Robotics\VEXcode V5 Text\sdk/vexv5/gcc/libs\libc.a(lib_a-tolower.o)
                              C:\Program Files (x86)\VEX Robotics\VEXcode V5 Text\sdk/vexv5\libv5rt.a(vex_brain.cpp.obj) (tolower)
C:\Program Files (x86)\VEX Robotics\VEXcode V5 Text\sdk/vexv5/gcc/libs\libc.a(lib_a-ctype_.o)
                              C:\Program Files (x86)\VEX Robotics\VEXcode V5 Text\sdk/vexv5/gcc/libs\libc.a(lib_a-tolower.o) (__ctype_ptr__)

Allocating common symbols
Common symbol       size              file

[...]
Memory Configuration

Name             Origin             Length             Attributes
ps7_ddr_0_S_AXI_BASEADDR 0x03800000         0x04800000
*default*        0x00000000         0xffffffff

Linker script and memory map

                0x00002000                _STACK_SIZE = DEFINED (_STACK_SIZE)?_STACK_SIZE:0x2000
                0x00100000                _HEAP_SIZE = DEFINED (_HEAP_SIZE)?_HEAP_SIZE:0x100000
                0x00000400                _ABORT_STACK_SIZE = DEFINED (_ABORT_STACK_SIZE)?_ABORT_STACK_SIZE:0x400
                0x00000800                _SUPERVISOR_STACK_SIZE = DEFINED (_SUPERVISOR_STACK_SIZE)?_SUPERVISOR_STACK_SIZE:0x800
                0x00000400                _IRQ_STACK_SIZE = DEFINED (_IRQ_STACK_SIZE)?_IRQ_STACK_SIZE:0x400
                0x00000400                _FIQ_STACK_SIZE = DEFINED (_FIQ_STACK_SIZE)?_FIQ_STACK_SIZE:0x400
                0x00000400                _UNDEF_STACK_SIZE = DEFINED (_UNDEF_STACK_SIZE)?_UNDEF_STACK_SIZE:0x400

.text           0x03800000     0x8b78
 *(.vectors)
 *(.boot_data)
 .boot_data     0x03800000       0x20 C:\Program Files (x86)\VEX Robotics\VEXcode V5 Text\sdk/vexv5\libv5rt.a(v5_startup.c.obj)
                0x03800000                vexCodeSig
                0x00000020                . = 0x20
 *(.boot)
 .boot          0x03800020       0xbc C:\Program Files (x86)\VEX Robotics\VEXcode V5 Text\sdk/vexv5\libv5rt.a(v5_startup.c.obj)
                0x03800020                vexStartup
                0x03800100                . = ALIGN (0x40)
 *fill*         0x038000dc       0x24 
 *(.freertos_vectors)
 *(.text)
 *(.text.*)
 .text._Z8setDriveifffb
                0x03800100      0x1dc build/src/main.o
                0x03800100                setDrive(int, float, float, float, bool)
 .text._ZN9PCHSdrive5resetEv
                0x038002dc       0x50 build/src/main.o
                0x038002dc                PCHSdrive::reset()
 .text._Z9waitDrivei
                0x0380032c       0x8c build/src/main.o
                0x0380032c                waitDrive(int)
 .text._Z12waitDriveNewii
                0x038003b8       0x94 build/src/main.o
                0x038003b8                waitDriveNew(int, int)
 *fill*         0x0380044c        0x4 
 .text._Z12driveControlv
                0x03800450      0x14c build/src/main.o
                0x03800450                driveControl()
 .text._ZN9PCHSdrive8trackPosEv
                0x0380059c       0xe8 build/src/main.o
                0x0380059c                PCHSdrive::trackPos()
 .text._ZN3PID14getOutputPowerEif
                0x03800684       0xac build/src/main.o
                0x03800684                PID::getOutputPower(int, float)
 .text._ZN9PCHSdrive20getRobotDistTraveledEb
                0x03800730       0xd4 build/src/main.o
                0x03800730                PCHSdrive::getRobotDistTraveled(bool)
 .text._ZN9PCHSdrive10move_driveEii
                0x03800804      0x100 build/src/main.o
                0x03800804                PCHSdrive::move_drive(int, int)
 .text._Z13ArmPosControlv
                0x03800904      0x100 build/src/main.o
                0x03800904                ArmPosControl()
 .text._Z13swivelControlv
                0x03800a04       0x80 build/src/main.o
                0x03800a04                swivelControl()
 .text._Z13intakeControlv
                0x03800a84      0x15c build/src/main.o
                0x03800a84                intakeControl()
 .text._Z13opControlMacsv
                0x03800be0       0xac build/src/main.o
                0x03800be0                opControlMacs()
 .text._ZN9PCHSdrive14checkInstalledEv
                0x03800c8c       0x4c build/src/main.o
                0x03800c8c                PCHSdrive::checkInstalled()
 .text._ZN6intake14checkInstalledEv
                0x03800cd8       0x4c build/src/main.o
                0x03800cd8                intake::checkInstalled()
 *fill*         0x03800d24        0x4 
 .text._Z9pre_autonv
                0x03800d28      0x6f0 build/src/main.o
                0x03800d28                pre_auton()
 .text._ZN9PCHSdrive9fullResetEv
                0x03801418       0x78 build/src/main.o
                0x03801418                PCHSdrive::fullReset()
 .text._ZN6button6updateEv
                0x03801490      0x1c8 build/src/main.o
                0x03801490                button::update()
 .text._Z10autonomousv
                0x03801658     0x3b7c build/src/main.o
                0x03801658                autonomous()
 *fill*         0x038051d4        0x4 
 .text._Z11usercontrolv
                0x038051d8      0x598 build/src/main.o
                0x038051d8                usercontrol()
 .text.main     0x03805770       0x44 build/src/main.o
                0x03805770                main
 *fill*         0x038057b4        0x4 
 .text._GLOBAL__sub_I_main.cpp
                0x038057b8      0x1d0 build/src/main.o
 .text._Z11vexcodeInitv
                0x03805988        0x4 build/src/robot-config.o
                0x03805988                vexcodeInit()
 .text._GLOBAL__sub_I_robot_config.cpp
                0x0380598c      0x2c0 build/src/robot-config.o
 .text.vexMain  0x03805c4c       0xb0 C:\Program Files (x86)\VEX Robotics\VEXcode V5 Text\sdk/vexv5\libv5rt.a(v5_startup.c.obj)
                0x03805c4c                vexMain
 .text.__vex_function_prolog
                0x03805cfc       0x18 C:\Program Files (x86)\VEX Robotics\VEXcode V5 Text\sdk/vexv5\libv5rt.a(v5_startup.c.obj)
                0x03805cfc                __vex_function_prolog
 .text._init    0x03805d14        0x4 C:\Program Files (x86)\VEX Robotics\VEXcode V5 Text\sdk/vexv5\libv5rt.a(v5_startup.c.obj)
                0x03805d14                _init
 .text._fini    0x03805d18        0x4 C:\Program Files (x86)\VEX Robotics\VEXcode V5 Text\sdk/vexv5\libv5rt.a(v5_startup.c.obj)
                0x03805d18                _fini
 .text.vexStdlibVersionLinked
                0x03805d1c        0xc C:\Program Files (x86)\VEX Robotics\VEXcode V5 Text\sdk/vexv5\libv5rt.a(v5_util.c.obj)
                0x03805d1c                vexStdlibVersionLinked
 .text.vexStdlibVersionVerify
                0x03805d28       0x30 C:\Program Files (x86)\VEX Robotics\VEXcode V5 Text\sdk/vexv5\libv5rt.a(v5_util.c.obj)
                0x03805d28                vexStdlibVersionVerify
 .text.vexPrivateApiEnable
                0x03805d58       0x10 C:\Program Files (x86)\VEX Robotics\VEXcode V5 Text\sdk/vexv5\libv5rt.a(v5_apijump.c.obj)
                0x03805d58                vexPrivateApiEnable
 .text.vexStdlibMismatchError
                0x03805d68       0x3c C:\Program Files (x86)\VEX Robotics\VEXcode V5 Text\sdk/vexv5\libv5rt.a(v5_apijump.c.obj)
                0x03805d68                vexStdlibMismatchError
 .text.vexScratchMemoryPtr
                0x03805da4       0x30 C:\Program Files (x86)\VEX Robotics\VEXcode V5 Text\sdk/vexv5\libv5rt.a(v5_apijump.c.obj)
                0x03805da4                vexScratchMemoryPtr
 .text.vexTaskAdd
                0x03805dd4       0x10 C:\Program Files (x86)\VEX Robotics\VEXcode V5 Text\sdk/vexv5\libv5rt.a(v5_apijump.c.obj)
                0x03805dd4                vexTaskAdd
 .text.vexTaskStop
                0x03805de4       0x10 C:\Program Files (x86)\VEX Robotics\VEXcode V5 Text\sdk/vexv5\libv5rt.a(v5_apijump.c.obj)
                0x03805de4                vexTaskStop
 .text.vexTasksRun
                0x03805df4       0x10 C:\Program Files (x86)\VEX Robotics\VEXcode V5 Text\sdk/vexv5\libv5rt.a(v5_apijump.c.obj)
                0x03805df4                vexTasksRun
 .text.vexTaskYield
                0x03805e04       0x10 C:\Program Files (x86)\VEX Robotics\VEXcode V5 Text\sdk/vexv5\libv5rt.a(v5_apijump.c.obj)
                0x03805e04                vexTaskYield
 .text.vexTaskCheckTimeslice
                0x03805e14       0x10 C:\Program Files (x86)\VEX Robotics\VEXcode V5 Text\sdk/vexv5\libv5rt.a(v5_apijump.c.obj)
                0x03805e14                vexTaskCheckTimeslice
 .text.vexTaskGetIndex
                0x03805e24       0x10 C:\Program Files (x86)\VEX Robotics\VEXcode V5 Text\sdk/vexv5\libv5rt.a(v5_apijump.c.obj)
                0x03805e24                vexTaskGetIndex
 .text.vexTaskSleep
                0x03805e34       0x10 C:\Program Files (x86)\VEX Robotics\VEXcode V5 Text\sdk/vexv5\libv5rt.a(v5_apijump.c.obj)
                0x03805e34                vexTaskSleep
 .text.vexTasksDump
                0x03805e44       0x1c C:\Program Files (x86)\VEX Robotics\VEXcode V5 Text\sdk/vexv5\libv5rt.a(v5_apijump.c.obj)
                0x03805e44                vexTasksDump
 .text.vexTaskGetCallback
                0x03805e60       0x10 C:\Program Files (x86)\VEX Robotics\VEXcode V5 Text\sdk/vexv5\libv5rt.a(v5_apijump.c.obj)
                0x03805e60                vexTaskGetCallback
 .text.vexTaskGetTaskIndex
                0x03805e70       0x10 C:\Program Files (x86)\VEX Robotics\VEXcode V5 Text\sdk/vexv5\libv5rt.a(v5_apijump.c.obj)
                0x03805e70                vexTaskGetTaskIndex
 .text.vexTaskStopAll
                0x03805e80       0x10 C:\Program Files (x86)\VEX Robotics\VEXcode V5 Text\sdk/vexv5\libv5rt.a(v5_apijump.c.obj)
                0x03805e80                vexTaskStopAll
 .text.vexTaskRemoveAllUser
                0x03805e90       0x34 C:\Program Files (x86)\VEX Robotics\VEXcode V5 Text\sdk/vexv5\libv5rt.a(v5_apijump.c.obj)
                0x03805e90                vexTaskRemoveAllUser
 .text.vexTaskCompletionIdSet
                0x03805ec4       0x10 C:\Program Files (x86)\VEX Robotics\VEXcode V5 Text\sdk/vexv5\libv5rt.a(v5_apijump.c.obj)
                0x03805ec4                vexTaskCompletionIdSet
 .text.vexCriticalSection
                0x03805ed4       0x2c C:\Program Files (x86)\VEX Robotics\VEXcode V5 Text\sdk/vexv5\libv5rt.a(v5_apijump.c.obj)
                0x03805ed4                vexCriticalSection
 .text.vexEventAdd
                0x03805f00       0x34 C:\Program Files (x86)\VEX Robotics\VEXcode V5 Text\sdk/vexv5\libv5rt.a(v5_apijump.c.obj)
                0x03805f00                vexEventAdd
 .text.vexEventUserIndexGet
                0x03805f34       0x1c C:\Program Files (x86)\VEX Robotics\VEXcode V5 Text\sdk/vexv5\libv5rt.a(v5_apijump.c.obj)
                0x03805f34                vexEventUserIndexGet
 .text.vexEventAddWithArg
                0x03805f50       0x3c C:\Program Files (x86)\VEX Robotics\VEXcode V5 Text\sdk/vexv5\libv5rt.a(v5_apijump.c.obj)
                0x03805f50                vexEventAddWithArg
 .text.vexEventsCleanup
                0x03805f8c       0x2c C:\Program Files (x86)\VEX Robotics\VEXcode V5 Text\sdk/vexv5\libv5rt.a(v5_apijump.c.obj)
                0x03805f8c                vexEventsCleanup
 .text.vexDebug
                0x03805fb8       0x38 C:\Program Files (x86)\VEX Robotics\VEXcode V5 Text\sdk/vexv5\libv5rt.a(v5_apijump.c.obj)
                0x03805fb8                vexDebug
 .text.vex_sprintf
                0x03805ff0       0x40 C:\Program Files (x86)\VEX Robotics\VEXcode V5 Text\sdk/vexv5\libv5rt.a(v5_apijump.c.obj)
                0x03805ff0                vex_sprintf
 .text.vex_vsnprintf
                0x03806030       0x3c C:\Program Files (x86)\VEX Robotics\VEXcode V5 Text\sdk/vexv5\libv5rt.a(v5_apijump.c.obj)
                0x03806030                vex_vsnprintf
 .text.vexSystemTimeGet
                0x0380606c       0x1c C:\Program Files (x86)\VEX Robotics\VEXcode V5 Text\sdk/vexv5\libv5rt.a(v5_apijump.c.obj)
                0x0380606c                vexSystemTimeGet
 .text.vexSystemExitRequest
                0x03806088       0x1c C:\Program Files (x86)\VEX Robotics\VEXcode V5 Text\sdk/vexv5\libv5rt.a(v5_apijump.c.obj)
                0x03806088                vexSystemExitRequest
 .text.vexDeviceGetByIndex
                0x038060a4       0x24 C:\Program Files (x86)\VEX Robotics\VEXcode V5 Text\sdk/vexv5\libv5rt.a(v5_apijump.c.obj)
                0x038060a4                vexDeviceGetByIndex
 .text.vexControllerGet
                0x038060c8       0x2c C:\Program Files (x86)\VEX Robotics\VEXcode V5 Text\sdk/vexv5\libv5rt.a(v5_apijump.c.obj)
                0x038060c8                vexControllerGet
 .text.vexControllerTextSet
                0x038060f4       0x74 C:\Program Files (x86)\VEX Robotics\VEXcode V5 Text\sdk/vexv5\libv5rt.a(v5_apijump.c.obj)
                0x038060f4                vexControllerTextSet
 .text.vexDeviceAdiPortConfigSet
                0x03806168       0x34 C:\Program Files (x86)\VEX Robotics\VEXcode V5 Text\sdk/vexv5\libv5rt.a(v5_apijump.c.obj)
                0x03806168                vexDeviceAdiPortConfigSet
 .text.vexDeviceAdiPortConfigGet
                0x0380619c       0x2c C:\Program Files (x86)\VEX Robotics\VEXcode V5 Text\sdk/vexv5\libv5rt.a(v5_apijump.c.obj)
                0x0380619c                vexDeviceAdiPortConfigGet
 .text.vexDeviceAdiValueSet
                0x038061c8       0x34 C:\Program Files (x86)\VEX Robotics\VEXcode V5 Text\sdk/vexv5\libv5rt.a(v5_apijump.c.obj)
                0x038061c8                vexDeviceAdiValueSet
 .text.vexDeviceAdiValueGet
                0x038061fc       0x2c C:\Program Files (x86)\VEX Robotics\VEXcode V5 Text\sdk/vexv5\libv5rt.a(v5_apijump.c.obj)
                0x038061fc                vexDeviceAdiValueGet
 .text.vexDeviceMotorVelocitySet
                0x03806228       0x2c C:\Program Files (x86)\VEX Robotics\VEXcode V5 Text\sdk/vexv5\libv5rt.a(v5_apijump.c.obj)
                0x03806228                vexDeviceMotorVelocitySet
 .text.vexDeviceMotorActualVelocityGet
                0x03806254       0x24 C:\Program Files (x86)\VEX Robotics\VEXcode V5 Text\sdk/vexv5\libv5rt.a(v5_apijump.c.obj)
                0x03806254                vexDeviceMotorActualVelocityGet
 .text.vexDeviceMotorReverseFlagSet
                0x03806278       0x2c C:\Program Files (x86)\VEX Robotics\VEXcode V5 Text\sdk/vexv5\libv5rt.a(v5_apijump.c.obj)
                0x03806278                vexDeviceMotorReverseFlagSet
 .text.vexDeviceMotorEncoderUnitsSet
                0x038062a4       0x2c C:\Program Files (x86)\VEX Robotics\VEXcode V5 Text\sdk/vexv5\libv5rt.a(v5_apijump.c.obj)
                0x038062a4                vexDeviceMotorEncoderUnitsSet
 .text.vexDeviceMotorBrakeModeSet
                0x038062d0       0x2c C:\Program Files (x86)\VEX Robotics\VEXcode V5 Text\sdk/vexv5\libv5rt.a(v5_apijump.c.obj)
                0x038062d0                vexDeviceMotorBrakeModeSet
 .text.vexDeviceMotorPositionSet
                0x038062fc       0x34 C:\Program Files (x86)\VEX Robotics\VEXcode V5 Text\sdk/vexv5\libv5rt.a(v5_apijump.c.obj)
                0x038062fc                vexDeviceMotorPositionSet
 .text.vexDeviceMotorPositionGet
                0x03806330       0x24 C:\Program Files (x86)\VEX Robotics\VEXcode V5 Text\sdk/vexv5\libv5rt.a(v5_apijump.c.obj)
                0x03806330                vexDeviceMotorPositionGet
 .text.vexDeviceMotorGearingSet
                0x03806354       0x2c C:\Program Files (x86)\VEX Robotics\VEXcode V5 Text\sdk/vexv5\libv5rt.a(v5_apijump.c.obj)
                0x03806354                vexDeviceMotorGearingSet
 .text.vexDeviceMotorGearingGet
                0x03806380       0x24 C:\Program Files (x86)\VEX Robotics\VEXcode V5 Text\sdk/vexv5\libv5rt.a(v5_apijump.c.obj)
                0x03806380                vexDeviceMotorGearingGet
 .text.vexDisplayForegroundColor
                0x038063a4       0x24 C:\Program Files (x86)\VEX Robotics\VEXcode V5 Text\sdk/vexv5\libv5rt.a(v5_apijump.c.obj)
                0x038063a4                vexDisplayForegroundColor
 .text.vexDisplayBackgroundColor
                0x038063c8       0x24 C:\Program Files (x86)\VEX Robotics\VEXcode V5 Text\sdk/vexv5\libv5rt.a(v5_apijump.c.obj)
                0x038063c8                vexDisplayBackgroundColor
 .text.vexDisplayBackgroundColorGet
                0x038063ec       0x1c C:\Program Files (x86)\VEX Robotics\VEXcode V5 Text\sdk/vexv5\libv5rt.a(v5_apijump.c.obj)
                0x038063ec                vexDisplayBackgroundColorGet
 .text.vexDisplayCopyRect
                0x03806408       0x5c C:\Program Files (x86)\VEX Robotics\VEXcode V5 Text\sdk/vexv5\libv5rt.a(v5_apijump.c.obj)
                0x03806408                vexDisplayCopyRect
 .text.vexDisplayRectDraw
                0x03806464       0x4c C:\Program Files (x86)\VEX Robotics\VEXcode V5 Text\sdk/vexv5\libv5rt.a(v5_apijump.c.obj)
                0x03806464                vexDisplayRectDraw
 .text.vexDisplayRectClear
                0x038064b0       0x4c C:\Program Files (x86)\VEX Robotics\VEXcode V5 Text\sdk/vexv5\libv5rt.a(v5_apijump.c.obj)
                0x038064b0                vexDisplayRectClear
 .text.vexDisplayCircleDraw
                0x038064fc       0x40 C:\Program Files (x86)\VEX Robotics\VEXcode V5 Text\sdk/vexv5\libv5rt.a(v5_apijump.c.obj)
                0x038064fc                vexDisplayCircleDraw
 .text.vexDisplayCircleClear
                0x0380653c       0x40 C:\Program Files (x86)\VEX Robotics\VEXcode V5 Text\sdk/vexv5\libv5rt.a(v5_apijump.c.obj)
                0x0380653c                vexDisplayCircleClear
 .text.vexDisplayPrintf
                0x0380657c       0x68 C:\Program Files (x86)\VEX Robotics\VEXcode V5 Text\sdk/vexv5\libv5rt.a(v5_apijump.c.obj)
                0x0380657c                vexDisplayPrintf
 .text.vexDisplayTextReference
                0x038065e4       0x24 C:\Program Files (x86)\VEX Robotics\VEXcode V5 Text\sdk/vexv5\libv5rt.a(v5_apijump.c.obj)
                0x038065e4                vexDisplayTextReference
 .text.vexDisplayTextSize
                0x03806608       0x2c C:\Program Files (x86)\VEX Robotics\VEXcode V5 Text\sdk/vexv5\libv5rt.a(v5_apijump.c.obj)
                0x03806608                vexDisplayTextSize
 .text.vexDisplayFontNamedSet
                0x03806634       0x24 C:\Program Files (x86)\VEX Robotics\VEXcode V5 Text\sdk/vexv5\libv5rt.a(v5_apijump.c.obj)
                0x03806634                vexDisplayFontNamedSet
 .text.vexDisplayPenSizeGet
                0x03806658       0x1c C:\Program Files (x86)\VEX Robotics\VEXcode V5 Text\sdk/vexv5\libv5rt.a(v5_apijump.c.obj)
                0x03806658                vexDisplayPenSizeGet
 .text.vexFileOpen
                0x03806674       0x2c C:\Program Files (x86)\VEX Robotics\VEXcode V5 Text\sdk/vexv5\libv5rt.a(v5_apijump.c.obj)
                0x03806674                vexFileOpen
 .text.vexFileClose
                0x038066a0       0x24 C:\Program Files (x86)\VEX Robotics\VEXcode V5 Text\sdk/vexv5\libv5rt.a(v5_apijump.c.obj)
                0x038066a0                vexFileClose
 .text.vexFileRead
                0x038066c4       0x3c C:\Program Files (x86)\VEX Robotics\VEXcode V5 Text\sdk/vexv5\libv5rt.a(v5_apijump.c.obj)
                0x038066c4                vexFileRead
 .text.vexFileSize
                0x03806700       0x24 C:\Program Files (x86)\VEX Robotics\VEXcode V5 Text\sdk/vexv5\libv5rt.a(v5_apijump.c.obj)
                0x03806700                vexFileSize
 .text.vexSystemStdlibImpureDataAddr
                0x03806724       0x28 C:\Program Files (x86)\VEX Robotics\VEXcode V5 Text\sdk/vexv5\libv5rt.a(v5_apijump.c.obj)
                0x03806724                vexSystemStdlibImpureDataAddr
 .text.vexSystemStdlibImpureDataSize
                0x0380674c       0x28 C:\Program Files (x86)\VEX Robotics\VEXcode V5 Text\sdk/vexv5\libv5rt.a(v5_apijump.c.obj)
                0x0380674c                vexSystemStdlibImpureDataSize
 .text.vexSystemSaveUserData
                0x03806774       0x3c C:\Program Files (x86)\VEX Robotics\VEXcode V5 Text\sdk/vexv5\libv5rt.a(v5_apijump.c.obj)
                0x03806774                vexSystemSaveUserData
 .text.vexTouchDataGet
                0x038067b0       0x10 C:\Program Files (x86)\VEX Robotics\VEXcode V5 Text\sdk/vexv5\libv5rt.a(v5_apijump.c.obj)
                0x038067b0                vexTouchDataGet
 .text.vexImageBmpRead
                0x038067c0       0x3c C:\Program Files (x86)\VEX Robotics\VEXcode V5 Text\sdk/vexv5\libv5rt.a(v5_apijump.c.obj)
                0x038067c0                vexImageBmpRead
 .text.vexImagePngRead
                0x038067fc       0x44 C:\Program Files (x86)\VEX Robotics\VEXcode V5 Text\sdk/vexv5\libv5rt.a(v5_apijump.c.obj)
                0x038067fc                vexImagePngRead
 .text.vexDisplayThemeIdGet
                0x03806840       0x38 C:\Program Files (x86)\VEX Robotics\VEXcode V5 Text\sdk/vexv5\libv5rt.a(v5_apijump.c.obj)
                0x03806840                vexDisplayThemeIdGet
 .text.vexDisplayRender
                0x03806878       0x2c C:\Program Files (x86)\VEX Robotics\VEXcode V5 Text\sdk/vexv5\libv5rt.a(v5_apijump.c.obj)
                0x03806878                vexDisplayRender
 .text.vexCompetitionStatus
                0x038068a4       0x1c C:\Program Files (x86)\VEX Robotics\VEXcode V5 Text\sdk/vexv5\libv5rt.a(v5_apijump.c.obj)
                0x038068a4                vexCompetitionStatus
 .text.vexDeviceEventMaskSet
                0x038068c0       0x48 C:\Program Files (x86)\VEX Robotics\VEXcode V5 Text\sdk/vexv5\libv5rt.a(v5_apijump.c.obj)
                0x038068c0                vexDeviceEventMaskSet
 .text.vexDeviceEventMaskGet
                0x03806908       0x3c C:\Program Files (x86)\VEX Robotics\VEXcode V5 Text\sdk/vexv5\libv5rt.a(v5_apijump.c.obj)
                0x03806908                vexDeviceEventMaskGet
 .text.vexSystemVersion
                0x03806944       0x10 C:\Program Files (x86)\VEX Robotics\VEXcode V5 Text\sdk/vexv5\libv5rt.a(v5_apiversions.c.obj)
                0x03806944                vexSystemVersion
 .text.vexStdlibVersion
                0x03806954       0x10 C:\Program Files (x86)\VEX Robotics\VEXcode V5 Text\sdk/vexv5\libv5rt.a(v5_apiversions.c.obj)
                0x03806954                vexStdlibVersion
 .text._ZN3vex5motor9installedEv
                0x03806964       0x18 C:\Program Files (x86)\VEX Robotics\VEXcode V5 Text\sdk/vexv5\libv5rt.a(vex_motor.cpp.obj)
                0x03806964                vex::motor::installed()
 .text._ZN3vex5motorD2Ev
                0x0380697c       0x20 C:\Program Files (x86)\VEX Robotics\VEXcode V5 Text\sdk/vexv5\libv5rt.a(vex_motor.cpp.obj)
                0x0380697c                vex::motor::~motor()
                0x0380697c                vex::motor::~motor()
 .text._ZN3vex5motor15defaultStoppingENS_9brakeTypeE
                0x0380699c       0x30 C:\Program Files (x86)\VEX Robotics\VEXcode V5 Text\sdk/vexv5\libv5rt.a(vex_motor.cpp.obj)
                0x0380699c                vex::motor::defaultStopping(vex::brakeType)
 .text._ZN3vex5motorC2El
                0x038069cc       0x78 C:\Program Files (x86)\VEX Robotics\VEXcode V5 Text\sdk/vexv5\libv5rt.a(vex_motor.cpp.obj)
                0x038069cc                vex::motor::motor(long)
                0x038069cc                vex::motor::motor(long)
 .text._ZN3vex5motorC2ElNS_11gearSettingEb
                0x03806a44       0x34 C:\Program Files (x86)\VEX Robotics\VEXcode V5 Text\sdk/vexv5\libv5rt.a(vex_motor.cpp.obj)
                0x03806a44                vex::motor::motor(long, vex::gearSetting, bool)
                0x03806a44                vex::motor::motor(long, vex::gearSetting, bool)
 .text._ZN3vex5motor4stopENS_9brakeTypeE
                0x03806a78       0x30 C:\Program Files (x86)\VEX Robotics\VEXcode V5 Text\sdk/vexv5\libv5rt.a(vex_motor.cpp.obj)
                0x03806a78                vex::motor::stop(vex::brakeType)
 .text._ZN3vex5motor16velocityToScaledEdNS_13velocityUnitsE
                0x03806aa8       0x5c C:\Program Files (x86)\VEX Robotics\VEXcode V5 Text\sdk/vexv5\libv5rt.a(vex_motor.cpp.obj)
                0x03806aa8                vex::motor::velocityToScaled(double, vex::velocityUnits)
 .text._ZN3vex5motor8velocityENS_13velocityUnitsE
                0x03806b04       0x30 C:\Program Files (x86)\VEX Robotics\VEXcode V5 Text\sdk/vexv5\libv5rt.a(vex_motor.cpp.obj)
                0x03806b04                vex::motor::velocity(vex::velocityUnits)
 .text._ZN3vex5motor5valueEv
                0x03806b34       0x1c C:\Program Files (x86)\VEX Robotics\VEXcode V5 Text\sdk/vexv5\libv5rt.a(vex_motor.cpp.obj)
                0x03806b34                vex::motor::value()
 .text._ZN3vex5motor16scaledToVelocityEdNS_13velocityUnitsE
                0x03806b50       0xa4 C:\Program Files (x86)\VEX Robotics\VEXcode V5 Text\sdk/vexv5\libv5rt.a(vex_motor.cpp.obj)
                0x03806b50                vex::motor::scaledToVelocity(double, vex::velocityUnits)
 .text._ZN3vex5motor4spinENS_13directionTypeEdNS_13velocityUnitsE
                0x03806bf4       0x5c C:\Program Files (x86)\VEX Robotics\VEXcode V5 Text\sdk/vexv5\libv5rt.a(vex_motor.cpp.obj)
                0x03806bf4                vex::motor::spin(vex::directionType, double, vex::velocityUnits)
 .text._ZN3vex5motor16setRotationUnitsENS_13rotationUnitsE
                0x03806c50       0x1c C:\Program Files (x86)\VEX Robotics\VEXcode V5 Text\sdk/vexv5\libv5rt.a(vex_motor.cpp.obj)
                0x03806c50                vex::motor::setRotationUnits(vex::rotationUnits)
 .text._ZN3vex5motor11setRotationEdNS_13rotationUnitsE
                0x03806c6c       0x44 C:\Program Files (x86)\VEX Robotics\VEXcode V5 Text\sdk/vexv5\libv5rt.a(vex_motor.cpp.obj)
                0x03806c6c                vex::motor::setRotation(double, vex::rotationUnits)
 .text._ZN3vex5motor13resetRotationEv
                0x03806cb0       0x20 C:\Program Files (x86)\VEX Robotics\VEXcode V5 Text\sdk/vexv5\libv5rt.a(vex_motor.cpp.obj)
                0x03806cb0                vex::motor::resetRotation()
 .text._ZN3vex5motor8rotationENS_13rotationUnitsE
                0x03806cd0       0x44 C:\Program Files (x86)\VEX Robotics\VEXcode V5 Text\sdk/vexv5\libv5rt.a(vex_motor.cpp.obj)
                0x03806cd0                vex::motor::rotation(vex::rotationUnits)
 .text._ZN3vex10controllerD2Ev
                0x03806d14        0x4 C:\Program Files (x86)\VEX Robotics\VEXcode V5 Text\sdk/vexv5\libv5rt.a(vex_controller.cpp.obj)
                0x03806d14                vex::controller::~controller()
                0x03806d14                vex::controller::~controller()
 .text._ZN3vex10controller5valueE19_V5_ControllerIndex
                0x03806d18        0x8 C:\Program Files (x86)\VEX Robotics\VEXcode V5 Text\sdk/vexv5\libv5rt.a(vex_controller.cpp.obj)
                0x03806d18                vex::controller::value(_V5_ControllerIndex)
 .text._ZN3vex10controller6rumbleEPKc
                0x03806d20       0x4c C:\Program Files (x86)\VEX Robotics\VEXcode V5 Text\sdk/vexv5\libv5rt.a(vex_controller.cpp.obj)
                0x03806d20                vex::controller::rumble(char const*)
 .text._ZN3vex10controller6button8pressingEv
                0x03806d6c       0xc8 C:\Program Files (x86)\VEX Robotics\VEXcode V5 Text\sdk/vexv5\libv5rt.a(vex_controller.cpp.obj)
                0x03806d6c                vex::controller::button::pressing()
 .text._ZN3vex10controller6button21_buttonToPressedEventEv
                0x03806e34       0x20 C:\Program Files (x86)\VEX Robotics\VEXcode V5 Text\sdk/vexv5\libv5rt.a(vex_controller.cpp.obj)
                0x03806e34                vex::controller::button::_buttonToPressedEvent()
 .text._ZN3vex10controller6button22_buttonToReleasedEventEv
                0x03806e54       0x20 C:\Program Files (x86)\VEX Robotics\VEXcode V5 Text\sdk/vexv5\libv5rt.a(vex_controller.cpp.obj)
                0x03806e54                vex::controller::button::_buttonToReleasedEvent()
 .text._ZN3vex10controller6buttonC2ENS0_11tButtonTypeEPS0_
                0x03806e74       0x48 C:\Program Files (x86)\VEX Robotics\VEXcode V5 Text\sdk/vexv5\libv5rt.a(vex_controller.cpp.obj)
                0x03806e74                vex::controller::button::button(vex::controller::tButtonType, vex::controller*)
                0x03806e74                vex::controller::button::button(vex::controller::tButtonType, vex::controller*)
 .text._ZN3vex10controller4axis5valueEv
                0x03806ebc       0x58 C:\Program Files (x86)\VEX Robotics\VEXcode V5 Text\sdk/vexv5\libv5rt.a(vex_controller.cpp.obj)
                0x03806ebc                vex::controller::axis::value()
 .text._ZN3vex10controller4axis23_joystickToChangedEventEv
                0x03806f14       0x20 C:\Program Files (x86)\VEX Robotics\VEXcode V5 Text\sdk/vexv5\libv5rt.a(vex_controller.cpp.obj)
                0x03806f14                vex::controller::axis::_joystickToChangedEvent()
 .text._ZN3vex10controller4axisC2ENS0_9tAxisTypeEPS0_
                0x03806f34       0x2c C:\Program Files (x86)\VEX Robotics\VEXcode V5 Text\sdk/vexv5\libv5rt.a(vex_controller.cpp.obj)
                0x03806f34                vex::controller::axis::axis(vex::controller::tAxisType, vex::controller*)
                0x03806f34                vex::controller::axis::axis(vex::controller::tAxisType, vex::controller*)
 .text._ZN3vex10controllerC2ENS_14controllerTypeE
                0x03806f60      0x204 C:\Program Files (x86)\VEX Robotics\VEXcode V5 Text\sdk/vexv5\libv5rt.a(vex_controller.cpp.obj)
                0x03806f60                vex::controller::controller(vex::controllerType)
                0x03806f60                vex::controller::controller(vex::controllerType)
 .text._ZN3vex4taskC2Ev
                0x03807164       0x24 C:\Program Files (x86)\VEX Robotics\VEXcode V5 Text\sdk/vexv5\libv5rt.a(vex_task.cpp.obj)
                0x03807164                vex::task::task()
                0x03807164                vex::task::task()
 .text._ZN3vex4taskC2EPFivE
                0x03807188       0x54 C:\Program Files (x86)\VEX Robotics\VEXcode V5 Text\sdk/vexv5\libv5rt.a(vex_task.cpp.obj)
                0x03807188                vex::task::task(int (*)())
                0x03807188                vex::task::task(int (*)())
 .text._ZN3vex4taskD2Ev
                0x038071dc        0x4 C:\Program Files (x86)\VEX Robotics\VEXcode V5 Text\sdk/vexv5\libv5rt.a(vex_task.cpp.obj)
                0x038071dc                vex::task::~task()
                0x038071dc                vex::task::~task()
 .text._ZN3vex4task4stopEPFivE
                0x038071e0        0xc C:\Program Files (x86)\VEX Robotics\VEXcode V5 Text\sdk/vexv5\libv5rt.a(vex_task.cpp.obj)
                0x038071e0                vex::task::stop(int (*)())
 .text._ZN3vex4task4stopEv
                0x038071ec       0x10 C:\Program Files (x86)\VEX Robotics\VEXcode V5 Text\sdk/vexv5\libv5rt.a(vex_task.cpp.obj)
                0x038071ec                vex::task::stop()
 .text._ZN3vex4task6_indexEPFivE
                0x038071fc       0x14 C:\Program Files (x86)\VEX Robotics\VEXcode V5 Text\sdk/vexv5\libv5rt.a(vex_task.cpp.obj)
                0x038071fc                vex::task::_index(int (*)())
 .text._ZN3vex4task8_stopAllEv
                0x03807210       0x3c C:\Program Files (x86)\VEX Robotics\VEXcode V5 Text\sdk/vexv5\libv5rt.a(vex_task.cpp.obj)
                0x03807210                vex::task::_stopAll()
 .text._ZN3vex11this_thread9sleep_forEm
                0x0380724c        0x4 C:\Program Files (x86)\VEX Robotics\VEXcode V5 Text\sdk/vexv5\libv5rt.a(vex_thread.cpp.obj)
                0x0380724c                vex::this_thread::sleep_for(unsigned long)
 .text._ZN3vex5event4initEmmPFvvE
                0x03807250        0x4 C:\Program Files (x86)\VEX Robotics\VEXcode V5 Text\sdk/vexv5\libv5rt.a(vex_event.cpp.obj)
                0x03807250                vex::event::init(unsigned long, unsigned long, void (*)())
 .text._ZN3vex5event4initEmmPFvPvES1_
                0x03807254        0x4 C:\Program Files (x86)\VEX Robotics\VEXcode V5 Text\sdk/vexv5\libv5rt.a(vex_event.cpp.obj)
                0x03807254                vex::event::init(unsigned long, unsigned long, void (*)(void*), void*)
 .text._ZN3vex5event9userindexEv
                0x03807258        0x4 C:\Program Files (x86)\VEX Robotics\VEXcode V5 Text\sdk/vexv5\libv5rt.a(vex_event.cpp.obj)
                0x03807258                vex::event::userindex()
 .text._ZZN3vex6meventC4EmmENUlvE_4_FUNEv
                0x0380725c        0x4 C:\Program Files (x86)\VEX Robotics\VEXcode V5 Text\sdk/vexv5\libv5rt.a(vex_mevent.cpp.obj)
 .text._ZN3vex6meventC2Emm
                0x03807260       0x70 C:\Program Files (x86)\VEX Robotics\VEXcode V5 Text\sdk/vexv5\libv5rt.a(vex_mevent.cpp.obj)
                0x03807260                vex::mevent::mevent(unsigned long, unsigned long)
                0x03807260                vex::mevent::mevent(unsigned long, unsigned long)
 .text._ZN3vex5brainD2Ev
                0x038072d0       0x20 C:\Program Files (x86)\VEX Robotics\VEXcode V5 Text\sdk/vexv5\libv5rt.a(vex_brain.cpp.obj)
                0x038072d0                vex::brain::~brain()
                0x038072d0                vex::brain::~brain()
 .text._ZN3vex5brain9_getIndexEv
                0x038072f0       0x10 C:\Program Files (x86)\VEX Robotics\VEXcode V5 Text\sdk/vexv5\libv5rt.a(vex_brain.cpp.obj)
                0x038072f0                vex::brain::_getIndex()
 .text._ZN3vex5brain10resetTimerEv
                0x03807300        0x4 C:\Program Files (x86)\VEX Robotics\VEXcode V5 Text\sdk/vexv5\libv5rt.a(vex_brain.cpp.obj)
                0x03807300                vex::brain::resetTimer()
 .text._ZN3vex5brain3lcd9setCursorEll
                0x03807304       0x44 C:\Program Files (x86)\VEX Robotics\VEXcode V5 Text\sdk/vexv5\libv5rt.a(vex_brain.cpp.obj)
                0x03807304                vex::brain::lcd::setCursor(long, long)
 .text._ZN3vex5brain3lcd7setFontENS_8fontTypeE
                0x03807348      0x23c C:\Program Files (x86)\VEX Robotics\VEXcode V5 Text\sdk/vexv5\libv5rt.a(vex_brain.cpp.obj)
                0x03807348                vex::brain::lcd::setFont(vex::fontType)
 .text._ZN3vex5brain3lcdC2Ev
                0x03807584       0x94 C:\Program Files (x86)\VEX Robotics\VEXcode V5 Text\sdk/vexv5\libv5rt.a(vex_brain.cpp.obj)
                0x03807584                vex::brain::lcd::lcd()
                0x03807584                vex::brain::lcd::lcd()
 .text._ZN3vex5brainC2Ev
                0x03807618       0x38 C:\Program Files (x86)\VEX Robotics\VEXcode V5 Text\sdk/vexv5\libv5rt.a(vex_brain.cpp.obj)
                0x03807618                vex::brain::brain()
                0x03807618                vex::brain::brain()
 .text._ZN3vex5brain3lcd7printAtEllPKcz
                0x03807650       0x6c C:\Program Files (x86)\VEX Robotics\VEXcode V5 Text\sdk/vexv5\libv5rt.a(vex_brain.cpp.obj)
                0x03807650                vex::brain::lcd::printAt(long, long, char const*, ...)
 .text._ZN3vex5brain3lcd12_clearScreenEm
                0x038076bc       0x38 C:\Program Files (x86)\VEX Robotics\VEXcode V5 Text\sdk/vexv5\libv5rt.a(vex_brain.cpp.obj)
                0x038076bc                vex::brain::lcd::_clearScreen(unsigned long)
 .text._ZN3vex5brain3lcd11clearScreenERKNS_5colorE
                0x038076f4       0x20 C:\Program Files (x86)\VEX Robotics\VEXcode V5 Text\sdk/vexv5\libv5rt.a(vex_brain.cpp.obj)
                0x038076f4                vex::brain::lcd::clearScreen(vex::color const&)
 .text._ZN3vex5brain3lcd11clearScreenEv
                0x03807714       0x2c C:\Program Files (x86)\VEX Robotics\VEXcode V5 Text\sdk/vexv5\libv5rt.a(vex_brain.cpp.obj)
                0x03807714                vex::brain::lcd::clearScreen()
 .text._ZN3vex5brain3lcd13drawRectangleEiiii
                0x03807740       0xdc C:\Program Files (x86)\VEX Robotics\VEXcode V5 Text\sdk/vexv5\libv5rt.a(vex_brain.cpp.obj)
                0x03807740                vex::brain::lcd::drawRectangle(int, int, int, int)
 .text._ZN3vex5brain3lcd14_drawRectangleEiiiim
                0x0380781c       0x74 C:\Program Files (x86)\VEX Robotics\VEXcode V5 Text\sdk/vexv5\libv5rt.a(vex_brain.cpp.obj)
                0x0380781c                vex::brain::lcd::_drawRectangle(int, int, int, int, unsigned long)
 .text._ZN3vex5brain3lcd13drawRectangleEiiiiRKNS_5colorE
                0x03807890       0x68 C:\Program Files (x86)\VEX Robotics\VEXcode V5 Text\sdk/vexv5\libv5rt.a(vex_brain.cpp.obj)
                0x03807890                vex::brain::lcd::drawRectangle(int, int, int, int, vex::color const&)
 .text._ZN3vex5brain3lcd10drawCircleEiii
                0x038078f8       0xa4 C:\Program Files (x86)\VEX Robotics\VEXcode V5 Text\sdk/vexv5\libv5rt.a(vex_brain.cpp.obj)
                0x038078f8                vex::brain::lcd::drawCircle(int, int, int)
 .text._ZN3vex5brain3lcd11_drawCircleEiiim
                0x0380799c       0x60 C:\Program Files (x86)\VEX Robotics\VEXcode V5 Text\sdk/vexv5\libv5rt.a(vex_brain.cpp.obj)
                0x0380799c                vex::brain::lcd::_drawCircle(int, int, int, unsigned long)
 .text._ZN3vex5brain3lcd10drawCircleEiiiRKNS_5colorE
                0x038079fc       0x60 C:\Program Files (x86)\VEX Robotics\VEXcode V5 Text\sdk/vexv5\libv5rt.a(vex_brain.cpp.obj)
                0x038079fc                vex::brain::lcd::drawCircle(int, int, int, vex::color const&)
 .text._ZN3vex5brain3lcd9xPositionEv
                0x03807a5c       0x24 C:\Program Files (x86)\VEX Robotics\VEXcode V5 Text\sdk/vexv5\libv5rt.a(vex_brain.cpp.obj)
                0x03807a5c                vex::brain::lcd::xPosition()
 .text._ZN3vex5brain3lcd9yPositionEv
                0x03807a80       0x24 C:\Program Files (x86)\VEX Robotics\VEXcode V5 Text\sdk/vexv5\libv5rt.a(vex_brain.cpp.obj)
                0x03807a80                vex::brain::lcd::yPosition()
 .text._ZN3vex5brain3lcd8pressingEv
                0x03807aa4       0x20 C:\Program Files (x86)\VEX Robotics\VEXcode V5 Text\sdk/vexv5\libv5rt.a(vex_brain.cpp.obj)
                0x03807aa4                vex::brain::lcd::pressing()
 .text._ZN3vex5brain3lcd6renderEv
                0x03807ac4        0xc C:\Program Files (x86)\VEX Robotics\VEXcode V5 Text\sdk/vexv5\libv5rt.a(vex_brain.cpp.obj)
                0x03807ac4                vex::brain::lcd::render()
 .text._ZN3vex5brain3lcd20_validateImageBufferEPh
                0x03807ad0       0x58 C:\Program Files (x86)\VEX Robotics\VEXcode V5 Text\sdk/vexv5\libv5rt.a(vex_brain.cpp.obj)
                0x03807ad0                vex::brain::lcd::_validateImageBuffer(unsigned char*)
 .text._ZN3vex5brain3lcd17drawImageFromFileEPKcii
                0x03807b28      0x258 C:\Program Files (x86)\VEX Robotics\VEXcode V5 Text\sdk/vexv5\libv5rt.a(vex_brain.cpp.obj)
                0x03807b28                vex::brain::lcd::drawImageFromFile(char const*, int, int)
 .text._ZN3vex11competition8_disableEPv
                0x03807d80       0x9c C:\Program Files (x86)\VEX Robotics\VEXcode V5 Text\sdk/vexv5\libv5rt.a(vex_competition.cpp.obj)
                0x03807d80                vex::competition::_disable(void*)
 .text._ZN3vex11competition11_autonomousEv
                0x03807e1c       0x7c C:\Program Files (x86)\VEX Robotics\VEXcode V5 Text\sdk/vexv5\libv5rt.a(vex_competition.cpp.obj)
                0x03807e1c                vex::competition::_autonomous()
 .text._ZN3vex11competition14_drivercontrolEv
                0x03807e98       0x7c C:\Program Files (x86)\VEX Robotics\VEXcode V5 Text\sdk/vexv5\libv5rt.a(vex_competition.cpp.obj)
                0x03807e98                vex::competition::_drivercontrol()
 .text._ZN3vex11competitionC2Ev
                0x03807f14      0x13c C:\Program Files (x86)\VEX Robotics\VEXcode V5 Text\sdk/vexv5\libv5rt.a(vex_competition.cpp.obj)
                0x03807f14                vex::competition::competition()
                0x03807f14                vex::competition::competition()
 .text._ZN3vex11competitionD2Ev
                0x03808050        0x4 C:\Program Files (x86)\VEX Robotics\VEXcode V5 Text\sdk/vexv5\libv5rt.a(vex_competition.cpp.obj)
                0x03808050                vex::competition::~competition()
                0x03808050                vex::competition::~competition()
 .text._ZN3vex11competition10autonomousEPFvvE
                0x03808054       0x44 C:\Program Files (x86)\VEX Robotics\VEXcode V5 Text\sdk/vexv5\libv5rt.a(vex_competition.cpp.obj)
                0x03808054                vex::competition::autonomous(void (*)())
 .text._ZN3vex11competition13drivercontrolEPFvvE
                0x03808098       0x44 C:\Program Files (x86)\VEX Robotics\VEXcode V5 Text\sdk/vexv5\libv5rt.a(vex_competition.cpp.obj)
                0x03808098                vex::competition::drivercontrol(void (*)())
 .text._ZN3vex11competition9isEnabledEv
                0x038080dc       0x14 C:\Program Files (x86)\VEX Robotics\VEXcode V5 Text\sdk/vexv5\libv5rt.a(vex_competition.cpp.obj)
                0x038080dc                vex::competition::isEnabled()
 .text._ZN3vex7triport9installedEv
                0x038080f0       0x18 C:\Program Files (x86)\VEX Robotics\VEXcode V5 Text\sdk/vexv5\libv5rt.a(vex_triport.cpp.obj)
                0x038080f0                vex::triport::installed()
 .text._ZN3vex7triportD2Ev
                0x03808108       0x38 C:\Program Files (x86)\VEX Robotics\VEXcode V5 Text\sdk/vexv5\libv5rt.a(vex_triport.cpp.obj)
                0x03808108                vex::triport::~triport()
                0x03808108                vex::triport::~triport()
 .text._ZN3vex7triport4portC2ElPS0_
                0x03808140       0x90 C:\Program Files (x86)\VEX Robotics\VEXcode V5 Text\sdk/vexv5\libv5rt.a(vex_triport.cpp.obj)
                0x03808140                vex::triport::port::port(long, vex::triport*)
                0x03808140                vex::triport::port::port(long, vex::triport*)
 .text._ZN3vex7triportC2El
                0x038081d0       0xf0 C:\Program Files (x86)\VEX Robotics\VEXcode V5 Text\sdk/vexv5\libv5rt.a(vex_triport.cpp.obj)
                0x038081d0                vex::triport::triport(long)
                0x038081d0                vex::triport::triport(long)
 .text._ZN3vex7triport4port4typeENS_11triportTypeE
                0x038082c0       0x34 C:\Program Files (x86)\VEX Robotics\VEXcode V5 Text\sdk/vexv5\libv5rt.a(vex_triport.cpp.obj)
                0x038082c0                vex::triport::port::type(vex::triportType)
 .text._ZN3vex7triport4port4typeEv
                0x038082f4       0x38 C:\Program Files (x86)\VEX Robotics\VEXcode V5 Text\sdk/vexv5\libv5rt.a(vex_triport.cpp.obj)
                0x038082f4                vex::triport::port::type()
 .text._ZN3vex7triport4port5valueEv
                0x0380832c       0x14 C:\Program Files (x86)\VEX Robotics\VEXcode V5 Text\sdk/vexv5\libv5rt.a(vex_triport.cpp.obj)
                0x0380832c                vex::triport::port::value()
 .text._ZN3vex7triport4port5valueEl
                0x03808340       0x18 C:\Program Files (x86)\VEX Robotics\VEXcode V5 Text\sdk/vexv5\libv5rt.a(vex_triport.cpp.obj)
                0x03808340                vex::triport::port::value(long)
 .text._ZN3vex7triport4port11setRotationEdNS_13rotationUnitsE
                0x03808358       0x50 C:\Program Files (x86)\VEX Robotics\VEXcode V5 Text\sdk/vexv5\libv5rt.a(vex_triport.cpp.obj)
                0x03808358                vex::triport::port::setRotation(double, vex::rotationUnits)
 .text._ZN3vex7triport4port13resetRotationEv
                0x038083a8       0x20 C:\Program Files (x86)\VEX Robotics\VEXcode V5 Text\sdk/vexv5\libv5rt.a(vex_triport.cpp.obj)
                0x038083a8                vex::triport::port::resetRotation()
 .text._ZN3vex7triport4port8rotationENS_13rotationUnitsE
                0x038083c8       0x40 C:\Program Files (x86)\VEX Robotics\VEXcode V5 Text\sdk/vexv5\libv5rt.a(vex_triport.cpp.obj)
                0x038083c8                vex::triport::port::rotation(vex::rotationUnits)
 .text._ZN3vex7triport4port14_convertAnalogENS_11analogUnitsE
                0x03808408       0x58 C:\Program Files (x86)\VEX Robotics\VEXcode V5 Text\sdk/vexv5\libv5rt.a(vex_triport.cpp.obj)
                0x03808408                vex::triport::port::_convertAnalog(vex::analogUnits)
 .text._ZN3vex7triport4port14_virtual_valueEl
                0x03808460       0x14 C:\Program Files (x86)\VEX Robotics\VEXcode V5 Text\sdk/vexv5\libv5rt.a(vex_triport.cpp.obj)
                0x03808460                vex::triport::port::_virtual_value(long)
 .text._ZN3vex11__trideviceC2ERNS_7triport4portENS_11triportTypeE
                0x03808474       0x5c C:\Program Files (x86)\VEX Robotics\VEXcode V5 Text\sdk/vexv5\libv5rt.a(vex_triport.cpp.obj)
                0x03808474                vex::__tridevice::__tridevice(vex::triport::port&, vex::triportType)
                0x03808474                vex::__tridevice::__tridevice(vex::triport::port&, vex::triportType)
 .text._ZN3vex11__tridevice14_convertAnalogENS_11analogUnitsE
                0x038084d0        0x8 C:\Program Files (x86)\VEX Robotics\VEXcode V5 Text\sdk/vexv5\libv5rt.a(vex_triport.cpp.obj)
                0x038084d0                vex::__tridevice::_convertAnalog(vex::analogUnits)
 .text._ZN3vex11__tridevice14_virtual_valueEl
                0x038084d8        0x8 C:\Program Files (x86)\VEX Robotics\VEXcode V5 Text\sdk/vexv5\libv5rt.a(vex_triport.cpp.obj)
                0x038084d8                vex::__tridevice::_virtual_value(long)
 .text._ZN3vex3potC2ERNS_7triport4portE
                0x038084e0       0x20 C:\Program Files (x86)\VEX Robotics\VEXcode V5 Text\sdk/vexv5\libv5rt.a(vex_triport.cpp.obj)
                0x038084e0                vex::pot::pot(vex::triport::port&)
                0x038084e0                vex::pot::pot(vex::triport::port&)
 .text._ZN3vex3potD2Ev
                0x03808500        0x4 C:\Program Files (x86)\VEX Robotics\VEXcode V5 Text\sdk/vexv5\libv5rt.a(vex_triport.cpp.obj)
                0x03808500                vex::pot::~pot()
                0x03808500                vex::pot::~pot()
 .text._ZN3vex3pot5valueENS_11analogUnitsE
                0x03808504        0x4 C:\Program Files (x86)\VEX Robotics\VEXcode V5 Text\sdk/vexv5\libv5rt.a(vex_triport.cpp.obj)
                0x03808504                vex::pot::value(vex::analogUnits)
 .text._ZN3vex4gyroC2ERNS_7triport4portE
                0x03808508       0x34 C:\Program Files (x86)\VEX Robotics\VEXcode V5 Text\sdk/vexv5\libv5rt.a(vex_triport.cpp.obj)
                0x03808508                vex::gyro::gyro(vex::triport::port&)
                0x03808508                vex::gyro::gyro(vex::triport::port&)
 .text._ZN3vex4gyroD2Ev
                0x0380853c        0x4 C:\Program Files (x86)\VEX Robotics\VEXcode V5 Text\sdk/vexv5\libv5rt.a(vex_triport.cpp.obj)
                0x0380853c                vex::gyro::~gyro()
                0x0380853c                vex::gyro::~gyro()
 .text._ZN3vex4gyro5valueENS_13rotationUnitsE
                0x03808540       0x50 C:\Program Files (x86)\VEX Robotics\VEXcode V5 Text\sdk/vexv5\libv5rt.a(vex_triport.cpp.obj)
                0x03808540                vex::gyro::value(vex::rotationUnits)
 .text._ZN3vex4gyro10resetAngleEdNS_13rotationUnitsE
                0x03808590       0x68 C:\Program Files (x86)\VEX Robotics\VEXcode V5 Text\sdk/vexv5\libv5rt.a(vex_triport.cpp.obj)
                0x03808590                vex::gyro::resetAngle(double, vex::rotationUnits)
 .text._ZN3vex4gyro10resetAngleEv
                0x038085f8       0x20 C:\Program Files (x86)\VEX Robotics\VEXcode V5 Text\sdk/vexv5\libv5rt.a(vex_triport.cpp.obj)
                0x038085f8                vex::gyro::resetAngle()
 .text._ZN3vex7encoderC2ERNS_7triport4portE
                0x03808618       0x20 C:\Program Files (x86)\VEX Robotics\VEXcode V5 Text\sdk/vexv5\libv5rt.a(vex_triport.cpp.obj)
                0x03808618                vex::encoder::encoder(vex::triport::port&)
                0x03808618                vex::encoder::encoder(vex::triport::port&)
 .text._ZN3vex7encoderD2Ev
                0x03808638        0x4 C:\Program Files (x86)\VEX Robotics\VEXcode V5 Text\sdk/vexv5\libv5rt.a(vex_triport.cpp.obj)
                0x03808638                vex::encoder::~encoder()
                0x03808638                vex::encoder::~encoder()
 .text._ZN3vex7encoder13resetRotationEv
                0x0380863c        0x8 C:\Program Files (x86)\VEX Robotics\VEXcode V5 Text\sdk/vexv5\libv5rt.a(vex_triport.cpp.obj)
                0x0380863c                vex::encoder::resetRotation()
 .text._ZN3vex7encoder8rotationENS_13rotationUnitsE
                0x03808644        0x8 C:\Program Files (x86)\VEX Robotics\VEXcode V5 Text\sdk/vexv5\libv5rt.a(vex_triport.cpp.obj)
                0x03808644                vex::encoder::rotation(vex::rotationUnits)
 .text.startup._GLOBAL__sub_I__ZN3vex7triportC2El
                0x0380864c       0x30 C:\Program Files (x86)\VEX Robotics\VEXcode V5 Text\sdk/vexv5\libv5rt.a(vex_triport.cpp.obj)
 .text._ZN3vex5colorD2Ev
                0x0380867c        0x4 C:\Program Files (x86)\VEX Robotics\VEXcode V5 Text\sdk/vexv5\libv5rt.a(vex_color.cpp.obj)
                0x0380867c                vex::color::~color()
                0x0380867c                vex::color::~color()
 .text._ZN3vex5colorC2Ev
                0x03808680       0x10 C:\Program Files (x86)\VEX Robotics\VEXcode V5 Text\sdk/vexv5\libv5rt.a(vex_color.cpp.obj)
                0x03808680                vex::color::color()
                0x03808680                vex::color::color()
 .text._ZNK3vex5colorcvmEv
                0x03808690        0x8 C:\Program Files (x86)\VEX Robotics\VEXcode V5 Text\sdk/vexv5\libv5rt.a(vex_color.cpp.obj)
                0x03808690                vex::color::operator unsigned long() const
 .text._ZNK3vex5color13isTransparentEv
                0x03808698        0x8 C:\Program Files (x86)\VEX Robotics\VEXcode V5 Text\sdk/vexv5\libv5rt.a(vex_color.cpp.obj)
                0x03808698                vex::color::isTransparent() const
 .text.startup._GLOBAL__sub_I__ZN3vex5color5blackE
                0x038086a0      0x164 C:\Program Files (x86)\VEX Robotics\VEXcode V5 Text\sdk/vexv5\libv5rt.a(vex_color.cpp.obj)
 .text._ZN3vex5timerD2Ev
                0x03808804        0x4 C:\Program Files (x86)\VEX Robotics\VEXcode V5 Text\sdk/vexv5\libv5rt.a(vex_timer.cpp.obj)
                0x03808804                vex::timer::~timer()
                0x03808804                vex::timer::~timer()
 .text._ZN3vex5timer5clearEv
                0x03808808       0x1c C:\Program Files (x86)\VEX Robotics\VEXcode V5 Text\sdk/vexv5\libv5rt.a(vex_timer.cpp.obj)
                0x03808808                vex::timer::clear()
 .text._ZN3vex5timerC2Ev
                0x03808824       0x14 C:\Program Files (x86)\VEX Robotics\VEXcode V5 Text\sdk/vexv5\libv5rt.a(vex_timer.cpp.obj)
                0x03808824                vex::timer::timer()
                0x03808824                vex::timer::timer()
 .text.vexAdiPortConfigSet
                0x03808838       0x28 C:\Program Files (x86)\VEX Robotics\VEXcode V5 Text\sdk/vexv5\libv5rt.a(v5_apiuser.c.obj)
                0x03808838                vexAdiPortConfigSet
 .text.vexAdiPortConfigGet
                0x03808860       0x28 C:\Program Files (x86)\VEX Robotics\VEXcode V5 Text\sdk/vexv5\libv5rt.a(v5_apiuser.c.obj)
                0x03808860                vexAdiPortConfigGet
 .text.vexAdiValueSet
                0x03808888       0x28 C:\Program Files (x86)\VEX Robotics\VEXcode V5 Text\sdk/vexv5\libv5rt.a(v5_apiuser.c.obj)
                0x03808888                vexAdiValueSet
 .text.vexAdiValueGet
                0x038088b0       0x20 C:\Program Files (x86)\VEX Robotics\VEXcode V5 Text\sdk/vexv5\libv5rt.a(v5_apiuser.c.obj)
                0x038088b0                vexAdiValueGet
 .text.vexMotorVelocitySet
                0x038088d0       0x20 C:\Program Files (x86)\VEX Robotics\VEXcode V5 Text\sdk/vexv5\libv5rt.a(v5_apiuser.c.obj)
                0x038088d0                vexMotorVelocitySet
 .text.vexMotorActualVelocityGet
                0x038088f0       0x24 C:\Program Files (x86)\VEX Robotics\VEXcode V5 Text\sdk/vexv5\libv5rt.a(v5_apiuser.c.obj)
                0x038088f0                vexMotorActualVelocityGet
 .text.vexMotorReverseFlagSet
                0x03808914       0x20 C:\Program Files (x86)\VEX Robotics\VEXcode V5 Text\sdk/vexv5\libv5rt.a(v5_apiuser.c.obj)
                0x03808914                vexMotorReverseFlagSet
 .text.vexMotorEncoderUnitsSet
                0x03808934       0x20 C:\Program Files (x86)\VEX Robotics\VEXcode V5 Text\sdk/vexv5\libv5rt.a(v5_apiuser.c.obj)
                0x03808934                vexMotorEncoderUnitsSet
 .text.vexMotorBrakeModeSet
                0x03808954       0x20 C:\Program Files (x86)\VEX Robotics\VEXcode V5 Text\sdk/vexv5\libv5rt.a(v5_apiuser.c.obj)
                0x03808954                vexMotorBrakeModeSet
 .text.vexMotorPositionSet
                0x03808974       0x28 C:\Program Files (x86)\VEX Robotics\VEXcode V5 Text\sdk/vexv5\libv5rt.a(v5_apiuser.c.obj)
                0x03808974                vexMotorPositionSet
 .text.vexMotorPositionGet
                0x0380899c       0x24 C:\Program Files (x86)\VEX Robotics\VEXcode V5 Text\sdk/vexv5\libv5rt.a(v5_apiuser.c.obj)
                0x0380899c                vexMotorPositionGet
 .text.vexMotorGearingSet
                0x038089c0       0x20 C:\Program Files (x86)\VEX Robotics\VEXcode V5 Text\sdk/vexv5\libv5rt.a(v5_apiuser.c.obj)
                0x038089c0                vexMotorGearingSet
 .text.vexMotorGearingGet
                0x038089e0       0x18 C:\Program Files (x86)\VEX Robotics\VEXcode V5 Text\sdk/vexv5\libv5rt.a(v5_apiuser.c.obj)
                0x038089e0                vexMotorGearingGet
 .text.vexEventMaskSet
                0x038089f8       0x28 C:\Program Files (x86)\VEX Robotics\VEXcode V5 Text\sdk/vexv5\libv5rt.a(v5_apiuser.c.obj)
                0x038089f8                vexEventMaskSet
 .text.vexEventMaskGet
                0x03808a20       0x18 C:\Program Files (x86)\VEX Robotics\VEXcode V5 Text\sdk/vexv5\libv5rt.a(v5_apiuser.c.obj)
                0x03808a20                vexEventMaskGet
 .text._ZN3vex6device5valueEv
                0x03808a38        0x8 C:\Program Files (x86)\VEX Robotics\VEXcode V5 Text\sdk/vexv5\libv5rt.a(vex_device.cpp.obj)
                0x03808a38                vex::device::value()
 .text._ZN3vex6deviceD2Ev
                0x03808a40        0x4 C:\Program Files (x86)\VEX Robotics\VEXcode V5 Text\sdk/vexv5\libv5rt.a(vex_device.cpp.obj)
                0x03808a40                vex::device::~device()
                0x03808a40                vex::device::~device()
 .text._ZN3vex6device4initEl
                0x03808a44       0x30 C:\Program Files (x86)\VEX Robotics\VEXcode V5 Text\sdk/vexv5\libv5rt.a(vex_device.cpp.obj)
                0x03808a44                vex::device::init(long)
 .text._ZN3vex6deviceC2El
                0x03808a74       0x20 C:\Program Files (x86)\VEX Robotics\VEXcode V5 Text\sdk/vexv5\libv5rt.a(vex_device.cpp.obj)
                0x03808a74                vex::device::device(long)
                0x03808a74                vex::device::device(long)
 .text._ZN3vex6device4typeEv
                0x03808a94       0x10 C:\Program Files (x86)\VEX Robotics\VEXcode V5 Text\sdk/vexv5\libv5rt.a(vex_device.cpp.obj)
                0x03808a94                vex::device::type()
 .text._ZN3vex6device9installedEv
                0x03808aa4       0x14 C:\Program Files (x86)\VEX Robotics\VEXcode V5 Text\sdk/vexv5\libv5rt.a(vex_device.cpp.obj)
                0x03808aa4                vex::device::installed()
 .text.__libc_fini_array
                0x03808ab8       0x30 C:\Program Files (x86)\VEX Robotics\VEXcode V5 Text\sdk/vexv5/gcc/libs\libc.a(lib_a-fini.o)
                0x03808ab8                __libc_fini_array
 .text.__libc_init_array
                0x03808ae8       0x58 C:\Program Files (x86)\VEX Robotics\VEXcode V5 Text\sdk/vexv5/gcc/libs\libc.a(lib_a-init.o)
                0x03808ae8                __libc_init_array
 .text.tolower  0x03808b40       0x1c C:\Program Files (x86)\VEX Robotics\VEXcode V5 Text\sdk/vexv5/gcc/libs\libc.a(lib_a-tolower.o)
                0x03808b40                tolower
 *fill*         0x03808b5c        0x4 
 .text.tolower.__stub
                0x03808b60       0x18 linker stubs
 *(.gnu.linkonce.t.*)
 *(.plt)
 *(.gnu_warning)
 *(.gcc_except_table)
 *(.glue_7)
 .glue_7        0x00000000        0x0 linker stubs
 *(.glue_7t)
 .glue_7t       0x00000000        0x0 linker stubs
 *(.vfp11_veneer)
 .vfp11_veneer  0x00000000        0x0 linker stubs
 *(.ARM.extab)
 *(.gnu.linkonce.armextab.*)

.v4_bx          0x03808b78        0x0
 .v4_bx         0x00000000        0x0 linker stubs

.iplt           0x03808b78        0x0
 .iplt          0x00000000        0x0 build/src/main.o

.init
 *(.init)

.fini
 *(.fini)

.rodata         0x03808b78      0x255
                0x03808b78                __rodata_start = .
 *(.rodata)
 *(.rodata.*)
 .rodata.str1.1
                0x03808b78       0x5e build/src/main.o
 .rodata.str1.1
                0x03808bd6       0x2e C:\Program Files (x86)\VEX Robotics\VEXcode V5 Text\sdk/vexv5\libv5rt.a(v5_startup.c.obj)
 .rodata._ZN3vex6PORT14E
                0x03808c04        0x4 C:\Program Files (x86)\VEX Robotics\VEXcode V5 Text\sdk/vexv5\libv5rt.a(vex_global.cpp.obj)
                0x03808c04                vex::PORT14
 .rodata._ZN3vex6PORT18E
                0x03808c08        0x4 C:\Program Files (x86)\VEX Robotics\VEXcode V5 Text\sdk/vexv5\libv5rt.a(vex_global.cpp.obj)
                0x03808c08                vex::PORT18
 .rodata._ZN3vex6PORT11E
                0x03808c0c        0x4 C:\Program Files (x86)\VEX Robotics\VEXcode V5 Text\sdk/vexv5\libv5rt.a(vex_global.cpp.obj)
                0x03808c0c                vex::PORT11
 .rodata._ZN3vex6PORT15E
                0x03808c10        0x4 C:\Program Files (x86)\VEX Robotics\VEXcode V5 Text\sdk/vexv5\libv5rt.a(vex_global.cpp.obj)
                0x03808c10                vex::PORT15
 .rodata._ZN3vex6PORT22E
                0x03808c14        0x4 C:\Program Files (x86)\VEX Robotics\VEXcode V5 Text\sdk/vexv5\libv5rt.a(vex_global.cpp.obj)
                0x03808c14                vex::PORT22
 .rodata._ZN3vex6PORT19E
                0x03808c18        0x4 C:\Program Files (x86)\VEX Robotics\VEXcode V5 Text\sdk/vexv5\libv5rt.a(vex_global.cpp.obj)
                0x03808c18                vex::PORT19
 .rodata._ZN3vex6PORT12E
                0x03808c1c        0x4 C:\Program Files (x86)\VEX Robotics\VEXcode V5 Text\sdk/vexv5\libv5rt.a(vex_global.cpp.obj)
                0x03808c1c                vex::PORT12
 .rodata._ZN3vex6PORT16E
                0x03808c20        0x4 C:\Program Files (x86)\VEX Robotics\VEXcode V5 Text\sdk/vexv5\libv5rt.a(vex_global.cpp.obj)
                0x03808c20                vex::PORT16
 .rodata._ZN3vex6PORT13E
                0x03808c24        0x4 C:\Program Files (x86)\VEX Robotics\VEXcode V5 Text\sdk/vexv5\libv5rt.a(vex_global.cpp.obj)
                0x03808c24                vex::PORT13
 .rodata._ZTVN3vex5motorE
                0x03808c28       0x10 C:\Program Files (x86)\VEX Robotics\VEXcode V5 Text\sdk/vexv5\libv5rt.a(vex_motor.cpp.obj)
                0x03808c28                vtable for vex::motor
 .rodata.CSWTCH.15
                0x03808c38        0xb C:\Program Files (x86)\VEX Robotics\VEXcode V5 Text\sdk/vexv5\libv5rt.a(vex_controller.cpp.obj)
 .rodata.CSWTCH.17
                0x03808c43        0xb C:\Program Files (x86)\VEX Robotics\VEXcode V5 Text\sdk/vexv5\libv5rt.a(vex_controller.cpp.obj)
 .rodata.CSWTCH.23
                0x03808c4e        0x3 C:\Program Files (x86)\VEX Robotics\VEXcode V5 Text\sdk/vexv5\libv5rt.a(vex_controller.cpp.obj)
 .rodata.str1.1
                0x03808c51        0xa C:\Program Files (x86)\VEX Robotics\VEXcode V5 Text\sdk/vexv5\libv5rt.a(vex_task.cpp.obj)
 .rodata.str1.1
                0x03808c5b       0x2b C:\Program Files (x86)\VEX Robotics\VEXcode V5 Text\sdk/vexv5\libv5rt.a(vex_brain.cpp.obj)
 *fill*         0x03808c86        0x2 
 .rodata._ZTVN3vex7triportE
                0x03808c88       0x10 C:\Program Files (x86)\VEX Robotics\VEXcode V5 Text\sdk/vexv5\libv5rt.a(vex_triport.cpp.obj)
                0x03808c88                vtable for vex::triport
 .rodata.CSWTCH.26
                0x03808c98        0xe C:\Program Files (x86)\VEX Robotics\VEXcode V5 Text\sdk/vexv5\libv5rt.a(vex_triport.cpp.obj)
 .rodata.CSWTCH.31
                0x03808ca6       0x10 C:\Program Files (x86)\VEX Robotics\VEXcode V5 Text\sdk/vexv5\libv5rt.a(vex_triport.cpp.obj)
 *fill*         0x03808cb6        0x2 
 .rodata._ZTVN3vex6deviceE
                0x03808cb8       0x10 C:\Program Files (x86)\VEX Robotics\VEXcode V5 Text\sdk/vexv5\libv5rt.a(vex_device.cpp.obj)
                0x03808cb8                vtable for vex::device
 .rodata.str1.4
                0x03808cc8        0x4 C:\Program Files (x86)\VEX Robotics\VEXcode V5 Text\sdk/vexv5/gcc/libs\libc.a(lib_a-impure.o)
                                  0x2 (size before relaxing)
 .rodata._ctype_
                0x03808ccc      0x101 C:\Program Files (x86)\VEX Robotics\VEXcode V5 Text\sdk/vexv5/gcc/libs\libc.a(lib_a-ctype_.o)
                0x03808ccc                _ctype_
 *(.gnu.linkonce.r.*)
                0x03808dcd                __rodata_end = .

.rodata1        0x03808dcd        0x0
                0x03808dcd                __rodata1_start = .
 *(.rodata1)
 *(.rodata1.*)
                0x03808dcd                __rodata1_end = .

.sdata2         0x03808dcd        0x0
                0x03808dcd                __sdata2_start = .
 *(.sdata2)
 *(.sdata2.*)
 *(.gnu.linkonce.s2.*)
                0x03808dcd                __sdata2_end = .

.sbss2          0x03808dcd        0x0
                0x03808dcd                __sbss2_start = .
 *(.sbss2)
 *(.sbss2.*)
 *(.gnu.linkonce.sb2.*)
                0x03808dcd                __sbss2_end = .

.data           0x03808dd0      0x440
                0x03808dd0                __data_start = .
 *(.data)
 *(.data.*)
 .data.appRunning
                0x03808dd0        0x4 C:\Program Files (x86)\VEX Robotics\VEXcode V5 Text\sdk/vexv5\libv5rt.a(v5_startup.c.obj)
                0x03808dd0                appRunning
 .data.__yoff   0x03808dd4        0x4 C:\Program Files (x86)\VEX Robotics\VEXcode V5 Text\sdk/vexv5\libv5rt.a(v5_apijump.c.obj)
 .data._ZN3vex9ratio18_1E
                0x03808dd8        0x4 C:\Program Files (x86)\VEX Robotics\VEXcode V5 Text\sdk/vexv5\libv5rt.a(vex_global.cpp.obj)
                0x03808dd8                vex::ratio18_1
 .data._ZN3vex24__default_motor_velocityE
                0x03808ddc        0x4 C:\Program Files (x86)\VEX Robotics\VEXcode V5 Text\sdk/vexv5\libv5rt.a(vex_motor.cpp.obj)
                0x03808ddc                vex::__default_motor_velocity
 .data.impure_data
                0x03808de0      0x428 C:\Program Files (x86)\VEX Robotics\VEXcode V5 Text\sdk/vexv5/gcc/libs\libc.a(lib_a-impure.o)
 .data._impure_ptr
                0x03809208        0x4 C:\Program Files (x86)\VEX Robotics\VEXcode V5 Text\sdk/vexv5/gcc/libs\libc.a(lib_a-impure.o)
                0x03809208                _impure_ptr
 .data.__ctype_ptr__
                0x0380920c        0x4 C:\Program Files (x86)\VEX Robotics\VEXcode V5 Text\sdk/vexv5/gcc/libs\libc.a(lib_a-ctype_.o)
                0x0380920c                __ctype_ptr__
 *(.gnu.linkonce.d.*)
 *(.jcr)
 *(.got)
 *(.got.plt)
                0x03809210                __data_end = .

.igot.plt       0x03809210        0x0
 .igot.plt      0x00000000        0x0 build/src/main.o

.data1          0x03809210        0x0
                0x03809210                __data1_start = .
 *(.data1)
 *(.data1.*)
                0x03809210                __data1_end = .

.got
 *(.got)

.ctors          0x03809210        0x0
                0x03809210                __CTOR_LIST__ = .
                0x03809210                ___CTORS_LIST___ = .
 *crtbegin.o(.ctors)
 *(EXCLUDE_FILE(*crtend.o) .ctors)
 *(SORT(.ctors.*))
 *(.ctors)
                0x03809210                __CTOR_END__ = .
                0x03809210                ___CTORS_END___ = .

.dtors          0x03809210        0x0
                0x03809210                __DTOR_LIST__ = .
                0x03809210                ___DTORS_LIST___ = .
 *crtbegin.o(.dtors)
 *(EXCLUDE_FILE(*crtend.o) .dtors)
 *(SORT(.dtors.*))
 *(.dtors)
                0x03809210                __DTOR_END__ = .
                0x03809210                ___DTORS_END___ = .

.fixup          0x03809210        0x0
                0x03809210                __fixup_start = .
 *(.fixup)
                0x03809210                __fixup_end = .

.eh_frame
 *(.eh_frame)

.eh_framehdr    0x03809210        0x0
                0x03809210                __eh_framehdr_start = .
 *(.eh_framehdr)
                0x03809210                __eh_framehdr_end = .

.gcc_except_table
 *(.gcc_except_table)

.mmu_tbl        0x0380c000        0x0
                0x0380c000                __mmu_tbl_start = .
 *(.mmu_tbl)
                0x0380c000                __mmu_tbl_end = .

.ARM.exidx      0x03809210        0x8
                0x03809210                __exidx_start = .
 *(.ARM.exidx*)
 .ARM.exidx.text._Z8setDriveifffb
                0x03809210        0x8 build/src/main.o
 .ARM.exidx.text._ZN9PCHSdrive5resetEv
                0x03809218        0x0 build/src/main.o
                                  0x8 (size before relaxing)
 .ARM.exidx.text._Z9waitDrivei
                0x03809218        0x0 build/src/main.o
                                  0x8 (size before relaxing)
 .ARM.exidx.text._Z12waitDriveNewii
                0x03809218        0x0 build/src/main.o
                                  0x8 (size before relaxing)
 .ARM.exidx.text._Z12driveControlv
                0x03809218        0x0 build/src/main.o
                                  0x8 (size before relaxing)
 .ARM.exidx.text._ZN9PCHSdrive8trackPosEv
                0x03809218        0x0 build/src/main.o
                                  0x8 (size before relaxing)
 .ARM.exidx.text._ZN3PID14getOutputPowerEif
                0x03809218        0x0 build/src/main.o
                                  0x8 (size before relaxing)
 .ARM.exidx.text._ZN9PCHSdrive20getRobotDistTraveledEb
                0x03809218        0x0 build/src/main.o
                                  0x8 (size before relaxing)
 .ARM.exidx.text._ZN9PCHSdrive10move_driveEii
                0x03809218        0x0 build/src/main.o
                                  0x8 (size before relaxing)
 .ARM.exidx.text._Z13ArmPosControlv
                0x03809218        0x0 build/src/main.o
                                  0x8 (size before relaxing)
 .ARM.exidx.text._Z13swivelControlv
                0x03809218        0x0 build/src/main.o
                                  0x8 (size before relaxing)
 .ARM.exidx.text._Z13intakeControlv
                0x03809218        0x0 build/src/main.o
                                  0x8 (size before relaxing)
 .ARM.exidx.text._Z13opControlMacsv
                0x03809218        0x0 build/src/main.o
                                  0x8 (size before relaxing)
 .ARM.exidx.text._ZN9PCHSdrive14checkInstalledEv
                0x03809218        0x0 build/src/main.o
                                  0x8 (size before relaxing)
 .ARM.exidx.text._ZN6intake14checkInstalledEv
                0x03809218        0x0 build/src/main.o
                                  0x8 (size before relaxing)
 .ARM.exidx.text._Z9pre_autonv
                0x03809218        0x0 build/src/main.o
                                  0x8 (size before relaxing)
 .ARM.exidx.text._ZN9PCHSdrive9fullResetEv
                0x03809218        0x0 build/src/main.o
                                  0x8 (size before relaxing)
 .ARM.exidx.text._ZN6button6updateEv
                0x03809218        0x0 build/src/main.o
                                  0x8 (size before relaxing)
 .ARM.exidx.text._Z10autonomousv
                0x03809218        0x0 build/src/main.o
                                  0x8 (size before relaxing)
 .ARM.exidx.text._Z11usercontrolv
                0x03809218        0x0 build/src/main.o
                                  0x8 (size before relaxing)
 .ARM.exidx.text.main
                0x03809218        0x0 build/src/main.o
                                  0x8 (size before relaxing)
 .ARM.exidx.text._GLOBAL__sub_I_main.cpp
                0x03809218        0x0 build/src/main.o
                                  0x8 (size before relaxing)
 .ARM.exidx.text._Z11vexcodeInitv
                0x03809218        0x0 build/src/robot-config.o
                                  0x8 (size before relaxing)
 .ARM.exidx.text._GLOBAL__sub_I_robot_config.cpp
                0x03809218        0x0 build/src/robot-config.o
                                  0x8 (size before relaxing)
 *(.gnu.linkonce.armexidix.*.*)
                0x03809218                __exidx_end = .

.rel.dyn        0x03809218        0x0
 .rel.iplt      0x00000000        0x0 build/src/main.o

.preinit_array  0x03809218        0x0
                0x03809218                __preinit_array_start = .
 *(SORT(.preinit_array.*))
 *(.preinit_array)
                0x03809218                __preinit_array_end = .

.init_array     0x03809218       0x10
                0x03809218                __init_array_start = .
 *(SORT(.init_array.*))
 *(.init_array)
 .init_array    0x03809218        0x4 build/src/main.o
 .init_array    0x0380921c        0x4 build/src/robot-config.o
 .init_array    0x03809220        0x4 C:\Program Files (x86)\VEX Robotics\VEXcode V5 Text\sdk/vexv5\libv5rt.a(vex_triport.cpp.obj)
 .init_array    0x03809224        0x4 C:\Program Files (x86)\VEX Robotics\VEXcode V5 Text\sdk/vexv5\libv5rt.a(vex_color.cpp.obj)
                0x03809228                __init_array_end = .

.fini_array     0x03809228        0x0
                0x03809228                __fini_array_start = .
 *(SORT(.fini_array.*))
 *(.fini_array)
                0x03809228                __fini_array_end = .

.ARM.attributes
                0x03809228       0x3c
                0x03809228                __ARM.attributes_start = .
 *(.ARM.attributes)
 .ARM.attributes
                0x03809228       0x3a build/src/main.o
 .ARM.attributes
                0x03809262       0x3a build/src/robot-config.o
 .ARM.attributes
                0x0380929c       0x35 C:\Program Files (x86)\VEX Robotics\VEXcode V5 Text\sdk/vexv5\libv5rt.a(v5_startup.c.obj)
 .ARM.attributes
                0x038092d1       0x35 C:\Program Files (x86)\VEX Robotics\VEXcode V5 Text\sdk/vexv5\libv5rt.a(v5_util.c.obj)
 .ARM.attributes
                0x03809306       0x35 C:\Program Files (x86)\VEX Robotics\VEXcode V5 Text\sdk/vexv5\libv5rt.a(v5_apijump.c.obj)
 .ARM.attributes
                0x0380933b       0x35 C:\Program Files (x86)\VEX Robotics\VEXcode V5 Text\sdk/vexv5\libv5rt.a(v5_apiversions.c.obj)
 .ARM.attributes
                0x03809370       0x35 C:\Program Files (x86)\VEX Robotics\VEXcode V5 Text\sdk/vexv5\libv5rt.a(vex_global.cpp.obj)
 .ARM.attributes
                0x038093a5       0x35 C:\Program Files (x86)\VEX Robotics\VEXcode V5 Text\sdk/vexv5\libv5rt.a(vex_motor.cpp.obj)
 .ARM.attributes
                0x038093da       0x35 C:\Program Files (x86)\VEX Robotics\VEXcode V5 Text\sdk/vexv5\libv5rt.a(vex_controller.cpp.obj)
 .ARM.attributes
                0x0380940f       0x35 C:\Program Files (x86)\VEX Robotics\VEXcode V5 Text\sdk/vexv5\libv5rt.a(vex_task.cpp.obj)
 .ARM.attributes
                0x03809444       0x35 C:\Program Files (x86)\VEX Robotics\VEXcode V5 Text\sdk/vexv5\libv5rt.a(vex_thread.cpp.obj)
 .ARM.attributes
                0x03809479       0x35 C:\Program Files (x86)\VEX Robotics\VEXcode V5 Text\sdk/vexv5\libv5rt.a(vex_event.cpp.obj)
 .ARM.attributes
                0x038094ae       0x35 C:\Program Files (x86)\VEX Robotics\VEXcode V5 Text\sdk/vexv5\libv5rt.a(vex_mevent.cpp.obj)
 .ARM.attributes
                0x038094e3       0x35 C:\Program Files (x86)\VEX Robotics\VEXcode V5 Text\sdk/vexv5\libv5rt.a(vex_brain.cpp.obj)
 .ARM.attributes
                0x03809518       0x35 C:\Program Files (x86)\VEX Robotics\VEXcode V5 Text\sdk/vexv5\libv5rt.a(vex_competition.cpp.obj)
 .ARM.attributes
                0x0380954d       0x35 C:\Program Files (x86)\VEX Robotics\VEXcode V5 Text\sdk/vexv5\libv5rt.a(vex_triport.cpp.obj)
 .ARM.attributes
                0x03809582       0x35 C:\Program Files (x86)\VEX Robotics\VEXcode V5 Text\sdk/vexv5\libv5rt.a(vex_color.cpp.obj)
 .ARM.attributes
                0x038095b7       0x35 C:\Program Files (x86)\VEX Robotics\VEXcode V5 Text\sdk/vexv5\libv5rt.a(vex_timer.cpp.obj)
 .ARM.attributes
                0x038095ec       0x35 C:\Program Files (x86)\VEX Robotics\VEXcode V5 Text\sdk/vexv5\libv5rt.a(v5_apiuser.c.obj)
 .ARM.attributes
                0x03809621       0x35 C:\Program Files (x86)\VEX Robotics\VEXcode V5 Text\sdk/vexv5\libv5rt.a(vex_device.cpp.obj)
 .ARM.attributes
                0x03809656       0x2b C:\Program Files (x86)\VEX Robotics\VEXcode V5 Text\sdk/vexv5/gcc/libs\libc.a(lib_a-fini.o)
 .ARM.attributes
                0x03809681       0x2b C:\Program Files (x86)\VEX Robotics\VEXcode V5 Text\sdk/vexv5/gcc/libs\libc.a(lib_a-impure.o)
 .ARM.attributes
                0x038096ac       0x2b C:\Program Files (x86)\VEX Robotics\VEXcode V5 Text\sdk/vexv5/gcc/libs\libc.a(lib_a-init.o)
 .ARM.attributes
                0x038096d7       0x2b C:\Program Files (x86)\VEX Robotics\VEXcode V5 Text\sdk/vexv5/gcc/libs\libc.a(lib_a-tolower.o)
 .ARM.attributes
                0x03809702       0x2b C:\Program Files (x86)\VEX Robotics\VEXcode V5 Text\sdk/vexv5/gcc/libs\libc.a(lib_a-ctype_.o)
                0x0380972d                __ARM.attributes_end = .

.sdata          0x03809228        0x0
                0x03809228                __sdata_start = .
 *(.sdata)
 *(.sdata.*)
 *(.gnu.linkonce.s.*)
                0x03809228                __sdata_end = .

.sbss           0x03809228        0x0
                0x03809228                __sbss_start = .
 *(.sbss)
 *(.sbss.*)
 *(.gnu.linkonce.sb.*)
                0x03809228                __sbss_end = .

.tdata          0x03809228        0x0
                0x03809228                __tdata_start = .
 *(.tdata)
 *(.tdata.*)
 *(.gnu.linkonce.td.*)
                0x03809228                __tdata_end = .

.tbss           0x03809228        0x0
                0x03809228                __tbss_start = .
 *(.tbss)
 *(.tbss.*)
 *(.gnu.linkonce.tb.*)
                0x03809228                __tbss_end = .

.bss            0x03809228      0x824
                0x03809228                __bss_start = .
 *(.bss)
 *(.bss.*)
 .bss.Competition
                0x03809228       0x28 build/src/main.o
                0x03809228                Competition
 .bss.DriveControl
                0x03809250        0x4 build/src/main.o
                0x03809250                DriveControl
 .bss.ArmControl
                0x03809254        0x4 build/src/main.o
                0x03809254                ArmControl
 .bss.SwivelControl
                0x03809258        0x4 build/src/main.o
                0x03809258                SwivelControl
 .bss.IntakeControl
                0x0380925c        0x4 build/src/main.o
                0x0380925c                IntakeControl
 .bss.Arm       0x03809260       0x28 build/src/main.o
                0x03809260                Arm
 .bss.Intake    0x03809288       0x34 build/src/main.o
                0x03809288                Intake
 *fill*         0x038092bc        0x4 
 .bss.Drive     0x038092c0       0xa8 build/src/main.o
                0x038092c0                Drive
 .bss.autoOptions
                0x03809368        0x4 build/src/main.o
                0x03809368                autoOptions
 .bss.Brain     0x0380936c      0x2dc build/src/robot-config.o
                0x0380936c                Brain
 .bss.RgtArm    0x03809648       0x24 build/src/robot-config.o
                0x03809648                RgtArm
 .bss.LftArm    0x0380966c       0x24 build/src/robot-config.o
                0x0380966c                LftArm
 .bss.swivel    0x03809690       0x24 build/src/robot-config.o
                0x03809690                swivel
 .bss.RgtRoller
                0x038096b4       0x24 build/src/robot-config.o
                0x038096b4                RgtRoller
 .bss.LftRoller
                0x038096d8       0x24 build/src/robot-config.o
                0x038096d8                LftRoller
 .bss.RgtDrive  0x038096fc       0x24 build/src/robot-config.o
                0x038096fc                RgtDrive
 .bss.LftDrive  0x03809720       0x24 build/src/robot-config.o
                0x03809720                LftDrive
 .bss.MidDrive  0x03809744       0x24 build/src/robot-config.o
                0x03809744                MidDrive
 .bss.arm_pot   0x03809768       0x1c build/src/robot-config.o
                0x03809768                arm_pot
 .bss.roboGyro  0x03809784       0x24 build/src/robot-config.o
                0x03809784                roboGyro
 .bss.rgtEnc    0x038097a8       0x1c build/src/robot-config.o
                0x038097a8                rgtEnc
 .bss.lftEnc    0x038097c4       0x1c build/src/robot-config.o
                0x038097c4                lftEnc
 .bss.Controller1
                0x038097e0      0x1e0 build/src/robot-config.o
                0x038097e0                Controller1
 .bss.__dso_handle
                0x038099c0        0x4 C:\Program Files (x86)\VEX Robotics\VEXcode V5 Text\sdk/vexv5\libv5rt.a(v5_startup.c.obj)
                0x038099c0                __dso_handle
 .bss.lastTime.8314
                0x038099c4        0x4 C:\Program Files (x86)\VEX Robotics\VEXcode V5 Text\sdk/vexv5\libv5rt.a(v5_apijump.c.obj)
 .bss._ZN3vex7primaryE
                0x038099c8        0x4 C:\Program Files (x86)\VEX Robotics\VEXcode V5 Text\sdk/vexv5\libv5rt.a(vex_global.cpp.obj)
                0x038099c8                vex::primary
 .bss._ZN3vex9ratio36_1E
                0x038099cc        0x4 C:\Program Files (x86)\VEX Robotics\VEXcode V5 Text\sdk/vexv5\libv5rt.a(vex_global.cpp.obj)
                0x038099cc                vex::ratio36_1
 .bss._ZN3vex4task8_labelIdE
                0x038099d0        0x4 C:\Program Files (x86)\VEX Robotics\VEXcode V5 Text\sdk/vexv5\libv5rt.a(vex_task.cpp.obj)
                0x038099d0                vex::task::_labelId
 .bss._ZN3vex11competition22bStopTasksBetweenModesE
                0x038099d4        0x1 C:\Program Files (x86)\VEX Robotics\VEXcode V5 Text\sdk/vexv5\libv5rt.a(vex_competition.cpp.obj)
                0x038099d4                vex::competition::bStopTasksBetweenModes
 .bss._ZN3vex11competition25bStopAllTasksBetweenModesE
                0x038099d5        0x1 C:\Program Files (x86)\VEX Robotics\VEXcode V5 Text\sdk/vexv5\libv5rt.a(vex_competition.cpp.obj)
                0x038099d5                vex::competition::bStopAllTasksBetweenModes
 .bss._ZN3vex11competition14_auton_pendingE
                0x038099d6        0x1 C:\Program Files (x86)\VEX Robotics\VEXcode V5 Text\sdk/vexv5\libv5rt.a(vex_competition.cpp.obj)
                0x038099d6                vex::competition::_auton_pending
 *fill*         0x038099d7        0x1 
 .bss._ZN3vex11competition20_autonomous_callbackE
                0x038099d8        0x4 C:\Program Files (x86)\VEX Robotics\VEXcode V5 Text\sdk/vexv5\libv5rt.a(vex_competition.cpp.obj)
                0x038099d8                vex::competition::_autonomous_callback
 .bss._ZN3vex11competition23_drivercontrol_callbackE
                0x038099dc        0x4 C:\Program Files (x86)\VEX Robotics\VEXcode V5 Text\sdk/vexv5\libv5rt.a(vex_competition.cpp.obj)
                0x038099dc                vex::competition::_drivercontrol_callback
 .bss._ZN3vex11competition15_driver_pendingE
                0x038099e0        0x1 C:\Program Files (x86)\VEX Robotics\VEXcode V5 Text\sdk/vexv5\libv5rt.a(vex_competition.cpp.obj)
                0x038099e0                vex::competition::_driver_pending
 .bss._ZStL8__ioinit
                0x038099e1        0x1 C:\Program Files (x86)\VEX Robotics\VEXcode V5 Text\sdk/vexv5\libv5rt.a(vex_triport.cpp.obj)
 *fill*         0x038099e2        0x2 
 .bss._ZN3vex5color6orangeE
                0x038099e4        0x8 C:\Program Files (x86)\VEX Robotics\VEXcode V5 Text\sdk/vexv5\libv5rt.a(vex_color.cpp.obj)
                0x038099e4                vex::color::orange
 .bss._ZN3vex5color5blackE
                0x038099ec        0x8 C:\Program Files (x86)\VEX Robotics\VEXcode V5 Text\sdk/vexv5\libv5rt.a(vex_color.cpp.obj)
                0x038099ec                vex::color::black
 .bss._ZN3vex5color6yellowE
                0x038099f4        0x8 C:\Program Files (x86)\VEX Robotics\VEXcode V5 Text\sdk/vexv5\libv5rt.a(vex_color.cpp.obj)
                0x038099f4                vex::color::yellow
 .bss._ZN3vex5color5greenE
                0x038099fc        0x8 C:\Program Files (x86)\VEX Robotics\VEXcode V5 Text\sdk/vexv5\libv5rt.a(vex_color.cpp.obj)
                0x038099fc                vex::color::green
 .bss._ZN3vex5color6purpleE
                0x03809a04        0x8 C:\Program Files (x86)\VEX Robotics\VEXcode V5 Text\sdk/vexv5\libv5rt.a(vex_color.cpp.obj)
                0x03809a04                vex::color::purple
 .bss._ZN3vex5color4cyanE
                0x03809a0c        0x8 C:\Program Files (x86)\VEX Robotics\VEXcode V5 Text\sdk/vexv5\libv5rt.a(vex_color.cpp.obj)
                0x03809a0c                vex::color::cyan
 .bss._ZN3vex5color4blueE
                0x03809a14        0x8 C:\Program Files (x86)\VEX Robotics\VEXcode V5 Text\sdk/vexv5\libv5rt.a(vex_color.cpp.obj)
                0x03809a14                vex::color::blue
 .bss._ZN3vex5color3redE
                0x03809a1c        0x8 C:\Program Files (x86)\VEX Robotics\VEXcode V5 Text\sdk/vexv5\libv5rt.a(vex_color.cpp.obj)
                0x03809a1c                vex::color::red
 .bss._ZN3vex5color11transparentE
                0x03809a24        0x8 C:\Program Files (x86)\VEX Robotics\VEXcode V5 Text\sdk/vexv5\libv5rt.a(vex_color.cpp.obj)
                0x03809a24                vex::color::transparent
 .bss._ZN3vex5color5whiteE
                0x03809a2c        0x8 C:\Program Files (x86)\VEX Robotics\VEXcode V5 Text\sdk/vexv5\libv5rt.a(vex_color.cpp.obj)
                0x03809a2c                vex::color::white
 *(.gnu.linkonce.b.*)
 *(COMMON)
 COMMON         0x03809a34       0x18 C:\Program Files (x86)\VEX Robotics\VEXcode V5 Text\sdk/vexv5\libv5rt.a(v5_startup.c.obj)
                0x03809a38                __vex_critical_section
                0x03809a4c                __bss_end = .
                0x03809228                _SDA_BASE_ = (__sdata_start + ((__sbss_end - __sdata_start) / 0x2))
                0x03808dcd                _SDA2_BASE_ = (__sdata2_start + ((__sbss2_end - __sdata2_start) / 0x2))

.heap           0x03809a4c   0x100004
                0x03809a50                . = ALIGN (0x10)
 *fill*         0x03809a4c        0x4 
                0x03809a50                _heap = .
                0x03809a50                HeapBase = .
                0x03809a50                _heap_start = .
                0x03909a50                . = (. + _HEAP_SIZE)
 *fill*         0x03809a50   0x100000 
                0x03909a50                _heap_end = .
                0x03909a50                HeapLimit = .

.stack          0x03909a50     0x3800
                0x03909a50                . = ALIGN (0x10)
                0x03909a50                _stack_end = .
                0x0390ba50                . = (. + _STACK_SIZE)
 *fill*         0x03909a50     0x2000 
                0x0390ba50                . = ALIGN (0x10)
                0x0390ba50                _stack = .
                0x0390ba50                __stack = _stack
                0x0390ba50                . = ALIGN (0x10)
                0x0390ba50                _irq_stack_end = .
                0x0390be50                . = (. + _IRQ_STACK_SIZE)
 *fill*         0x0390ba50      0x400 
                0x0390be50                . = ALIGN (0x10)
                0x0390be50                __irq_stack = .
                0x0390be50                _supervisor_stack_end = .
                0x0390c650                . = (. + _SUPERVISOR_STACK_SIZE)
 *fill*         0x0390be50      0x800 
                0x0390c650                . = ALIGN (0x10)
                0x0390c650                __supervisor_stack = .
                0x0390c650                _abort_stack_end = .
                0x0390ca50                . = (. + _ABORT_STACK_SIZE)
 *fill*         0x0390c650      0x400 
                0x0390ca50                . = ALIGN (0x10)
                0x0390ca50                __abort_stack = .
                0x0390ca50                _fiq_stack_end = .
                0x0390ce50                . = (. + _FIQ_STACK_SIZE)
 *fill*         0x0390ca50      0x400 
                0x0390ce50                . = ALIGN (0x10)
                0x0390ce50                __fiq_stack = .
                0x0390ce50                _undef_stack_end = .
                0x0390d250                . = (. + _UNDEF_STACK_SIZE)
 *fill*         0x0390ce50      0x400 
                0x0390d250                . = ALIGN (0x10)
                0x0390d250                __undef_stack = .
                0x0390d250                _end = .
LOAD C:\Program Files (x86)\VEX Robotics\VEXcode V5 Text\sdk/vexv5/stdlib_0.lib
LOAD build/src/main.o
LOAD build/src/robot-config.o
START GROUP
LOAD C:\Program Files (x86)\VEX Robotics\VEXcode V5 Text\sdk/vexv5\libv5rt.a
LOAD C:\Program Files (x86)\VEX Robotics\VEXcode V5 Text\sdk/vexv5/gcc/libs\libstdc++.a
LOAD C:\Program Files (x86)\VEX Robotics\VEXcode V5 Text\sdk/vexv5/gcc/libs\libc.a
LOAD C:\Program Files (x86)\VEX Robotics\VEXcode V5 Text\sdk/vexv5/gcc/libs\libm.a
LOAD C:\Program Files (x86)\VEX Robotics\VEXcode V5 Text\sdk/vexv5/gcc/libs\libgcc.a
END GROUP
OUTPUT(build/PCHSRoboticsTwTo2020.elf elf32-littlearm)

.comment        0x00000000       0x9d
 .comment       0x00000000       0x2d build/src/main.o
                                 0x2e (size before relaxing)
 .comment       0x00000000       0x2e build/src/robot-config.o
 .comment       0x0000002d       0x70 C:\Program Files (x86)\VEX Robotics\VEXcode V5 Text\sdk/vexv5\libv5rt.a(v5_startup.c.obj)
                                 0x71 (size before relaxing)
 .comment       0x00000000       0x71 C:\Program Files (x86)\VEX Robotics\VEXcode V5 Text\sdk/vexv5\libv5rt.a(v5_util.c.obj)
 .comment       0x00000000       0x71 C:\Program Files (x86)\VEX Robotics\VEXcode V5 Text\sdk/vexv5\libv5rt.a(v5_apijump.c.obj)
 .comment       0x00000000       0x71 C:\Program Files (x86)\VEX Robotics\VEXcode V5 Text\sdk/vexv5\libv5rt.a(v5_apiversions.c.obj)
 .comment       0x00000000       0x71 C:\Program Files (x86)\VEX Robotics\VEXcode V5 Text\sdk/vexv5\libv5rt.a(vex_global.cpp.obj)
 .comment       0x00000000       0x71 C:\Program Files (x86)\VEX Robotics\VEXcode V5 Text\sdk/vexv5\libv5rt.a(vex_motor.cpp.obj)
 .comment       0x00000000       0x71 C:\Program Files (x86)\VEX Robotics\VEXcode V5 Text\sdk/vexv5\libv5rt.a(vex_controller.cpp.obj)
 .comment       0x00000000       0x71 C:\Program Files (x86)\VEX Robotics\VEXcode V5 Text\sdk/vexv5\libv5rt.a(vex_task.cpp.obj)
 .comment       0x00000000       0x71 C:\Program Files (x86)\VEX Robotics\VEXcode V5 Text\sdk/vexv5\libv5rt.a(vex_thread.cpp.obj)
 .comment       0x00000000       0x71 C:\Program Files (x86)\VEX Robotics\VEXcode V5 Text\sdk/vexv5\libv5rt.a(vex_event.cpp.obj)
 .comment       0x00000000       0x71 C:\Program Files (x86)\VEX Robotics\VEXcode V5 Text\sdk/vexv5\libv5rt.a(vex_mevent.cpp.obj)
 .comment       0x00000000       0x71 C:\Program Files (x86)\VEX Robotics\VEXcode V5 Text\sdk/vexv5\libv5rt.a(vex_brain.cpp.obj)
 .comment       0x00000000       0x71 C:\Program Files (x86)\VEX Robotics\VEXcode V5 Text\sdk/vexv5\libv5rt.a(vex_competition.cpp.obj)
 .comment       0x00000000       0x71 C:\Program Files (x86)\VEX Robotics\VEXcode V5 Text\sdk/vexv5\libv5rt.a(vex_triport.cpp.obj)
 .comment       0x00000000       0x71 C:\Program Files (x86)\VEX Robotics\VEXcode V5 Text\sdk/vexv5\libv5rt.a(vex_color.cpp.obj)
 .comment       0x00000000       0x71 C:\Program Files (x86)\VEX Robotics\VEXcode V5 Text\sdk/vexv5\libv5rt.a(vex_timer.cpp.obj)
 .comment       0x00000000       0x71 C:\Program Files (x86)\VEX Robotics\VEXcode V5 Text\sdk/vexv5\libv5rt.a(v5_apiuser.c.obj)
 .comment       0x00000000       0x71 C:\Program Files (x86)\VEX Robotics\VEXcode V5 Text\sdk/vexv5\libv5rt.a(vex_device.cpp.obj)

.note.GNU-stack
                0x00000000        0x0
 .note.GNU-stack
                0x00000000        0x0 build/src/main.o
 .note.GNU-stack
                0x00000000        0x0 build/src/robot-config.o

.debug_frame    0x00000000       0x80
 .debug_frame   0x00000000       0x34 C:\Program Files (x86)\VEX Robotics\VEXcode V5 Text\sdk/vexv5/gcc/libs\libc.a(lib_a-fini.o)
 .debug_frame   0x00000034       0x2c C:\Program Files (x86)\VEX Robotics\VEXcode V5 Text\sdk/vexv5/gcc/libs\libc.a(lib_a-init.o)
 .debug_frame   0x00000060       0x20 C:\Program Files (x86)\VEX Robotics\VEXcode V5 Text\sdk/vexv5/gcc/libs\libc.a(lib_a-tolower.o)
