Archive member included because of file (symbol)

C:\Program Files (x86)\VEX Robotics\VEXcode V5 Text\sdk/vexv5\libv5rt.a(v5_startup.c.obj)
                              (vexStartup)
C:\Program Files (x86)\VEX Robotics\VEXcode V5 Text\sdk/vexv5\libv5rt.a(v5_util.c.obj)
                              C:\Program Files (x86)\VEX Robotics\VEXcode V5 Text\sdk/vexv5\libv5rt.a(v5_startup.c.obj) (vexStdlibVersionLinked)
C:\Program Files (x86)\VEX Robotics\VEXcode V5 Text\sdk/vexv5\libv5rt.a(v5_apijump.c.obj)
                              C:\Program Files (x86)\VEX Robotics\VEXcode V5 Text\sdk/vexv5\libv5rt.a(v5_startup.c.obj) (vexPrivateApiEnable)
C:\Program Files (x86)\VEX Robotics\VEXcode V5 Text\sdk/vexv5\libv5rt.a(v5_apiversions.c.obj)
                              C:\Program Files (x86)\VEX Robotics\VEXcode V5 Text\sdk/vexv5\libv5rt.a(v5_apijump.c.obj) (vexSystemVersion)
C:\Program Files (x86)\VEX Robotics\VEXcode V5 Text\sdk/vexv5\libv5rt.a(vex_global.cpp.obj)
                              build/src/robot-config.o (vex::ratio18_1)
C:\Program Files (x86)\VEX Robotics\VEXcode V5 Text\sdk/vexv5\libv5rt.a(vex_motor.cpp.obj)
                              build/src/robot-config.o (vex::motor::~motor())
C:\Program Files (x86)\VEX Robotics\VEXcode V5 Text\sdk/vexv5\libv5rt.a(vex_vision.cpp.obj)
                              build/src/main.o (vex::vision::~vision())
C:\Program Files (x86)\VEX Robotics\VEXcode V5 Text\sdk/vexv5\libv5rt.a(vex_controller.cpp.obj)
                              build/src/robot-config.o (vex::controller::~controller())
C:\Program Files (x86)\VEX Robotics\VEXcode V5 Text\sdk/vexv5\libv5rt.a(vex_thread.cpp.obj)
                              build/src/main.o (vex::thread::thread(int (*)()))
C:\Program Files (x86)\VEX Robotics\VEXcode V5 Text\sdk/vexv5\libv5rt.a(vex_event.cpp.obj)
                              C:\Program Files (x86)\VEX Robotics\VEXcode V5 Text\sdk/vexv5\libv5rt.a(vex_controller.cpp.obj) (vex::event::init(unsigned long, unsigned long, void (*)()))
C:\Program Files (x86)\VEX Robotics\VEXcode V5 Text\sdk/vexv5\libv5rt.a(vex_mevent.cpp.obj)
                              C:\Program Files (x86)\VEX Robotics\VEXcode V5 Text\sdk/vexv5\libv5rt.a(vex_controller.cpp.obj) (vex::mevent::mevent(unsigned long, unsigned long))
C:\Program Files (x86)\VEX Robotics\VEXcode V5 Text\sdk/vexv5\libv5rt.a(vex_brain.cpp.obj)
                              build/src/robot-config.o (vex::brain::~brain())
C:\Program Files (x86)\VEX Robotics\VEXcode V5 Text\sdk/vexv5\libv5rt.a(vex_competition.cpp.obj)
                              build/src/main.o (vex::competition::competition())
C:\Program Files (x86)\VEX Robotics\VEXcode V5 Text\sdk/vexv5\libv5rt.a(vex_triport.cpp.obj)
                              C:\Program Files (x86)\VEX Robotics\VEXcode V5 Text\sdk/vexv5\libv5rt.a(vex_brain.cpp.obj) (vex::triport::~triport())
C:\Program Files (x86)\VEX Robotics\VEXcode V5 Text\sdk/vexv5\libv5rt.a(vex_color.cpp.obj)
                              build/src/main.o (vex::color::~color())
C:\Program Files (x86)\VEX Robotics\VEXcode V5 Text\sdk/vexv5\libv5rt.a(vex_timer.cpp.obj)
                              C:\Program Files (x86)\VEX Robotics\VEXcode V5 Text\sdk/vexv5\libv5rt.a(vex_brain.cpp.obj) (vex::timer::~timer())
C:\Program Files (x86)\VEX Robotics\VEXcode V5 Text\sdk/vexv5\libv5rt.a(v5_apiuser.c.obj)
                              C:\Program Files (x86)\VEX Robotics\VEXcode V5 Text\sdk/vexv5\libv5rt.a(vex_triport.cpp.obj) (vexAdiPortConfigSet)
C:\Program Files (x86)\VEX Robotics\VEXcode V5 Text\sdk/vexv5\libv5rt.a(vex_device.cpp.obj)
                              C:\Program Files (x86)\VEX Robotics\VEXcode V5 Text\sdk/vexv5\libv5rt.a(vex_triport.cpp.obj) (vex::device::value())
C:\Program Files (x86)\VEX Robotics\VEXcode V5 Text\sdk/vexv5\libv5rt.a(vex_task.cpp.obj)
                              C:\Program Files (x86)\VEX Robotics\VEXcode V5 Text\sdk/vexv5\libv5rt.a(vex_competition.cpp.obj) (vex::task::task(int (*)()))
C:\Program Files (x86)\VEX Robotics\VEXcode V5 Text\sdk/vexv5/gcc/libs\libc.a(lib_a-fini.o)
                              C:\Program Files (x86)\VEX Robotics\VEXcode V5 Text\sdk/vexv5\libv5rt.a(v5_startup.c.obj) (__libc_fini_array)
C:\Program Files (x86)\VEX Robotics\VEXcode V5 Text\sdk/vexv5/gcc/libs\libc.a(lib_a-impure.o)
                              C:\Program Files (x86)\VEX Robotics\VEXcode V5 Text\sdk/vexv5\libv5rt.a(v5_startup.c.obj) (_impure_ptr)
C:\Program Files (x86)\VEX Robotics\VEXcode V5 Text\sdk/vexv5/gcc/libs\libc.a(lib_a-init.o)
                              C:\Program Files (x86)\VEX Robotics\VEXcode V5 Text\sdk/vexv5\libv5rt.a(v5_startup.c.obj) (__libc_init_array)
C:\Program Files (x86)\VEX Robotics\VEXcode V5 Text\sdk/vexv5/gcc/libs\libc.a(lib_a-tolower.o)
                              C:\Program Files (x86)\VEX Robotics\VEXcode V5 Text\sdk/vexv5\libv5rt.a(vex_brain.cpp.obj) (tolower)
C:\Program Files (x86)\VEX Robotics\VEXcode V5 Text\sdk/vexv5/gcc/libs\libc.a(lib_a-ctype_.o)
[...]
Memory Configuration

Name             Origin             Length             Attributes
ps7_ddr_0_S_AXI_BASEADDR 0x03800000         0x04800000
*default*        0x00000000         0xffffffff

Linker script and memory map

                0x00002000                _STACK_SIZE = DEFINED (_STACK_SIZE)?_STACK_SIZE:0x2000
                0x00100000                _HEAP_SIZE = DEFINED (_HEAP_SIZE)?_HEAP_SIZE:0x100000
                0x00000400                _ABORT_STACK_SIZE = DEFINED (_ABORT_STACK_SIZE)?_ABORT_STACK_SIZE:0x400
                0x00000800                _SUPERVISOR_STACK_SIZE = DEFINED (_SUPERVISOR_STACK_SIZE)?_SUPERVISOR_STACK_SIZE:0x800
                0x00000400                _IRQ_STACK_SIZE = DEFINED (_IRQ_STACK_SIZE)?_IRQ_STACK_SIZE:0x400
                0x00000400                _FIQ_STACK_SIZE = DEFINED (_FIQ_STACK_SIZE)?_FIQ_STACK_SIZE:0x400
                0x00000400                _UNDEF_STACK_SIZE = DEFINED (_UNDEF_STACK_SIZE)?_UNDEF_STACK_SIZE:0x400

.text           0x03800000     0x8360
 *(.vectors)
 *(.boot_data)
 .boot_data     0x03800000       0x20 C:\Program Files (x86)\VEX Robotics\VEXcode V5 Text\sdk/vexv5\libv5rt.a(v5_startup.c.obj)
                0x03800000                vexCodeSig
                0x00000020                . = 0x20
 *(.boot)
 .boot          0x03800020       0xbc C:\Program Files (x86)\VEX Robotics\VEXcode V5 Text\sdk/vexv5\libv5rt.a(v5_startup.c.obj)
                0x03800020                vexStartup
                0x03800100                . = ALIGN (0x40)
 *fill*         0x038000dc       0x24 
 *(.freertos_vectors)
 *(.text)
 *(.text.*)
 .text._ZN3vex6visionC2IJNS0_9signatureES2_S2_S2_S2_S2_S2_EEElhDpRT_
                0x03800100       0x64 build/src/main.o
                0x03800100                vex::vision::vision<vex::vision::signature, vex::vision::signature, vex::vision::signature, vex::vision::signature, vex::vision::signature, vex::vision::signature, vex::vision::signature>(long, unsigned char, vex::vision::signature&, vex::vision::signature&, vex::vision::signature&, vex::vision::signature&, vex::vision::signature&, vex::vision::signature&, vex::vision::signature&)
 *fill*         0x03800164        0x4 
 .text._Z8setDriveifffb
                0x03800168      0x1c4 build/src/main.o
                0x03800168                setDrive(int, float, float, float, bool)
 .text._ZN9PCHSdrive5resetEv
                0x0380032c       0x5c build/src/main.o
                0x0380032c                PCHSdrive::reset()
 .text._Z9waitDrivei
                0x03800388       0x84 build/src/main.o
                0x03800388                waitDrive(int)
 .text._Z12waitDriveNewii
                0x0380040c       0x88 build/src/main.o
                0x0380040c                waitDriveNew(int, int)
 *fill*         0x03800494        0x4 
 .text._Z6pickUpiifb
                0x03800498       0xfc build/src/main.o
                0x03800498                pickUp(int, int, float, bool)
 *fill*         0x03800594        0x4 
 .text._Z12driveControlv
                0x03800598      0x5a8 build/src/main.o
                0x03800598                driveControl()
 .text._ZN9PCHSdrive8trackPosEv
                0x03800b40      0x250 build/src/main.o
                0x03800b40                PCHSdrive::trackPos()
 .text._ZN3PID14getOutputPowerEif
                0x03800d90       0xac build/src/main.o
                0x03800d90                PID::getOutputPower(int, float)
 .text._ZN9PCHSdrive10move_driveEii
                0x03800e3c      0x100 build/src/main.o
                0x03800e3c                PCHSdrive::move_drive(int, int)
 .text._Z13ArmPosControlv
                0x03800f3c       0xac build/src/main.o
                0x03800f3c                ArmPosControl()
 .text._Z13swivelControlv
                0x03800fe8       0x80 build/src/main.o
                0x03800fe8                swivelControl()
 .text._Z13intakeControlv
                0x03801068      0x15c build/src/main.o
                0x03801068                intakeControl()
 .text._Z9pre_autonv
                0x038011c4      0x60c build/src/main.o
                0x038011c4                pre_auton()
 .text._ZN9PCHSdrive9fullResetEv
                0x038017d0       0x7c build/src/main.o
                0x038017d0                PCHSdrive::fullReset()
 .text._ZN6intake5resetEv
                0x0380184c       0x4c build/src/main.o
                0x0380184c                intake::reset()
 .text._ZN6buttonC2EiiiibN3vex5colorE
                0x03801898       0xbc build/src/main.o
                0x03801898                button::button(int, int, int, int, bool, vex::color)
 .text._ZN6button6updateEv
                0x03801954       0x88 build/src/main.o
                0x03801954                button::update()
 *fill*         0x038019dc        0x4 
 .text._Z10autonomousv
                0x038019e0     0x17d8 build/src/main.o
                0x038019e0                autonomous()
 .text._Z11usercontrolv
                0x038031b8      0x5a0 build/src/main.o
                0x038031b8                usercontrol()
 .text.main     0x03803758       0x44 build/src/main.o
                0x03803758                main
 .text._ZN3vex6vision7_setsigINS0_9signatureEJS2_S2_S2_S2_EEEvRT_DpRT0_
                0x0380379c       0x4c build/src/main.o
                0x0380379c                void vex::vision::_setsig<vex::vision::signature, vex::vision::signature, vex::vision::signature, vex::vision::signature, vex::vision::signature>(vex::vision::signature&, vex::vision::signature&, vex::vision::signature&, vex::vision::signature&, vex::vision::signature&)
 .text._GLOBAL__sub_I_main.cpp
                0x038037e8      0x750 build/src/main.o
 .text._Z11vexcodeInitv
                0x03803f38        0x4 build/src/robot-config.o
                0x03803f38                vexcodeInit()
 .text._GLOBAL__sub_I_robot_config.cpp
                0x03803f3c      0x2e4 build/src/robot-config.o
 .text.vexMain  0x03804220       0xb0 C:\Program Files (x86)\VEX Robotics\VEXcode V5 Text\sdk/vexv5\libv5rt.a(v5_startup.c.obj)
                0x03804220                vexMain
 .text.__vex_function_prolog
                0x038042d0       0x18 C:\Program Files (x86)\VEX Robotics\VEXcode V5 Text\sdk/vexv5\libv5rt.a(v5_startup.c.obj)
                0x038042d0                __vex_function_prolog
 .text._init    0x038042e8        0x4 C:\Program Files (x86)\VEX Robotics\VEXcode V5 Text\sdk/vexv5\libv5rt.a(v5_startup.c.obj)
                0x038042e8                _init
 .text._fini    0x038042ec        0x4 C:\Program Files (x86)\VEX Robotics\VEXcode V5 Text\sdk/vexv5\libv5rt.a(v5_startup.c.obj)
                0x038042ec                _fini
 .text.vexStdlibVersionLinked
                0x038042f0        0xc C:\Program Files (x86)\VEX Robotics\VEXcode V5 Text\sdk/vexv5\libv5rt.a(v5_util.c.obj)
                0x038042f0                vexStdlibVersionLinked
 .text.vexStdlibVersionVerify
                0x038042fc       0x30 C:\Program Files (x86)\VEX Robotics\VEXcode V5 Text\sdk/vexv5\libv5rt.a(v5_util.c.obj)
                0x038042fc                vexStdlibVersionVerify
 .text.vexPrivateApiEnable
                0x0380432c       0x10 C:\Program Files (x86)\VEX Robotics\VEXcode V5 Text\sdk/vexv5\libv5rt.a(v5_apijump.c.obj)
                0x0380432c                vexPrivateApiEnable
 .text.vexStdlibMismatchError
                0x0380433c       0x3c C:\Program Files (x86)\VEX Robotics\VEXcode V5 Text\sdk/vexv5\libv5rt.a(v5_apijump.c.obj)
                0x0380433c                vexStdlibMismatchError
 .text.vexScratchMemoryPtr
                0x03804378       0x30 C:\Program Files (x86)\VEX Robotics\VEXcode V5 Text\sdk/vexv5\libv5rt.a(v5_apijump.c.obj)
                0x03804378                vexScratchMemoryPtr
 .text.vexTaskAdd
                0x038043a8       0x10 C:\Program Files (x86)\VEX Robotics\VEXcode V5 Text\sdk/vexv5\libv5rt.a(v5_apijump.c.obj)
                0x038043a8                vexTaskAdd
 .text.vexTaskStop
                0x038043b8       0x10 C:\Program Files (x86)\VEX Robotics\VEXcode V5 Text\sdk/vexv5\libv5rt.a(v5_apijump.c.obj)
                0x038043b8                vexTaskStop
 .text.vexTasksRun
                0x038043c8       0x10 C:\Program Files (x86)\VEX Robotics\VEXcode V5 Text\sdk/vexv5\libv5rt.a(v5_apijump.c.obj)
                0x038043c8                vexTasksRun
 .text.vexTaskYield
                0x038043d8       0x10 C:\Program Files (x86)\VEX Robotics\VEXcode V5 Text\sdk/vexv5\libv5rt.a(v5_apijump.c.obj)
                0x038043d8                vexTaskYield
 .text.vexTaskCheckTimeslice
                0x038043e8       0x10 C:\Program Files (x86)\VEX Robotics\VEXcode V5 Text\sdk/vexv5\libv5rt.a(v5_apijump.c.obj)
                0x038043e8                vexTaskCheckTimeslice
 .text.vexTaskSleep
                0x038043f8       0x10 C:\Program Files (x86)\VEX Robotics\VEXcode V5 Text\sdk/vexv5\libv5rt.a(v5_apijump.c.obj)
                0x038043f8                vexTaskSleep
 .text.vexTasksDump
                0x03804408       0x1c C:\Program Files (x86)\VEX Robotics\VEXcode V5 Text\sdk/vexv5\libv5rt.a(v5_apijump.c.obj)
                0x03804408                vexTasksDump
 .text.vexTaskGetTaskIndex
                0x03804424       0x10 C:\Program Files (x86)\VEX Robotics\VEXcode V5 Text\sdk/vexv5\libv5rt.a(v5_apijump.c.obj)
                0x03804424                vexTaskGetTaskIndex
 .text.vexTaskStopAll
                0x03804434       0x10 C:\Program Files (x86)\VEX Robotics\VEXcode V5 Text\sdk/vexv5\libv5rt.a(v5_apijump.c.obj)
                0x03804434                vexTaskStopAll
 .text.vexTaskRemoveAllUser
                0x03804444       0x34 C:\Program Files (x86)\VEX Robotics\VEXcode V5 Text\sdk/vexv5\libv5rt.a(v5_apijump.c.obj)
                0x03804444                vexTaskRemoveAllUser
 .text.vexTaskCompletionIdSet
                0x03804478       0x10 C:\Program Files (x86)\VEX Robotics\VEXcode V5 Text\sdk/vexv5\libv5rt.a(v5_apijump.c.obj)
                0x03804478                vexTaskCompletionIdSet
 .text.vexCriticalSection
                0x03804488       0x2c C:\Program Files (x86)\VEX Robotics\VEXcode V5 Text\sdk/vexv5\libv5rt.a(v5_apijump.c.obj)
                0x03804488                vexCriticalSection
 .text.vexEventAdd
                0x038044b4       0x34 C:\Program Files (x86)\VEX Robotics\VEXcode V5 Text\sdk/vexv5\libv5rt.a(v5_apijump.c.obj)
                0x038044b4                vexEventAdd
 .text.vexEventUserIndexGet
                0x038044e8       0x1c C:\Program Files (x86)\VEX Robotics\VEXcode V5 Text\sdk/vexv5\libv5rt.a(v5_apijump.c.obj)
                0x038044e8                vexEventUserIndexGet
 .text.vexEventAddWithArg
                0x03804504       0x3c C:\Program Files (x86)\VEX Robotics\VEXcode V5 Text\sdk/vexv5\libv5rt.a(v5_apijump.c.obj)
                0x03804504                vexEventAddWithArg
 .text.vexEventsCleanup
                0x03804540       0x2c C:\Program Files (x86)\VEX Robotics\VEXcode V5 Text\sdk/vexv5\libv5rt.a(v5_apijump.c.obj)
                0x03804540                vexEventsCleanup
 .text.vexDebug
                0x0380456c       0x38 C:\Program Files (x86)\VEX Robotics\VEXcode V5 Text\sdk/vexv5\libv5rt.a(v5_apijump.c.obj)
                0x0380456c                vexDebug
 .text.vex_sprintf
                0x038045a4       0x40 C:\Program Files (x86)\VEX Robotics\VEXcode V5 Text\sdk/vexv5\libv5rt.a(v5_apijump.c.obj)
                0x038045a4                vex_sprintf
 .text.vex_vsnprintf
                0x038045e4       0x3c C:\Program Files (x86)\VEX Robotics\VEXcode V5 Text\sdk/vexv5\libv5rt.a(v5_apijump.c.obj)
                0x038045e4                vex_vsnprintf
 .text.vexSystemTimeGet
                0x03804620       0x1c C:\Program Files (x86)\VEX Robotics\VEXcode V5 Text\sdk/vexv5\libv5rt.a(v5_apijump.c.obj)
                0x03804620                vexSystemTimeGet
 .text.vexSystemExitRequest
                0x0380463c       0x1c C:\Program Files (x86)\VEX Robotics\VEXcode V5 Text\sdk/vexv5\libv5rt.a(v5_apijump.c.obj)
                0x0380463c                vexSystemExitRequest
 .text.vexDeviceGetByIndex
                0x03804658       0x24 C:\Program Files (x86)\VEX Robotics\VEXcode V5 Text\sdk/vexv5\libv5rt.a(v5_apijump.c.obj)
                0x03804658                vexDeviceGetByIndex
 .text.vexControllerGet
                0x0380467c       0x2c C:\Program Files (x86)\VEX Robotics\VEXcode V5 Text\sdk/vexv5\libv5rt.a(v5_apijump.c.obj)
                0x0380467c                vexControllerGet
 .text.vexDeviceAdiPortConfigSet
                0x038046a8       0x34 C:\Program Files (x86)\VEX Robotics\VEXcode V5 Text\sdk/vexv5\libv5rt.a(v5_apijump.c.obj)
                0x038046a8                vexDeviceAdiPortConfigSet
 .text.vexDeviceAdiPortConfigGet
                0x038046dc       0x2c C:\Program Files (x86)\VEX Robotics\VEXcode V5 Text\sdk/vexv5\libv5rt.a(v5_apijump.c.obj)
                0x038046dc                vexDeviceAdiPortConfigGet
 .text.vexDeviceAdiValueSet
                0x03804708       0x34 C:\Program Files (x86)\VEX Robotics\VEXcode V5 Text\sdk/vexv5\libv5rt.a(v5_apijump.c.obj)
                0x03804708                vexDeviceAdiValueSet
 .text.vexDeviceAdiValueGet
                0x0380473c       0x2c C:\Program Files (x86)\VEX Robotics\VEXcode V5 Text\sdk/vexv5\libv5rt.a(v5_apijump.c.obj)
                0x0380473c                vexDeviceAdiValueGet
 .text.vexDeviceMotorVelocitySet
                0x03804768       0x2c C:\Program Files (x86)\VEX Robotics\VEXcode V5 Text\sdk/vexv5\libv5rt.a(v5_apijump.c.obj)
                0x03804768                vexDeviceMotorVelocitySet
 .text.vexDeviceMotorActualVelocityGet
                0x03804794       0x24 C:\Program Files (x86)\VEX Robotics\VEXcode V5 Text\sdk/vexv5\libv5rt.a(v5_apijump.c.obj)
                0x03804794                vexDeviceMotorActualVelocityGet
 .text.vexDeviceMotorReverseFlagSet
                0x038047b8       0x2c C:\Program Files (x86)\VEX Robotics\VEXcode V5 Text\sdk/vexv5\libv5rt.a(v5_apijump.c.obj)
                0x038047b8                vexDeviceMotorReverseFlagSet
 .text.vexDeviceMotorEncoderUnitsSet
                0x038047e4       0x2c C:\Program Files (x86)\VEX Robotics\VEXcode V5 Text\sdk/vexv5\libv5rt.a(v5_apijump.c.obj)
                0x038047e4                vexDeviceMotorEncoderUnitsSet
 .text.vexDeviceMotorBrakeModeSet
                0x03804810       0x2c C:\Program Files (x86)\VEX Robotics\VEXcode V5 Text\sdk/vexv5\libv5rt.a(v5_apijump.c.obj)
                0x03804810                vexDeviceMotorBrakeModeSet
 .text.vexDeviceMotorPositionSet
                0x0380483c       0x34 C:\Program Files (x86)\VEX Robotics\VEXcode V5 Text\sdk/vexv5\libv5rt.a(v5_apijump.c.obj)
                0x0380483c                vexDeviceMotorPositionSet
 .text.vexDeviceMotorPositionGet
                0x03804870       0x24 C:\Program Files (x86)\VEX Robotics\VEXcode V5 Text\sdk/vexv5\libv5rt.a(v5_apijump.c.obj)
                0x03804870                vexDeviceMotorPositionGet
 .text.vexDeviceMotorGearingSet
                0x03804894       0x2c C:\Program Files (x86)\VEX Robotics\VEXcode V5 Text\sdk/vexv5\libv5rt.a(v5_apijump.c.obj)
                0x03804894                vexDeviceMotorGearingSet
 .text.vexDeviceMotorGearingGet
                0x038048c0       0x24 C:\Program Files (x86)\VEX Robotics\VEXcode V5 Text\sdk/vexv5\libv5rt.a(v5_apijump.c.obj)
                0x038048c0                vexDeviceMotorGearingGet
 .text.vexDeviceVisionModeSet
                0x038048e4       0x2c C:\Program Files (x86)\VEX Robotics\VEXcode V5 Text\sdk/vexv5\libv5rt.a(v5_apijump.c.obj)
                0x038048e4                vexDeviceVisionModeSet
 .text.vexDeviceVisionObjectCountGet
                0x03804910       0x24 C:\Program Files (x86)\VEX Robotics\VEXcode V5 Text\sdk/vexv5\libv5rt.a(v5_apijump.c.obj)
                0x03804910                vexDeviceVisionObjectCountGet
 .text.vexDeviceVisionObjectGet
                0x03804934       0x34 C:\Program Files (x86)\VEX Robotics\VEXcode V5 Text\sdk/vexv5\libv5rt.a(v5_apijump.c.obj)
                0x03804934                vexDeviceVisionObjectGet
 .text.vexDeviceVisionSignatureSet
                0x03804968       0x2c C:\Program Files (x86)\VEX Robotics\VEXcode V5 Text\sdk/vexv5\libv5rt.a(v5_apijump.c.obj)
                0x03804968                vexDeviceVisionSignatureSet
 .text.vexDeviceVisionBrightnessSet
                0x03804994       0x2c C:\Program Files (x86)\VEX Robotics\VEXcode V5 Text\sdk/vexv5\libv5rt.a(v5_apijump.c.obj)
                0x03804994                vexDeviceVisionBrightnessSet
 .text.vexDeviceVisionLedModeSet
                0x038049c0       0x2c C:\Program Files (x86)\VEX Robotics\VEXcode V5 Text\sdk/vexv5\libv5rt.a(v5_apijump.c.obj)
                0x038049c0                vexDeviceVisionLedModeSet
 .text.vexDeviceVisionLedColorSet
                0x038049ec       0x30 C:\Program Files (x86)\VEX Robotics\VEXcode V5 Text\sdk/vexv5\libv5rt.a(v5_apijump.c.obj)
                0x038049ec                vexDeviceVisionLedColorSet
 .text.vexDisplayForegroundColor
                0x03804a1c       0x24 C:\Program Files (x86)\VEX Robotics\VEXcode V5 Text\sdk/vexv5\libv5rt.a(v5_apijump.c.obj)
                0x03804a1c                vexDisplayForegroundColor
 .text.vexDisplayBackgroundColor
                0x03804a40       0x24 C:\Program Files (x86)\VEX Robotics\VEXcode V5 Text\sdk/vexv5\libv5rt.a(v5_apijump.c.obj)
                0x03804a40                vexDisplayBackgroundColor
 .text.vexDisplayBackgroundColorGet
                0x03804a64       0x1c C:\Program Files (x86)\VEX Robotics\VEXcode V5 Text\sdk/vexv5\libv5rt.a(v5_apijump.c.obj)
                0x03804a64                vexDisplayBackgroundColorGet
 .text.vexDisplayCopyRect
                0x03804a80       0x5c C:\Program Files (x86)\VEX Robotics\VEXcode V5 Text\sdk/vexv5\libv5rt.a(v5_apijump.c.obj)
                0x03804a80                vexDisplayCopyRect
 .text.vexDisplayRectDraw
                0x03804adc       0x4c C:\Program Files (x86)\VEX Robotics\VEXcode V5 Text\sdk/vexv5\libv5rt.a(v5_apijump.c.obj)
                0x03804adc                vexDisplayRectDraw
 .text.vexDisplayRectClear
                0x03804b28       0x4c C:\Program Files (x86)\VEX Robotics\VEXcode V5 Text\sdk/vexv5\libv5rt.a(v5_apijump.c.obj)
                0x03804b28                vexDisplayRectClear
 .text.vexDisplayPrintf
                0x03804b74       0x68 C:\Program Files (x86)\VEX Robotics\VEXcode V5 Text\sdk/vexv5\libv5rt.a(v5_apijump.c.obj)
                0x03804b74                vexDisplayPrintf
 .text.vexDisplayTextReference
                0x03804bdc       0x24 C:\Program Files (x86)\VEX Robotics\VEXcode V5 Text\sdk/vexv5\libv5rt.a(v5_apijump.c.obj)
                0x03804bdc                vexDisplayTextReference
 .text.vexDisplayTextSize
                0x03804c00       0x2c C:\Program Files (x86)\VEX Robotics\VEXcode V5 Text\sdk/vexv5\libv5rt.a(v5_apijump.c.obj)
                0x03804c00                vexDisplayTextSize
 .text.vexDisplayFontNamedSet
                0x03804c2c       0x24 C:\Program Files (x86)\VEX Robotics\VEXcode V5 Text\sdk/vexv5\libv5rt.a(v5_apijump.c.obj)
                0x03804c2c                vexDisplayFontNamedSet
 .text.vexDisplayPenSizeGet
                0x03804c50       0x1c C:\Program Files (x86)\VEX Robotics\VEXcode V5 Text\sdk/vexv5\libv5rt.a(v5_apijump.c.obj)
                0x03804c50                vexDisplayPenSizeGet
 .text.vexFileOpen
                0x03804c6c       0x2c C:\Program Files (x86)\VEX Robotics\VEXcode V5 Text\sdk/vexv5\libv5rt.a(v5_apijump.c.obj)
                0x03804c6c                vexFileOpen
 .text.vexFileClose
                0x03804c98       0x24 C:\Program Files (x86)\VEX Robotics\VEXcode V5 Text\sdk/vexv5\libv5rt.a(v5_apijump.c.obj)
                0x03804c98                vexFileClose
 .text.vexFileRead
                0x03804cbc       0x3c C:\Program Files (x86)\VEX Robotics\VEXcode V5 Text\sdk/vexv5\libv5rt.a(v5_apijump.c.obj)
                0x03804cbc                vexFileRead
 .text.vexFileSize
                0x03804cf8       0x24 C:\Program Files (x86)\VEX Robotics\VEXcode V5 Text\sdk/vexv5\libv5rt.a(v5_apijump.c.obj)
                0x03804cf8                vexFileSize
 .text.vexSystemStdlibImpureDataAddr
                0x03804d1c       0x28 C:\Program Files (x86)\VEX Robotics\VEXcode V5 Text\sdk/vexv5\libv5rt.a(v5_apijump.c.obj)
                0x03804d1c                vexSystemStdlibImpureDataAddr
 .text.vexSystemStdlibImpureDataSize
                0x03804d44       0x28 C:\Program Files (x86)\VEX Robotics\VEXcode V5 Text\sdk/vexv5\libv5rt.a(v5_apijump.c.obj)
                0x03804d44                vexSystemStdlibImpureDataSize
 .text.vexSystemSaveUserData
                0x03804d6c       0x3c C:\Program Files (x86)\VEX Robotics\VEXcode V5 Text\sdk/vexv5\libv5rt.a(v5_apijump.c.obj)
                0x03804d6c                vexSystemSaveUserData
 .text.vexTouchDataGet
                0x03804da8       0x10 C:\Program Files (x86)\VEX Robotics\VEXcode V5 Text\sdk/vexv5\libv5rt.a(v5_apijump.c.obj)
                0x03804da8                vexTouchDataGet
 .text.vexImageBmpRead
                0x03804db8       0x3c C:\Program Files (x86)\VEX Robotics\VEXcode V5 Text\sdk/vexv5\libv5rt.a(v5_apijump.c.obj)
                0x03804db8                vexImageBmpRead
 .text.vexImagePngRead
                0x03804df4       0x44 C:\Program Files (x86)\VEX Robotics\VEXcode V5 Text\sdk/vexv5\libv5rt.a(v5_apijump.c.obj)
                0x03804df4                vexImagePngRead
 .text.vexDisplayThemeIdGet
                0x03804e38       0x38 C:\Program Files (x86)\VEX Robotics\VEXcode V5 Text\sdk/vexv5\libv5rt.a(v5_apijump.c.obj)
                0x03804e38                vexDisplayThemeIdGet
 .text.vexDisplayRender
                0x03804e70       0x2c C:\Program Files (x86)\VEX Robotics\VEXcode V5 Text\sdk/vexv5\libv5rt.a(v5_apijump.c.obj)
                0x03804e70                vexDisplayRender
 .text.vexCompetitionStatus
                0x03804e9c       0x1c C:\Program Files (x86)\VEX Robotics\VEXcode V5 Text\sdk/vexv5\libv5rt.a(v5_apijump.c.obj)
                0x03804e9c                vexCompetitionStatus
 .text.vexDeviceEventMaskSet
                0x03804eb8       0x48 C:\Program Files (x86)\VEX Robotics\VEXcode V5 Text\sdk/vexv5\libv5rt.a(v5_apijump.c.obj)
                0x03804eb8                vexDeviceEventMaskSet
 .text.vexDeviceEventMaskGet
                0x03804f00       0x3c C:\Program Files (x86)\VEX Robotics\VEXcode V5 Text\sdk/vexv5\libv5rt.a(v5_apijump.c.obj)
                0x03804f00                vexDeviceEventMaskGet
 .text.vexSystemVersion
                0x03804f3c       0x10 C:\Program Files (x86)\VEX Robotics\VEXcode V5 Text\sdk/vexv5\libv5rt.a(v5_apiversions.c.obj)
                0x03804f3c                vexSystemVersion
 .text.vexStdlibVersion
                0x03804f4c       0x10 C:\Program Files (x86)\VEX Robotics\VEXcode V5 Text\sdk/vexv5\libv5rt.a(v5_apiversions.c.obj)
                0x03804f4c                vexStdlibVersion
 .text._ZN3vex5motor9installedEv
                0x03804f5c       0x18 C:\Program Files (x86)\VEX Robotics\VEXcode V5 Text\sdk/vexv5\libv5rt.a(vex_motor.cpp.obj)
                0x03804f5c                vex::motor::installed()
 .text._ZN3vex5motorD2Ev
                0x03804f74       0x20 C:\Program Files (x86)\VEX Robotics\VEXcode V5 Text\sdk/vexv5\libv5rt.a(vex_motor.cpp.obj)
                0x03804f74                vex::motor::~motor()
                0x03804f74                vex::motor::~motor()
 .text._ZN3vex5motor15defaultStoppingENS_9brakeTypeE
                0x03804f94       0x30 C:\Program Files (x86)\VEX Robotics\VEXcode V5 Text\sdk/vexv5\libv5rt.a(vex_motor.cpp.obj)
                0x03804f94                vex::motor::defaultStopping(vex::brakeType)
 .text._ZN3vex5motorC2El
                0x03804fc4       0x78 C:\Program Files (x86)\VEX Robotics\VEXcode V5 Text\sdk/vexv5\libv5rt.a(vex_motor.cpp.obj)
                0x03804fc4                vex::motor::motor(long)
                0x03804fc4                vex::motor::motor(long)
 .text._ZN3vex5motorC2ElNS_11gearSettingEb
                0x0380503c       0x34 C:\Program Files (x86)\VEX Robotics\VEXcode V5 Text\sdk/vexv5\libv5rt.a(vex_motor.cpp.obj)
                0x0380503c                vex::motor::motor(long, vex::gearSetting, bool)
                0x0380503c                vex::motor::motor(long, vex::gearSetting, bool)
 .text._ZN3vex5motor4stopENS_9brakeTypeE
                0x03805070       0x30 C:\Program Files (x86)\VEX Robotics\VEXcode V5 Text\sdk/vexv5\libv5rt.a(vex_motor.cpp.obj)
                0x03805070                vex::motor::stop(vex::brakeType)
 .text._ZN3vex5motor16velocityToScaledEdNS_13velocityUnitsE
                0x038050a0       0x5c C:\Program Files (x86)\VEX Robotics\VEXcode V5 Text\sdk/vexv5\libv5rt.a(vex_motor.cpp.obj)
                0x038050a0                vex::motor::velocityToScaled(double, vex::velocityUnits)
 .text._ZN3vex5motor8velocityENS_13velocityUnitsE
                0x038050fc       0x30 C:\Program Files (x86)\VEX Robotics\VEXcode V5 Text\sdk/vexv5\libv5rt.a(vex_motor.cpp.obj)
                0x038050fc                vex::motor::velocity(vex::velocityUnits)
 .text._ZN3vex5motor5valueEv
                0x0380512c       0x1c C:\Program Files (x86)\VEX Robotics\VEXcode V5 Text\sdk/vexv5\libv5rt.a(vex_motor.cpp.obj)
                0x0380512c                vex::motor::value()
 .text._ZN3vex5motor16scaledToVelocityEdNS_13velocityUnitsE
                0x03805148       0xa4 C:\Program Files (x86)\VEX Robotics\VEXcode V5 Text\sdk/vexv5\libv5rt.a(vex_motor.cpp.obj)
                0x03805148                vex::motor::scaledToVelocity(double, vex::velocityUnits)
 .text._ZN3vex5motor4spinENS_13directionTypeEdNS_13velocityUnitsE
                0x038051ec       0x5c C:\Program Files (x86)\VEX Robotics\VEXcode V5 Text\sdk/vexv5\libv5rt.a(vex_motor.cpp.obj)
                0x038051ec                vex::motor::spin(vex::directionType, double, vex::velocityUnits)
 .text._ZN3vex5motor16setRotationUnitsENS_13rotationUnitsE
                0x03805248       0x1c C:\Program Files (x86)\VEX Robotics\VEXcode V5 Text\sdk/vexv5\libv5rt.a(vex_motor.cpp.obj)
                0x03805248                vex::motor::setRotationUnits(vex::rotationUnits)
 .text._ZN3vex5motor11setRotationEdNS_13rotationUnitsE
                0x03805264       0x44 C:\Program Files (x86)\VEX Robotics\VEXcode V5 Text\sdk/vexv5\libv5rt.a(vex_motor.cpp.obj)
                0x03805264                vex::motor::setRotation(double, vex::rotationUnits)
 .text._ZN3vex5motor13resetRotationEv
                0x038052a8       0x20 C:\Program Files (x86)\VEX Robotics\VEXcode V5 Text\sdk/vexv5\libv5rt.a(vex_motor.cpp.obj)
                0x038052a8                vex::motor::resetRotation()
 .text._ZN3vex5motor8rotationENS_13rotationUnitsE
                0x038052c8       0x44 C:\Program Files (x86)\VEX Robotics\VEXcode V5 Text\sdk/vexv5\libv5rt.a(vex_motor.cpp.obj)
                0x038052c8                vex::motor::rotation(vex::rotationUnits)
 .text._ZN3vex6vision9installedEv
                0x0380530c       0x18 C:\Program Files (x86)\VEX Robotics\VEXcode V5 Text\sdk/vexv5\libv5rt.a(vex_vision.cpp.obj)
                0x0380530c                vex::vision::installed()
 .text._ZN3vex6visionD2Ev
                0x03805324       0x38 C:\Program Files (x86)\VEX Robotics\VEXcode V5 Text\sdk/vexv5\libv5rt.a(vex_vision.cpp.obj)
                0x03805324                vex::vision::~vision()
                0x03805324                vex::vision::~vision()
 .text._ZN3vex6vision12setSignatureERNS0_9signatureE
                0x0380535c       0x70 C:\Program Files (x86)\VEX Robotics\VEXcode V5 Text\sdk/vexv5\libv5rt.a(vex_vision.cpp.obj)
                0x0380535c                vex::vision::setSignature(vex::vision::signature&)
 .text._ZN3vex6vision7setModeENS0_13detectionModeE
                0x038053cc       0x18 C:\Program Files (x86)\VEX Robotics\VEXcode V5 Text\sdk/vexv5\libv5rt.a(vex_vision.cpp.obj)
                0x038053cc                vex::vision::setMode(vex::vision::detectionMode)
 .text._ZN3vex6vision13setBrightnessEh
                0x038053e4       0x30 C:\Program Files (x86)\VEX Robotics\VEXcode V5 Text\sdk/vexv5\libv5rt.a(vex_vision.cpp.obj)
                0x038053e4                vex::vision::setBrightness(unsigned char)
 .text._ZN3vex6vision10setLedModeENS0_7ledModeE
                0x03805414       0x18 C:\Program Files (x86)\VEX Robotics\VEXcode V5 Text\sdk/vexv5\libv5rt.a(vex_vision.cpp.obj)
                0x03805414                vex::vision::setLedMode(vex::vision::ledMode)
 .text._ZN3vex6vision11setLedColorEhhh
                0x0380542c       0x30 C:\Program Files (x86)\VEX Robotics\VEXcode V5 Text\sdk/vexv5\libv5rt.a(vex_vision.cpp.obj)
                0x0380542c                vex::vision::setLedColor(unsigned char, unsigned char, unsigned char)
 .text._ZN3vex6vision9signatureD2Ev
                0x0380545c        0x4 C:\Program Files (x86)\VEX Robotics\VEXcode V5 Text\sdk/vexv5\libv5rt.a(vex_vision.cpp.obj)
                0x0380545c                vex::vision::signature::~signature()
                0x0380545c                vex::vision::signature::~signature()
 .text._ZN3vex6vision9signature5clearEv
                0x03805460       0x38 C:\Program Files (x86)\VEX Robotics\VEXcode V5 Text\sdk/vexv5\libv5rt.a(vex_vision.cpp.obj)
                0x03805460                vex::vision::signature::clear()
 .text._ZN3vex6vision9signatureC2Ev
                0x03805498       0x60 C:\Program Files (x86)\VEX Robotics\VEXcode V5 Text\sdk/vexv5\libv5rt.a(vex_vision.cpp.obj)
                0x03805498                vex::vision::signature::signature()
                0x03805498                vex::vision::signature::signature()
 .text._ZN3vex6vision9signatureC2Elllllllfl
                0x038054f8       0x5c C:\Program Files (x86)\VEX Robotics\VEXcode V5 Text\sdk/vexv5\libv5rt.a(vex_vision.cpp.obj)
                0x038054f8                vex::vision::signature::signature(long, long, long, long, long, long, long, float, long)
                0x038054f8                vex::vision::signature::signature(long, long, long, long, long, long, long, float, long)
 *fill*         0x03805554        0x4 
 .text._ZN3vex6vision6object3setE22_V5_DeviceVisionObject
                0x03805558       0x78 C:\Program Files (x86)\VEX Robotics\VEXcode V5 Text\sdk/vexv5\libv5rt.a(vex_vision.cpp.obj)
                0x03805558                vex::vision::object::set(_V5_DeviceVisionObject)
 .text._ZN3vex6vision6object5clearEv
                0x038055d0       0x38 C:\Program Files (x86)\VEX Robotics\VEXcode V5 Text\sdk/vexv5\libv5rt.a(vex_vision.cpp.obj)
                0x038055d0                vex::vision::object::clear()
 .text._ZN3vex6vision6objectC2Ev
                0x03805608       0x58 C:\Program Files (x86)\VEX Robotics\VEXcode V5 Text\sdk/vexv5\libv5rt.a(vex_vision.cpp.obj)
                0x03805608                vex::vision::object::object()
                0x03805608                vex::vision::object::object()
 .text._ZN3vex6vision13_clearObjectsEv
                0x03805660       0x40 C:\Program Files (x86)\VEX Robotics\VEXcode V5 Text\sdk/vexv5\libv5rt.a(vex_vision.cpp.obj)
                0x03805660                vex::vision::_clearObjects()
 .text._ZN3vex6vision6objectaSERKS1_
                0x038056a0       0x74 C:\Program Files (x86)\VEX Robotics\VEXcode V5 Text\sdk/vexv5\libv5rt.a(vex_vision.cpp.obj)
                0x038056a0                vex::vision::object::operator=(vex::vision::object const&)
 .text._ZN3vex6vision12takeSnapshotEmm
                0x03805714       0xf4 C:\Program Files (x86)\VEX Robotics\VEXcode V5 Text\sdk/vexv5\libv5rt.a(vex_vision.cpp.obj)
                0x03805714                vex::vision::takeSnapshot(unsigned long, unsigned long)
 .text._ZN3vex6vision12takeSnapshotEm
                0x03805808        0x8 C:\Program Files (x86)\VEX Robotics\VEXcode V5 Text\sdk/vexv5\libv5rt.a(vex_vision.cpp.obj)
                0x03805808                vex::vision::takeSnapshot(unsigned long)
 .text._ZN3vex6vision5valueEv
                0x03805810        0x8 C:\Program Files (x86)\VEX Robotics\VEXcode V5 Text\sdk/vexv5\libv5rt.a(vex_vision.cpp.obj)
                0x03805810                vex::vision::value()
 .text._ZN3vex6vision12takeSnapshotERNS0_9signatureE
                0x03805818       0x10 C:\Program Files (x86)\VEX Robotics\VEXcode V5 Text\sdk/vexv5\libv5rt.a(vex_vision.cpp.obj)
                0x03805818                vex::vision::takeSnapshot(vex::vision::signature&)
 .text._ZN3vex6vision6objectaSEl
                0x03805828       0x38 C:\Program Files (x86)\VEX Robotics\VEXcode V5 Text\sdk/vexv5\libv5rt.a(vex_vision.cpp.obj)
                0x03805828                vex::vision::object::operator=(long)
 .text._ZN3vex6visionC2El
                0x03805860       0xa4 C:\Program Files (x86)\VEX Robotics\VEXcode V5 Text\sdk/vexv5\libv5rt.a(vex_vision.cpp.obj)
                0x03805860                vex::vision::vision(long)
                0x03805860                vex::vision::vision(long)
 .text._ZN3vex10controllerD2Ev
                0x03805904        0x4 C:\Program Files (x86)\VEX Robotics\VEXcode V5 Text\sdk/vexv5\libv5rt.a(vex_controller.cpp.obj)
                0x03805904                vex::controller::~controller()
                0x03805904                vex::controller::~controller()
 .text._ZN3vex10controller5valueE19_V5_ControllerIndex
                0x03805908        0x8 C:\Program Files (x86)\VEX Robotics\VEXcode V5 Text\sdk/vexv5\libv5rt.a(vex_controller.cpp.obj)
                0x03805908                vex::controller::value(_V5_ControllerIndex)
 .text._ZN3vex10controller6button8pressingEv
                0x03805910       0xc8 C:\Program Files (x86)\VEX Robotics\VEXcode V5 Text\sdk/vexv5\libv5rt.a(vex_controller.cpp.obj)
                0x03805910                vex::controller::button::pressing()
 .text._ZN3vex10controller6button21_buttonToPressedEventEv
                0x038059d8       0x20 C:\Program Files (x86)\VEX Robotics\VEXcode V5 Text\sdk/vexv5\libv5rt.a(vex_controller.cpp.obj)
                0x038059d8                vex::controller::button::_buttonToPressedEvent()
 .text._ZN3vex10controller6button22_buttonToReleasedEventEv
                0x038059f8       0x20 C:\Program Files (x86)\VEX Robotics\VEXcode V5 Text\sdk/vexv5\libv5rt.a(vex_controller.cpp.obj)
                0x038059f8                vex::controller::button::_buttonToReleasedEvent()
 .text._ZN3vex10controller6buttonC2ENS0_11tButtonTypeEPS0_
                0x03805a18       0x48 C:\Program Files (x86)\VEX Robotics\VEXcode V5 Text\sdk/vexv5\libv5rt.a(vex_controller.cpp.obj)
                0x03805a18                vex::controller::button::button(vex::controller::tButtonType, vex::controller*)
                0x03805a18                vex::controller::button::button(vex::controller::tButtonType, vex::controller*)
 .text._ZN3vex10controller4axis5valueEv
                0x03805a60       0x58 C:\Program Files (x86)\VEX Robotics\VEXcode V5 Text\sdk/vexv5\libv5rt.a(vex_controller.cpp.obj)
                0x03805a60                vex::controller::axis::value()
 .text._ZN3vex10controller4axis23_joystickToChangedEventEv
                0x03805ab8       0x20 C:\Program Files (x86)\VEX Robotics\VEXcode V5 Text\sdk/vexv5\libv5rt.a(vex_controller.cpp.obj)
                0x03805ab8                vex::controller::axis::_joystickToChangedEvent()
 .text._ZN3vex10controller4axisC2ENS0_9tAxisTypeEPS0_
                0x03805ad8       0x2c C:\Program Files (x86)\VEX Robotics\VEXcode V5 Text\sdk/vexv5\libv5rt.a(vex_controller.cpp.obj)
                0x03805ad8                vex::controller::axis::axis(vex::controller::tAxisType, vex::controller*)
                0x03805ad8                vex::controller::axis::axis(vex::controller::tAxisType, vex::controller*)
 .text._ZN3vex10controllerC2ENS_14controllerTypeE
                0x03805b04      0x204 C:\Program Files (x86)\VEX Robotics\VEXcode V5 Text\sdk/vexv5\libv5rt.a(vex_controller.cpp.obj)
                0x03805b04                vex::controller::controller(vex::controllerType)
                0x03805b04                vex::controller::controller(vex::controllerType)
 .text._ZN3vex6threadC2EPFivE
                0x03805d08       0x54 C:\Program Files (x86)\VEX Robotics\VEXcode V5 Text\sdk/vexv5\libv5rt.a(vex_thread.cpp.obj)
                0x03805d08                vex::thread::thread(int (*)())
                0x03805d08                vex::thread::thread(int (*)())
 .text._ZN3vex6threadD2Ev
                0x03805d5c        0x4 C:\Program Files (x86)\VEX Robotics\VEXcode V5 Text\sdk/vexv5\libv5rt.a(vex_thread.cpp.obj)
                0x03805d5c                vex::thread::~thread()
                0x03805d5c                vex::thread::~thread()
 .text._ZN3vex6thread9interruptEv
                0x03805d60       0x10 C:\Program Files (x86)\VEX Robotics\VEXcode V5 Text\sdk/vexv5\libv5rt.a(vex_thread.cpp.obj)
                0x03805d60                vex::thread::interrupt()
 .text._ZN3vex11this_thread9sleep_forEm
                0x03805d70        0x4 C:\Program Files (x86)\VEX Robotics\VEXcode V5 Text\sdk/vexv5\libv5rt.a(vex_thread.cpp.obj)
                0x03805d70                vex::this_thread::sleep_for(unsigned long)
 .text._ZN3vex5event4initEmmPFvvE
                0x03805d74        0x4 C:\Program Files (x86)\VEX Robotics\VEXcode V5 Text\sdk/vexv5\libv5rt.a(vex_event.cpp.obj)
                0x03805d74                vex::event::init(unsigned long, unsigned long, void (*)())
 .text._ZN3vex5event4initEmmPFvPvES1_
                0x03805d78        0x4 C:\Program Files (x86)\VEX Robotics\VEXcode V5 Text\sdk/vexv5\libv5rt.a(vex_event.cpp.obj)
                0x03805d78                vex::event::init(unsigned long, unsigned long, void (*)(void*), void*)
 .text._ZN3vex5event9userindexEv
                0x03805d7c        0x4 C:\Program Files (x86)\VEX Robotics\VEXcode V5 Text\sdk/vexv5\libv5rt.a(vex_event.cpp.obj)
                0x03805d7c                vex::event::userindex()
 .text._ZZN3vex6meventC4EmmENUlvE_4_FUNEv
                0x03805d80        0x4 C:\Program Files (x86)\VEX Robotics\VEXcode V5 Text\sdk/vexv5\libv5rt.a(vex_mevent.cpp.obj)
 .text._ZN3vex6meventC2Emm
                0x03805d84       0x70 C:\Program Files (x86)\VEX Robotics\VEXcode V5 Text\sdk/vexv5\libv5rt.a(vex_mevent.cpp.obj)
                0x03805d84                vex::mevent::mevent(unsigned long, unsigned long)
                0x03805d84                vex::mevent::mevent(unsigned long, unsigned long)
 .text._ZN3vex5brainD2Ev
                0x03805df4       0x20 C:\Program Files (x86)\VEX Robotics\VEXcode V5 Text\sdk/vexv5\libv5rt.a(vex_brain.cpp.obj)
                0x03805df4                vex::brain::~brain()
                0x03805df4                vex::brain::~brain()
 .text._ZN3vex5brain9_getIndexEv
                0x03805e14       0x10 C:\Program Files (x86)\VEX Robotics\VEXcode V5 Text\sdk/vexv5\libv5rt.a(vex_brain.cpp.obj)
                0x03805e14                vex::brain::_getIndex()
 .text._ZN3vex5brain10resetTimerEv
                0x03805e24        0x4 C:\Program Files (x86)\VEX Robotics\VEXcode V5 Text\sdk/vexv5\libv5rt.a(vex_brain.cpp.obj)
                0x03805e24                vex::brain::resetTimer()
 .text._ZN3vex5brain3lcd9setCursorEll
                0x03805e28       0x44 C:\Program Files (x86)\VEX Robotics\VEXcode V5 Text\sdk/vexv5\libv5rt.a(vex_brain.cpp.obj)
                0x03805e28                vex::brain::lcd::setCursor(long, long)
 .text._ZN3vex5brain3lcd7setFontENS_8fontTypeE
                0x03805e6c      0x23c C:\Program Files (x86)\VEX Robotics\VEXcode V5 Text\sdk/vexv5\libv5rt.a(vex_brain.cpp.obj)
                0x03805e6c                vex::brain::lcd::setFont(vex::fontType)
 .text._ZN3vex5brain3lcdC2Ev
                0x038060a8       0x94 C:\Program Files (x86)\VEX Robotics\VEXcode V5 Text\sdk/vexv5\libv5rt.a(vex_brain.cpp.obj)
                0x038060a8                vex::brain::lcd::lcd()
                0x038060a8                vex::brain::lcd::lcd()
 .text._ZN3vex5brainC2Ev
                0x0380613c       0x38 C:\Program Files (x86)\VEX Robotics\VEXcode V5 Text\sdk/vexv5\libv5rt.a(vex_brain.cpp.obj)
                0x0380613c                vex::brain::brain()
                0x0380613c                vex::brain::brain()
 .text._ZN3vex5brain3lcd7printAtEllPKcz
                0x03806174       0x6c C:\Program Files (x86)\VEX Robotics\VEXcode V5 Text\sdk/vexv5\libv5rt.a(vex_brain.cpp.obj)
                0x03806174                vex::brain::lcd::printAt(long, long, char const*, ...)
 .text._ZN3vex5brain3lcd12_clearScreenEm
                0x038061e0       0x38 C:\Program Files (x86)\VEX Robotics\VEXcode V5 Text\sdk/vexv5\libv5rt.a(vex_brain.cpp.obj)
                0x038061e0                vex::brain::lcd::_clearScreen(unsigned long)
 .text._ZN3vex5brain3lcd11clearScreenERKNS_5colorE
                0x03806218       0x20 C:\Program Files (x86)\VEX Robotics\VEXcode V5 Text\sdk/vexv5\libv5rt.a(vex_brain.cpp.obj)
                0x03806218                vex::brain::lcd::clearScreen(vex::color const&)
 .text._ZN3vex5brain3lcd11clearScreenEv
                0x03806238       0x2c C:\Program Files (x86)\VEX Robotics\VEXcode V5 Text\sdk/vexv5\libv5rt.a(vex_brain.cpp.obj)
                0x03806238                vex::brain::lcd::clearScreen()
 .text._ZN3vex5brain3lcd13drawRectangleEiiii
                0x03806264       0xdc C:\Program Files (x86)\VEX Robotics\VEXcode V5 Text\sdk/vexv5\libv5rt.a(vex_brain.cpp.obj)
                0x03806264                vex::brain::lcd::drawRectangle(int, int, int, int)
 .text._ZN3vex5brain3lcd14_drawRectangleEiiiim
                0x03806340       0x74 C:\Program Files (x86)\VEX Robotics\VEXcode V5 Text\sdk/vexv5\libv5rt.a(vex_brain.cpp.obj)
                0x03806340                vex::brain::lcd::_drawRectangle(int, int, int, int, unsigned long)
 .text._ZN3vex5brain3lcd13drawRectangleEiiiiRKNS_5colorE
                0x038063b4       0x68 C:\Program Files (x86)\VEX Robotics\VEXcode V5 Text\sdk/vexv5\libv5rt.a(vex_brain.cpp.obj)
                0x038063b4                vex::brain::lcd::drawRectangle(int, int, int, int, vex::color const&)
 .text._ZN3vex5brain3lcd9xPositionEv
                0x0380641c       0x24 C:\Program Files (x86)\VEX Robotics\VEXcode V5 Text\sdk/vexv5\libv5rt.a(vex_brain.cpp.obj)
                0x0380641c                vex::brain::lcd::xPosition()
 .text._ZN3vex5brain3lcd9yPositionEv
                0x03806440       0x24 C:\Program Files (x86)\VEX Robotics\VEXcode V5 Text\sdk/vexv5\libv5rt.a(vex_brain.cpp.obj)
                0x03806440                vex::brain::lcd::yPosition()
 .text._ZN3vex5brain3lcd6renderEv
                0x03806464        0xc C:\Program Files (x86)\VEX Robotics\VEXcode V5 Text\sdk/vexv5\libv5rt.a(vex_brain.cpp.obj)
                0x03806464                vex::brain::lcd::render()
 .text._ZN3vex5brain3lcd20_validateImageBufferEPh
                0x03806470       0x58 C:\Program Files (x86)\VEX Robotics\VEXcode V5 Text\sdk/vexv5\libv5rt.a(vex_brain.cpp.obj)
                0x03806470                vex::brain::lcd::_validateImageBuffer(unsigned char*)
 .text._ZN3vex5brain3lcd17drawImageFromFileEPKcii
                0x038064c8      0x258 C:\Program Files (x86)\VEX Robotics\VEXcode V5 Text\sdk/vexv5\libv5rt.a(vex_brain.cpp.obj)
                0x038064c8                vex::brain::lcd::drawImageFromFile(char const*, int, int)
 .text._ZN3vex11competition8_disableEPv
                0x03806720       0x9c C:\Program Files (x86)\VEX Robotics\VEXcode V5 Text\sdk/vexv5\libv5rt.a(vex_competition.cpp.obj)
                0x03806720                vex::competition::_disable(void*)
 .text._ZN3vex11competition11_autonomousEv
                0x038067bc       0x7c C:\Program Files (x86)\VEX Robotics\VEXcode V5 Text\sdk/vexv5\libv5rt.a(vex_competition.cpp.obj)
                0x038067bc                vex::competition::_autonomous()
 .text._ZN3vex11competition14_drivercontrolEv
                0x03806838       0x7c C:\Program Files (x86)\VEX Robotics\VEXcode V5 Text\sdk/vexv5\libv5rt.a(vex_competition.cpp.obj)
                0x03806838                vex::competition::_drivercontrol()
 .text._ZN3vex11competitionC2Ev
                0x038068b4      0x13c C:\Program Files (x86)\VEX Robotics\VEXcode V5 Text\sdk/vexv5\libv5rt.a(vex_competition.cpp.obj)
                0x038068b4                vex::competition::competition()
                0x038068b4                vex::competition::competition()
 .text._ZN3vex11competitionD2Ev
                0x038069f0        0x4 C:\Program Files (x86)\VEX Robotics\VEXcode V5 Text\sdk/vexv5\libv5rt.a(vex_competition.cpp.obj)
                0x038069f0                vex::competition::~competition()
                0x038069f0                vex::competition::~competition()
 .text._ZN3vex11competition10autonomousEPFvvE
                0x038069f4       0x44 C:\Program Files (x86)\VEX Robotics\VEXcode V5 Text\sdk/vexv5\libv5rt.a(vex_competition.cpp.obj)
                0x038069f4                vex::competition::autonomous(void (*)())
 .text._ZN3vex11competition13drivercontrolEPFvvE
                0x03806a38       0x44 C:\Program Files (x86)\VEX Robotics\VEXcode V5 Text\sdk/vexv5\libv5rt.a(vex_competition.cpp.obj)
                0x03806a38                vex::competition::drivercontrol(void (*)())
 .text._ZN3vex11competition9isEnabledEv
                0x03806a7c       0x14 C:\Program Files (x86)\VEX Robotics\VEXcode V5 Text\sdk/vexv5\libv5rt.a(vex_competition.cpp.obj)
                0x03806a7c                vex::competition::isEnabled()
 .text._ZN3vex7triport9installedEv
                0x03806a90       0x18 C:\Program Files (x86)\VEX Robotics\VEXcode V5 Text\sdk/vexv5\libv5rt.a(vex_triport.cpp.obj)
                0x03806a90                vex::triport::installed()
 .text._ZN3vex7triportD2Ev
                0x03806aa8       0x38 C:\Program Files (x86)\VEX Robotics\VEXcode V5 Text\sdk/vexv5\libv5rt.a(vex_triport.cpp.obj)
                0x03806aa8                vex::triport::~triport()
                0x03806aa8                vex::triport::~triport()
 .text._ZN3vex7triport4portC2ElPS0_
                0x03806ae0       0x90 C:\Program Files (x86)\VEX Robotics\VEXcode V5 Text\sdk/vexv5\libv5rt.a(vex_triport.cpp.obj)
                0x03806ae0                vex::triport::port::port(long, vex::triport*)
                0x03806ae0                vex::triport::port::port(long, vex::triport*)
 .text._ZN3vex7triportC2El
                0x03806b70       0xf0 C:\Program Files (x86)\VEX Robotics\VEXcode V5 Text\sdk/vexv5\libv5rt.a(vex_triport.cpp.obj)
                0x03806b70                vex::triport::triport(long)
                0x03806b70                vex::triport::triport(long)
 .text._ZN3vex7triport4port4typeENS_11triportTypeE
                0x03806c60       0x34 C:\Program Files (x86)\VEX Robotics\VEXcode V5 Text\sdk/vexv5\libv5rt.a(vex_triport.cpp.obj)
                0x03806c60                vex::triport::port::type(vex::triportType)
 .text._ZN3vex7triport4port4typeEv
                0x03806c94       0x38 C:\Program Files (x86)\VEX Robotics\VEXcode V5 Text\sdk/vexv5\libv5rt.a(vex_triport.cpp.obj)
                0x03806c94                vex::triport::port::type()
 .text._ZN3vex7triport4port5valueEv
                0x03806ccc       0x14 C:\Program Files (x86)\VEX Robotics\VEXcode V5 Text\sdk/vexv5\libv5rt.a(vex_triport.cpp.obj)
                0x03806ccc                vex::triport::port::value()
 .text._ZN3vex7triport4port5valueEl
                0x03806ce0       0x18 C:\Program Files (x86)\VEX Robotics\VEXcode V5 Text\sdk/vexv5\libv5rt.a(vex_triport.cpp.obj)
                0x03806ce0                vex::triport::port::value(long)
 .text._ZN3vex7triport4port11setRotationEdNS_13rotationUnitsE
                0x03806cf8       0x50 C:\Program Files (x86)\VEX Robotics\VEXcode V5 Text\sdk/vexv5\libv5rt.a(vex_triport.cpp.obj)
                0x03806cf8                vex::triport::port::setRotation(double, vex::rotationUnits)
 .text._ZN3vex7triport4port13resetRotationEv
                0x03806d48       0x20 C:\Program Files (x86)\VEX Robotics\VEXcode V5 Text\sdk/vexv5\libv5rt.a(vex_triport.cpp.obj)
                0x03806d48                vex::triport::port::resetRotation()
 .text._ZN3vex7triport4port8rotationENS_13rotationUnitsE
                0x03806d68       0x40 C:\Program Files (x86)\VEX Robotics\VEXcode V5 Text\sdk/vexv5\libv5rt.a(vex_triport.cpp.obj)
                0x03806d68                vex::triport::port::rotation(vex::rotationUnits)
 .text._ZN3vex7triport4port14_convertAnalogENS_11analogUnitsE
                0x03806da8       0x58 C:\Program Files (x86)\VEX Robotics\VEXcode V5 Text\sdk/vexv5\libv5rt.a(vex_triport.cpp.obj)
                0x03806da8                vex::triport::port::_convertAnalog(vex::analogUnits)
 .text._ZN3vex11__trideviceC2ERNS_7triport4portENS_11triportTypeE
                0x03806e00       0x5c C:\Program Files (x86)\VEX Robotics\VEXcode V5 Text\sdk/vexv5\libv5rt.a(vex_triport.cpp.obj)
                0x03806e00                vex::__tridevice::__tridevice(vex::triport::port&, vex::triportType)
                0x03806e00                vex::__tridevice::__tridevice(vex::triport::port&, vex::triportType)
 .text._ZN3vex11__tridevice14_convertAnalogENS_11analogUnitsE
                0x03806e5c        0x8 C:\Program Files (x86)\VEX Robotics\VEXcode V5 Text\sdk/vexv5\libv5rt.a(vex_triport.cpp.obj)
                0x03806e5c                vex::__tridevice::_convertAnalog(vex::analogUnits)
 .text._ZN3vex3potC2ERNS_7triport4portE
                0x03806e64       0x20 C:\Program Files (x86)\VEX Robotics\VEXcode V5 Text\sdk/vexv5\libv5rt.a(vex_triport.cpp.obj)
                0x03806e64                vex::pot::pot(vex::triport::port&)
                0x03806e64                vex::pot::pot(vex::triport::port&)
 .text._ZN3vex3potD2Ev
                0x03806e84        0x4 C:\Program Files (x86)\VEX Robotics\VEXcode V5 Text\sdk/vexv5\libv5rt.a(vex_triport.cpp.obj)
                0x03806e84                vex::pot::~pot()
                0x03806e84                vex::pot::~pot()
 .text._ZN3vex3pot5valueENS_11analogUnitsE
                0x03806e88        0x4 C:\Program Files (x86)\VEX Robotics\VEXcode V5 Text\sdk/vexv5\libv5rt.a(vex_triport.cpp.obj)
                0x03806e88                vex::pot::value(vex::analogUnits)
 .text._ZN3vex4gyroC2ERNS_7triport4portE
                0x03806e8c       0x34 C:\Program Files (x86)\VEX Robotics\VEXcode V5 Text\sdk/vexv5\libv5rt.a(vex_triport.cpp.obj)
                0x03806e8c                vex::gyro::gyro(vex::triport::port&)
                0x03806e8c                vex::gyro::gyro(vex::triport::port&)
 .text._ZN3vex4gyroD2Ev
                0x03806ec0        0x4 C:\Program Files (x86)\VEX Robotics\VEXcode V5 Text\sdk/vexv5\libv5rt.a(vex_triport.cpp.obj)
                0x03806ec0                vex::gyro::~gyro()
                0x03806ec0                vex::gyro::~gyro()
 *fill*         0x03806ec4        0x4 
 .text._ZN3vex4gyro5valueENS_13rotationUnitsE
                0x03806ec8       0x50 C:\Program Files (x86)\VEX Robotics\VEXcode V5 Text\sdk/vexv5\libv5rt.a(vex_triport.cpp.obj)
                0x03806ec8                vex::gyro::value(vex::rotationUnits)
 .text._ZN3vex7encoderC2ERNS_7triport4portE
                0x03806f18       0x20 C:\Program Files (x86)\VEX Robotics\VEXcode V5 Text\sdk/vexv5\libv5rt.a(vex_triport.cpp.obj)
                0x03806f18                vex::encoder::encoder(vex::triport::port&)
                0x03806f18                vex::encoder::encoder(vex::triport::port&)
 .text._ZN3vex7encoderD2Ev
                0x03806f38        0x4 C:\Program Files (x86)\VEX Robotics\VEXcode V5 Text\sdk/vexv5\libv5rt.a(vex_triport.cpp.obj)
                0x03806f38                vex::encoder::~encoder()
                0x03806f38                vex::encoder::~encoder()
 .text._ZN3vex7encoder13resetRotationEv
                0x03806f3c        0x8 C:\Program Files (x86)\VEX Robotics\VEXcode V5 Text\sdk/vexv5\libv5rt.a(vex_triport.cpp.obj)
                0x03806f3c                vex::encoder::resetRotation()
 .text._ZN3vex7encoder8rotationENS_13rotationUnitsE
                0x03806f44        0x8 C:\Program Files (x86)\VEX Robotics\VEXcode V5 Text\sdk/vexv5\libv5rt.a(vex_triport.cpp.obj)
                0x03806f44                vex::encoder::rotation(vex::rotationUnits)
 .text.startup._GLOBAL__sub_I__ZN3vex7triportC2El
                0x03806f4c       0x30 C:\Program Files (x86)\VEX Robotics\VEXcode V5 Text\sdk/vexv5\libv5rt.a(vex_triport.cpp.obj)
 .text._ZN3vex5colorD2Ev
                0x03806f7c        0x4 C:\Program Files (x86)\VEX Robotics\VEXcode V5 Text\sdk/vexv5\libv5rt.a(vex_color.cpp.obj)
                0x03806f7c                vex::color::~color()
                0x03806f7c                vex::color::~color()
 .text._ZN3vex5colorC2Ev
                0x03806f80       0x10 C:\Program Files (x86)\VEX Robotics\VEXcode V5 Text\sdk/vexv5\libv5rt.a(vex_color.cpp.obj)
                0x03806f80                vex::color::color()
                0x03806f80                vex::color::color()
 .text._ZNK3vex5colorcvmEv
                0x03806f90        0x8 C:\Program Files (x86)\VEX Robotics\VEXcode V5 Text\sdk/vexv5\libv5rt.a(vex_color.cpp.obj)
                0x03806f90                vex::color::operator unsigned long() const
 .text._ZNK3vex5color13isTransparentEv
                0x03806f98        0x8 C:\Program Files (x86)\VEX Robotics\VEXcode V5 Text\sdk/vexv5\libv5rt.a(vex_color.cpp.obj)
                0x03806f98                vex::color::isTransparent() const
 .text.startup._GLOBAL__sub_I__ZN3vex5color5blackE
                0x03806fa0      0x164 C:\Program Files (x86)\VEX Robotics\VEXcode V5 Text\sdk/vexv5\libv5rt.a(vex_color.cpp.obj)
 .text._ZN3vex5timerD2Ev
                0x03807104        0x4 C:\Program Files (x86)\VEX Robotics\VEXcode V5 Text\sdk/vexv5\libv5rt.a(vex_timer.cpp.obj)
                0x03807104                vex::timer::~timer()
                0x03807104                vex::timer::~timer()
 .text._ZN3vex5timer5clearEv
                0x03807108       0x1c C:\Program Files (x86)\VEX Robotics\VEXcode V5 Text\sdk/vexv5\libv5rt.a(vex_timer.cpp.obj)
                0x03807108                vex::timer::clear()
 .text._ZN3vex5timerC2Ev
                0x03807124       0x14 C:\Program Files (x86)\VEX Robotics\VEXcode V5 Text\sdk/vexv5\libv5rt.a(vex_timer.cpp.obj)
                0x03807124                vex::timer::timer()
                0x03807124                vex::timer::timer()
 .text.vexAdiPortConfigSet
                0x03807138       0x28 C:\Program Files (x86)\VEX Robotics\VEXcode V5 Text\sdk/vexv5\libv5rt.a(v5_apiuser.c.obj)
                0x03807138                vexAdiPortConfigSet
 .text.vexAdiPortConfigGet
                0x03807160       0x28 C:\Program Files (x86)\VEX Robotics\VEXcode V5 Text\sdk/vexv5\libv5rt.a(v5_apiuser.c.obj)
                0x03807160                vexAdiPortConfigGet
 .text.vexAdiValueSet
                0x03807188       0x28 C:\Program Files (x86)\VEX Robotics\VEXcode V5 Text\sdk/vexv5\libv5rt.a(v5_apiuser.c.obj)
                0x03807188                vexAdiValueSet
 .text.vexAdiValueGet
                0x038071b0       0x20 C:\Program Files (x86)\VEX Robotics\VEXcode V5 Text\sdk/vexv5\libv5rt.a(v5_apiuser.c.obj)
                0x038071b0                vexAdiValueGet
 .text.vexMotorVelocitySet
                0x038071d0       0x20 C:\Program Files (x86)\VEX Robotics\VEXcode V5 Text\sdk/vexv5\libv5rt.a(v5_apiuser.c.obj)
                0x038071d0                vexMotorVelocitySet
 .text.vexMotorActualVelocityGet
                0x038071f0       0x24 C:\Program Files (x86)\VEX Robotics\VEXcode V5 Text\sdk/vexv5\libv5rt.a(v5_apiuser.c.obj)
                0x038071f0                vexMotorActualVelocityGet
 .text.vexMotorReverseFlagSet
                0x03807214       0x20 C:\Program Files (x86)\VEX Robotics\VEXcode V5 Text\sdk/vexv5\libv5rt.a(v5_apiuser.c.obj)
                0x03807214                vexMotorReverseFlagSet
 .text.vexMotorEncoderUnitsSet
                0x03807234       0x20 C:\Program Files (x86)\VEX Robotics\VEXcode V5 Text\sdk/vexv5\libv5rt.a(v5_apiuser.c.obj)
                0x03807234                vexMotorEncoderUnitsSet
 .text.vexMotorBrakeModeSet
                0x03807254       0x20 C:\Program Files (x86)\VEX Robotics\VEXcode V5 Text\sdk/vexv5\libv5rt.a(v5_apiuser.c.obj)
                0x03807254                vexMotorBrakeModeSet
 .text.vexMotorPositionSet
                0x03807274       0x28 C:\Program Files (x86)\VEX Robotics\VEXcode V5 Text\sdk/vexv5\libv5rt.a(v5_apiuser.c.obj)
                0x03807274                vexMotorPositionSet
 .text.vexMotorPositionGet
                0x0380729c       0x24 C:\Program Files (x86)\VEX Robotics\VEXcode V5 Text\sdk/vexv5\libv5rt.a(v5_apiuser.c.obj)
                0x0380729c                vexMotorPositionGet
 .text.vexMotorGearingSet
                0x038072c0       0x20 C:\Program Files (x86)\VEX Robotics\VEXcode V5 Text\sdk/vexv5\libv5rt.a(v5_apiuser.c.obj)
                0x038072c0                vexMotorGearingSet
 .text.vexMotorGearingGet
                0x038072e0       0x18 C:\Program Files (x86)\VEX Robotics\VEXcode V5 Text\sdk/vexv5\libv5rt.a(v5_apiuser.c.obj)
                0x038072e0                vexMotorGearingGet
 .text.vexVisionModeSet
                0x038072f8       0x20 C:\Program Files (x86)\VEX Robotics\VEXcode V5 Text\sdk/vexv5\libv5rt.a(v5_apiuser.c.obj)
                0x038072f8                vexVisionModeSet
 .text.vexVisionObjectCountGet
                0x03807318       0x18 C:\Program Files (x86)\VEX Robotics\VEXcode V5 Text\sdk/vexv5\libv5rt.a(v5_apiuser.c.obj)
                0x03807318                vexVisionObjectCountGet
 .text.vexVisionObjectGet
                0x03807330       0x28 C:\Program Files (x86)\VEX Robotics\VEXcode V5 Text\sdk/vexv5\libv5rt.a(v5_apiuser.c.obj)
                0x03807330                vexVisionObjectGet
 .text.vexVisionSignatureSet
                0x03807358       0x20 C:\Program Files (x86)\VEX Robotics\VEXcode V5 Text\sdk/vexv5\libv5rt.a(v5_apiuser.c.obj)
                0x03807358                vexVisionSignatureSet
 .text.vexVisionBrightnessSet
                0x03807378       0x20 C:\Program Files (x86)\VEX Robotics\VEXcode V5 Text\sdk/vexv5\libv5rt.a(v5_apiuser.c.obj)
                0x03807378                vexVisionBrightnessSet
 .text.vexVisionLedModeSet
                0x03807398       0x20 C:\Program Files (x86)\VEX Robotics\VEXcode V5 Text\sdk/vexv5\libv5rt.a(v5_apiuser.c.obj)
                0x03807398                vexVisionLedModeSet
 .text.vexVisionLedColorSet
                0x038073b8       0x2c C:\Program Files (x86)\VEX Robotics\VEXcode V5 Text\sdk/vexv5\libv5rt.a(v5_apiuser.c.obj)
                0x038073b8                vexVisionLedColorSet
 .text.vexEventMaskSet
                0x038073e4       0x28 C:\Program Files (x86)\VEX Robotics\VEXcode V5 Text\sdk/vexv5\libv5rt.a(v5_apiuser.c.obj)
                0x038073e4                vexEventMaskSet
 .text.vexEventMaskGet
                0x0380740c       0x18 C:\Program Files (x86)\VEX Robotics\VEXcode V5 Text\sdk/vexv5\libv5rt.a(v5_apiuser.c.obj)
                0x0380740c                vexEventMaskGet
 .text._ZN3vex6device5valueEv
                0x03807424        0x8 C:\Program Files (x86)\VEX Robotics\VEXcode V5 Text\sdk/vexv5\libv5rt.a(vex_device.cpp.obj)
                0x03807424                vex::device::value()
 .text._ZN3vex6deviceD2Ev
                0x0380742c        0x4 C:\Program Files (x86)\VEX Robotics\VEXcode V5 Text\sdk/vexv5\libv5rt.a(vex_device.cpp.obj)
                0x0380742c                vex::device::~device()
                0x0380742c                vex::device::~device()
 .text._ZN3vex6device4initEl
                0x03807430       0x30 C:\Program Files (x86)\VEX Robotics\VEXcode V5 Text\sdk/vexv5\libv5rt.a(vex_device.cpp.obj)
                0x03807430                vex::device::init(long)
 .text._ZN3vex6deviceC2El
                0x03807460       0x20 C:\Program Files (x86)\VEX Robotics\VEXcode V5 Text\sdk/vexv5\libv5rt.a(vex_device.cpp.obj)
                0x03807460                vex::device::device(long)
                0x03807460                vex::device::device(long)
 .text._ZN3vex6device4typeEv
                0x03807480       0x10 C:\Program Files (x86)\VEX Robotics\VEXcode V5 Text\sdk/vexv5\libv5rt.a(vex_device.cpp.obj)
                0x03807480                vex::device::type()
 .text._ZN3vex6device9installedEv
                0x03807490       0x14 C:\Program Files (x86)\VEX Robotics\VEXcode V5 Text\sdk/vexv5\libv5rt.a(vex_device.cpp.obj)
                0x03807490                vex::device::installed()
 .text._ZN3vex4taskC2EPFivE
                0x038074a4       0x54 C:\Program Files (x86)\VEX Robotics\VEXcode V5 Text\sdk/vexv5\libv5rt.a(vex_task.cpp.obj)
                0x038074a4                vex::task::task(int (*)())
                0x038074a4                vex::task::task(int (*)())
 .text._ZN3vex4taskD2Ev
                0x038074f8        0x4 C:\Program Files (x86)\VEX Robotics\VEXcode V5 Text\sdk/vexv5\libv5rt.a(vex_task.cpp.obj)
                0x038074f8                vex::task::~task()
                0x038074f8                vex::task::~task()
 .text._ZN3vex4task4stopEPFivE
                0x038074fc        0xc C:\Program Files (x86)\VEX Robotics\VEXcode V5 Text\sdk/vexv5\libv5rt.a(vex_task.cpp.obj)
                0x038074fc                vex::task::stop(int (*)())
 .text._ZN3vex4task6_indexEPFivE
                0x03807508       0x14 C:\Program Files (x86)\VEX Robotics\VEXcode V5 Text\sdk/vexv5\libv5rt.a(vex_task.cpp.obj)
                0x03807508                vex::task::_index(int (*)())
 .text._ZN3vex4task8_stopAllEv
                0x0380751c       0x3c C:\Program Files (x86)\VEX Robotics\VEXcode V5 Text\sdk/vexv5\libv5rt.a(vex_task.cpp.obj)
                0x0380751c                vex::task::_stopAll()
 .text.__libc_fini_array
                0x03807558       0x30 C:\Program Files (x86)\VEX Robotics\VEXcode V5 Text\sdk/vexv5/gcc/libs\libc.a(lib_a-fini.o)
                0x03807558                __libc_fini_array
 .text.__libc_init_array
                0x03807588       0x58 C:\Program Files (x86)\VEX Robotics\VEXcode V5 Text\sdk/vexv5/gcc/libs\libc.a(lib_a-init.o)
                0x03807588                __libc_init_array
 .text.tolower  0x038075e0       0x1c C:\Program Files (x86)\VEX Robotics\VEXcode V5 Text\sdk/vexv5/gcc/libs\libc.a(lib_a-tolower.o)
                0x038075e0                tolower
 .text.cosf     0x038075fc       0x94 C:\Program Files (x86)\VEX Robotics\VEXcode V5 Text\sdk/vexv5/gcc/libs\libm.a(lib_a-sf_cos.o)
                0x038075fc                cosf
 .text.sinf     0x03807690       0xa0 C:\Program Files (x86)\VEX Robotics\VEXcode V5 Text\sdk/vexv5/gcc/libs\libm.a(lib_a-sf_sin.o)
                0x03807690                sinf
 .text.__ieee754_rem_pio2f
                0x03807730      0x278 C:\Program Files (x86)\VEX Robotics\VEXcode V5 Text\sdk/vexv5/gcc/libs\libm.a(lib_a-ef_rem_pio2.o)
                0x03807730                __ieee754_rem_pio2f
 .text.__kernel_cosf
                0x038079a8      0x118 C:\Program Files (x86)\VEX Robotics\VEXcode V5 Text\sdk/vexv5/gcc/libs\libm.a(lib_a-kf_cos.o)
                0x038079a8                __kernel_cosf
 .text.__kernel_rem_pio2f
                0x03807ac0      0x628 C:\Program Files (x86)\VEX Robotics\VEXcode V5 Text\sdk/vexv5/gcc/libs\libm.a(lib_a-kf_rem_pio2.o)
                0x03807ac0                __kernel_rem_pio2f
 .text.__kernel_sinf
                0x038080e8       0x98 C:\Program Files (x86)\VEX Robotics\VEXcode V5 Text\sdk/vexv5/gcc/libs\libm.a(lib_a-kf_sin.o)
                0x038080e8                __kernel_sinf
 .text.fabsf    0x03808180        0x8 C:\Program Files (x86)\VEX Robotics\VEXcode V5 Text\sdk/vexv5/gcc/libs\libm.a(lib_a-sf_fabs.o)
                0x03808180                fabsf
 .text.floorf   0x03808188       0xb4 C:\Program Files (x86)\VEX Robotics\VEXcode V5 Text\sdk/vexv5/gcc/libs\libm.a(lib_a-sf_floor.o)
                0x03808188                floorf
 .text.scalbnf  0x0380823c      0x100 C:\Program Files (x86)\VEX Robotics\VEXcode V5 Text\sdk/vexv5/gcc/libs\libm.a(lib_a-sf_scalbn.o)
                0x0380823c                scalbnf
 .text.copysignf
                0x0380833c        0xc C:\Program Files (x86)\VEX Robotics\VEXcode V5 Text\sdk/vexv5/gcc/libs\libm.a(lib_a-sf_copysign.o)
                0x0380833c                copysignf
 .text.copysignf.__stub
                0x03808348       0x18 linker stubs
 *(.gnu.linkonce.t.*)
 *(.plt)
 *(.gnu_warning)
 *(.gcc_except_table)
 *(.glue_7)
 .glue_7        0x00000000        0x0 linker stubs
 *(.glue_7t)
 .glue_7t       0x00000000        0x0 linker stubs
 *(.vfp11_veneer)
 .vfp11_veneer  0x00000000        0x0 linker stubs
 *(.ARM.extab)
 *(.gnu.linkonce.armextab.*)

.v4_bx          0x03808360        0x0
 .v4_bx         0x00000000        0x0 linker stubs

.iplt           0x03808360        0x0
 .iplt          0x00000000        0x0 build/src/main.o

.init
 *(.init)

.fini
 *(.fini)

.rodata         0x03808360      0x65c
                0x03808360                __rodata_start = .
 *(.rodata)
 *(.rodata.*)
 .rodata.str1.1
                0x03808360       0x67 build/src/main.o
                                 0x6a (size before relaxing)
 .rodata.str1.1
                0x038083c7       0x2e C:\Program Files (x86)\VEX Robotics\VEXcode V5 Text\sdk/vexv5\libv5rt.a(v5_startup.c.obj)
 *fill*         0x038083f5        0x3 
 .rodata._ZN3vex5PORT1E
                0x038083f8        0x4 C:\Program Files (x86)\VEX Robotics\VEXcode V5 Text\sdk/vexv5\libv5rt.a(vex_global.cpp.obj)
                0x038083f8                vex::PORT1
 .rodata._ZN3vex6PORT10E
                0x038083fc        0x4 C:\Program Files (x86)\VEX Robotics\VEXcode V5 Text\sdk/vexv5\libv5rt.a(vex_global.cpp.obj)
                0x038083fc                vex::PORT10
 .rodata._ZN3vex6PORT14E
                0x03808400        0x4 C:\Program Files (x86)\VEX Robotics\VEXcode V5 Text\sdk/vexv5\libv5rt.a(vex_global.cpp.obj)
                0x03808400                vex::PORT14
 .rodata._ZN3vex6PORT18E
                0x03808404        0x4 C:\Program Files (x86)\VEX Robotics\VEXcode V5 Text\sdk/vexv5\libv5rt.a(vex_global.cpp.obj)
                0x03808404                vex::PORT18
 .rodata._ZN3vex6PORT11E
                0x03808408        0x4 C:\Program Files (x86)\VEX Robotics\VEXcode V5 Text\sdk/vexv5\libv5rt.a(vex_global.cpp.obj)
                0x03808408                vex::PORT11
 .rodata._ZN3vex6PORT15E
                0x0380840c        0x4 C:\Program Files (x86)\VEX Robotics\VEXcode V5 Text\sdk/vexv5\libv5rt.a(vex_global.cpp.obj)
                0x0380840c                vex::PORT15
 .rodata._ZN3vex6PORT22E
                0x03808410        0x4 C:\Program Files (x86)\VEX Robotics\VEXcode V5 Text\sdk/vexv5\libv5rt.a(vex_global.cpp.obj)
                0x03808410                vex::PORT22
 .rodata._ZN3vex6PORT19E
                0x03808414        0x4 C:\Program Files (x86)\VEX Robotics\VEXcode V5 Text\sdk/vexv5\libv5rt.a(vex_global.cpp.obj)
                0x03808414                vex::PORT19
 .rodata._ZN3vex6PORT12E
                0x03808418        0x4 C:\Program Files (x86)\VEX Robotics\VEXcode V5 Text\sdk/vexv5\libv5rt.a(vex_global.cpp.obj)
                0x03808418                vex::PORT12
 .rodata._ZN3vex6PORT16E
                0x0380841c        0x4 C:\Program Files (x86)\VEX Robotics\VEXcode V5 Text\sdk/vexv5\libv5rt.a(vex_global.cpp.obj)
                0x0380841c                vex::PORT16
 .rodata._ZN3vex6PORT17E
                0x03808420        0x4 C:\Program Files (x86)\VEX Robotics\VEXcode V5 Text\sdk/vexv5\libv5rt.a(vex_global.cpp.obj)
                0x03808420                vex::PORT17
 *fill*         0x03808424        0x4 
 .rodata._ZTVN3vex5motorE
                0x03808428       0x10 C:\Program Files (x86)\VEX Robotics\VEXcode V5 Text\sdk/vexv5\libv5rt.a(vex_motor.cpp.obj)
                0x03808428                vtable for vex::motor
 .rodata._ZTVN3vex6visionE
                0x03808438       0x10 C:\Program Files (x86)\VEX Robotics\VEXcode V5 Text\sdk/vexv5\libv5rt.a(vex_vision.cpp.obj)
                0x03808438                vtable for vex::vision
 .rodata.CSWTCH.15
                0x03808448        0xb C:\Program Files (x86)\VEX Robotics\VEXcode V5 Text\sdk/vexv5\libv5rt.a(vex_controller.cpp.obj)
 .rodata.CSWTCH.17
                0x03808453        0xb C:\Program Files (x86)\VEX Robotics\VEXcode V5 Text\sdk/vexv5\libv5rt.a(vex_controller.cpp.obj)
 .rodata.CSWTCH.23
                0x0380845e        0x3 C:\Program Files (x86)\VEX Robotics\VEXcode V5 Text\sdk/vexv5\libv5rt.a(vex_controller.cpp.obj)
 .rodata.str1.1
                0x03808461        0xa C:\Program Files (x86)\VEX Robotics\VEXcode V5 Text\sdk/vexv5\libv5rt.a(vex_thread.cpp.obj)
 .rodata.str1.1
                0x0380846b       0x2b C:\Program Files (x86)\VEX Robotics\VEXcode V5 Text\sdk/vexv5\libv5rt.a(vex_brain.cpp.obj)
 *fill*         0x03808496        0x2 
 .rodata._ZTVN3vex7triportE
                0x03808498       0x10 C:\Program Files (x86)\VEX Robotics\VEXcode V5 Text\sdk/vexv5\libv5rt.a(vex_triport.cpp.obj)
                0x03808498                vtable for vex::triport
 .rodata.CSWTCH.26
                0x038084a8        0xe C:\Program Files (x86)\VEX Robotics\VEXcode V5 Text\sdk/vexv5\libv5rt.a(vex_triport.cpp.obj)
 .rodata.CSWTCH.31
                0x038084b6       0x10 C:\Program Files (x86)\VEX Robotics\VEXcode V5 Text\sdk/vexv5\libv5rt.a(vex_triport.cpp.obj)
 *fill*         0x038084c6        0x2 
 .rodata._ZTVN3vex6deviceE
                0x038084c8       0x10 C:\Program Files (x86)\VEX Robotics\VEXcode V5 Text\sdk/vexv5\libv5rt.a(vex_device.cpp.obj)
                0x038084c8                vtable for vex::device
 .rodata.str1.1
                0x038084d8        0xa C:\Program Files (x86)\VEX Robotics\VEXcode V5 Text\sdk/vexv5\libv5rt.a(vex_task.cpp.obj)
 *fill*         0x038084e2        0x2 
 .rodata.str1.4
                0x038084e4        0x4 C:\Program Files (x86)\VEX Robotics\VEXcode V5 Text\sdk/vexv5/gcc/libs\libc.a(lib_a-impure.o)
                                  0x2 (size before relaxing)
 .rodata._ctype_
                0x038084e8      0x101 C:\Program Files (x86)\VEX Robotics\VEXcode V5 Text\sdk/vexv5/gcc/libs\libc.a(lib_a-ctype_.o)
                0x038084e8                _ctype_
 *fill*         0x038085e9        0x3 
 .rodata.npio2_hw
                0x038085ec       0x80 C:\Program Files (x86)\VEX Robotics\VEXcode V5 Text\sdk/vexv5/gcc/libs\libm.a(lib_a-ef_rem_pio2.o)
 .rodata.two_over_pi
                0x0380866c      0x318 C:\Program Files (x86)\VEX Robotics\VEXcode V5 Text\sdk/vexv5/gcc/libs\libm.a(lib_a-ef_rem_pio2.o)
 .rodata.init_jk
                0x03808984        0xc C:\Program Files (x86)\VEX Robotics\VEXcode V5 Text\sdk/vexv5/gcc/libs\libm.a(lib_a-kf_rem_pio2.o)
 .rodata.PIo2   0x03808990       0x2c C:\Program Files (x86)\VEX Robotics\VEXcode V5 Text\sdk/vexv5/gcc/libs\libm.a(lib_a-kf_rem_pio2.o)
 *(.gnu.linkonce.r.*)
                0x038089bc                __rodata_end = .

.rodata1        0x038089bc        0x0
                0x038089bc                __rodata1_start = .
 *(.rodata1)
 *(.rodata1.*)
                0x038089bc                __rodata1_end = .

.sdata2         0x038089bc        0x0
                0x038089bc                __sdata2_start = .
 *(.sdata2)
 *(.sdata2.*)
 *(.gnu.linkonce.s2.*)
                0x038089bc                __sdata2_end = .

.sbss2          0x038089bc        0x0
                0x038089bc                __sbss2_start = .
 *(.sbss2)
 *(.sbss2.*)
 *(.gnu.linkonce.sb2.*)
                0x038089bc                __sbss2_end = .

.data           0x038089c0      0x440
                0x038089c0                __data_start = .
 *(.data)
 *(.data.*)
 .data.appRunning
                0x038089c0        0x4 C:\Program Files (x86)\VEX Robotics\VEXcode V5 Text\sdk/vexv5\libv5rt.a(v5_startup.c.obj)
                0x038089c0                appRunning
 .data.__yoff   0x038089c4        0x4 C:\Program Files (x86)\VEX Robotics\VEXcode V5 Text\sdk/vexv5\libv5rt.a(v5_apijump.c.obj)
 .data._ZN3vex9ratio18_1E
                0x038089c8        0x4 C:\Program Files (x86)\VEX Robotics\VEXcode V5 Text\sdk/vexv5\libv5rt.a(vex_global.cpp.obj)
                0x038089c8                vex::ratio18_1
 .data._ZN3vex24__default_motor_velocityE
                0x038089cc        0x4 C:\Program Files (x86)\VEX Robotics\VEXcode V5 Text\sdk/vexv5\libv5rt.a(vex_motor.cpp.obj)
                0x038089cc                vex::__default_motor_velocity
 .data.impure_data
                0x038089d0      0x428 C:\Program Files (x86)\VEX Robotics\VEXcode V5 Text\sdk/vexv5/gcc/libs\libc.a(lib_a-impure.o)
 .data._impure_ptr
                0x03808df8        0x4 C:\Program Files (x86)\VEX Robotics\VEXcode V5 Text\sdk/vexv5/gcc/libs\libc.a(lib_a-impure.o)
                0x03808df8                _impure_ptr
 .data.__ctype_ptr__
                0x03808dfc        0x4 C:\Program Files (x86)\VEX Robotics\VEXcode V5 Text\sdk/vexv5/gcc/libs\libc.a(lib_a-ctype_.o)
                0x03808dfc                __ctype_ptr__
 *(.gnu.linkonce.d.*)
 *(.jcr)
 *(.got)
 *(.got.plt)
                0x03808e00                __data_end = .

.igot.plt       0x03808e00        0x0
 .igot.plt      0x00000000        0x0 build/src/main.o

.data1          0x03808e00        0x0
                0x03808e00                __data1_start = .
 *(.data1)
 *(.data1.*)
                0x03808e00                __data1_end = .

.got
 *(.got)

.ctors          0x03808e00        0x0
                0x03808e00                __CTOR_LIST__ = .
                0x03808e00                ___CTORS_LIST___ = .
 *crtbegin.o(.ctors)
 *(EXCLUDE_FILE(*crtend.o) .ctors)
 *(SORT(.ctors.*))
 *(.ctors)
                0x03808e00                __CTOR_END__ = .
                0x03808e00                ___CTORS_END___ = .

.dtors          0x03808e00        0x0
                0x03808e00                __DTOR_LIST__ = .
                0x03808e00                ___DTORS_LIST___ = .
 *crtbegin.o(.dtors)
 *(EXCLUDE_FILE(*crtend.o) .dtors)
 *(SORT(.dtors.*))
 *(.dtors)
                0x03808e00                __DTOR_END__ = .
                0x03808e00                ___DTORS_END___ = .

.fixup          0x03808e00        0x0
                0x03808e00                __fixup_start = .
 *(.fixup)
                0x03808e00                __fixup_end = .

.eh_frame
 *(.eh_frame)

.eh_framehdr    0x03808e00        0x0
                0x03808e00                __eh_framehdr_start = .
 *(.eh_framehdr)
                0x03808e00                __eh_framehdr_end = .

.gcc_except_table
 *(.gcc_except_table)

.mmu_tbl        0x0380c000        0x0
                0x0380c000                __mmu_tbl_start = .
 *(.mmu_tbl)
                0x0380c000                __mmu_tbl_end = .

.ARM.exidx      0x03808e00        0x8
                0x03808e00                __exidx_start = .
 *(.ARM.exidx*)
 .ARM.exidx.text._ZN3vex6visionC2IJNS0_9signatureES2_S2_S2_S2_S2_S2_EEElhDpRT_
                0x03808e00        0x8 build/src/main.o
 .ARM.exidx.text._Z8setDriveifffb
                0x03808e08        0x0 build/src/main.o
                                  0x8 (size before relaxing)
 .ARM.exidx.text._ZN9PCHSdrive5resetEv
                0x03808e08        0x0 build/src/main.o
                                  0x8 (size before relaxing)
 .ARM.exidx.text._Z9waitDrivei
                0x03808e08        0x0 build/src/main.o
                                  0x8 (size before relaxing)
 .ARM.exidx.text._Z12waitDriveNewii
                0x03808e08        0x0 build/src/main.o
                                  0x8 (size before relaxing)
 .ARM.exidx.text._Z6pickUpiifb
                0x03808e08        0x0 build/src/main.o
                                  0x8 (size before relaxing)
 .ARM.exidx.text._Z12driveControlv
                0x03808e08        0x0 build/src/main.o
                                  0x8 (size before relaxing)
 .ARM.exidx.text._ZN9PCHSdrive8trackPosEv
                0x03808e08        0x0 build/src/main.o
                                  0x8 (size before relaxing)
 .ARM.exidx.text._ZN3PID14getOutputPowerEif
                0x03808e08        0x0 build/src/main.o
                                  0x8 (size before relaxing)
 .ARM.exidx.text._ZN9PCHSdrive10move_driveEii
                0x03808e08        0x0 build/src/main.o
                                  0x8 (size before relaxing)
 .ARM.exidx.text._Z13ArmPosControlv
                0x03808e08        0x0 build/src/main.o
                                  0x8 (size before relaxing)
 .ARM.exidx.text._Z13swivelControlv
                0x03808e08        0x0 build/src/main.o
                                  0x8 (size before relaxing)
 .ARM.exidx.text._Z13intakeControlv
                0x03808e08        0x0 build/src/main.o
                                  0x8 (size before relaxing)
 .ARM.exidx.text._Z9pre_autonv
                0x03808e08        0x0 build/src/main.o
                                  0x8 (size before relaxing)
 .ARM.exidx.text._ZN9PCHSdrive9fullResetEv
                0x03808e08        0x0 build/src/main.o
                                  0x8 (size before relaxing)
 .ARM.exidx.text._ZN6intake5resetEv
                0x03808e08        0x0 build/src/main.o
                                  0x8 (size before relaxing)
 .ARM.exidx.text._ZN6buttonC2EiiiibN3vex5colorE
                0x03808e08        0x0 build/src/main.o
                                  0x8 (size before relaxing)
 .ARM.exidx.text._ZN6button6updateEv
                0x03808e08        0x0 build/src/main.o
                                  0x8 (size before relaxing)
 .ARM.exidx.text._Z10autonomousv
                0x03808e08        0x0 build/src/main.o
                                  0x8 (size before relaxing)
 .ARM.exidx.text._Z11usercontrolv
                0x03808e08        0x0 build/src/main.o
                                  0x8 (size before relaxing)
 .ARM.exidx.text.main
                0x03808e08        0x0 build/src/main.o
                                  0x8 (size before relaxing)
 .ARM.exidx.text._ZN3vex6vision7_setsigINS0_9signatureEJS2_S2_S2_S2_EEEvRT_DpRT0_
                0x03808e08        0x0 build/src/main.o
                                  0x8 (size before relaxing)
 .ARM.exidx.text._GLOBAL__sub_I_main.cpp
                0x03808e08        0x0 build/src/main.o
                                  0x8 (size before relaxing)
 .ARM.exidx.text._Z11vexcodeInitv
                0x03808e08        0x0 build/src/robot-config.o
                                  0x8 (size before relaxing)
 .ARM.exidx.text._GLOBAL__sub_I_robot_config.cpp
                0x03808e08        0x0 build/src/robot-config.o
                                  0x8 (size before relaxing)
 *(.gnu.linkonce.armexidix.*.*)
                0x03808e08                __exidx_end = .

.rel.dyn        0x03808e08        0x0
 .rel.iplt      0x00000000        0x0 build/src/main.o

.preinit_array  0x03808e08        0x0
                0x03808e08                __preinit_array_start = .
 *(SORT(.preinit_array.*))
 *(.preinit_array)
                0x03808e08                __preinit_array_end = .

.init_array     0x03808e08       0x10
                0x03808e08                __init_array_start = .
 *(SORT(.init_array.*))
 *(.init_array)
 .init_array    0x03808e08        0x4 build/src/main.o
 .init_array    0x03808e0c        0x4 build/src/robot-config.o
 .init_array    0x03808e10        0x4 C:\Program Files (x86)\VEX Robotics\VEXcode V5 Text\sdk/vexv5\libv5rt.a(vex_triport.cpp.obj)
 .init_array    0x03808e14        0x4 C:\Program Files (x86)\VEX Robotics\VEXcode V5 Text\sdk/vexv5\libv5rt.a(vex_color.cpp.obj)
                0x03808e18                __init_array_end = .

.fini_array     0x03808e18        0x0
                0x03808e18                __fini_array_start = .
 *(SORT(.fini_array.*))
 *(.fini_array)
                0x03808e18                __fini_array_end = .

.ARM.attributes
                0x03808e18       0x3c
                0x03808e18                __ARM.attributes_start = .
 *(.ARM.attributes)
 .ARM.attributes
                0x03808e18       0x3a build/src/main.o
 .ARM.attributes
                0x03808e52       0x3a build/src/robot-config.o
 .ARM.attributes
                0x03808e8c       0x35 C:\Program Files (x86)\VEX Robotics\VEXcode V5 Text\sdk/vexv5\libv5rt.a(v5_startup.c.obj)
 .ARM.attributes
                0x03808ec1       0x35 C:\Program Files (x86)\VEX Robotics\VEXcode V5 Text\sdk/vexv5\libv5rt.a(v5_util.c.obj)
 .ARM.attributes
                0x03808ef6       0x35 C:\Program Files (x86)\VEX Robotics\VEXcode V5 Text\sdk/vexv5\libv5rt.a(v5_apijump.c.obj)
 .ARM.attributes
                0x03808f2b       0x35 C:\Program Files (x86)\VEX Robotics\VEXcode V5 Text\sdk/vexv5\libv5rt.a(v5_apiversions.c.obj)
 .ARM.attributes
                0x03808f60       0x35 C:\Program Files (x86)\VEX Robotics\VEXcode V5 Text\sdk/vexv5\libv5rt.a(vex_global.cpp.obj)
 .ARM.attributes
                0x03808f95       0x35 C:\Program Files (x86)\VEX Robotics\VEXcode V5 Text\sdk/vexv5\libv5rt.a(vex_motor.cpp.obj)
 .ARM.attributes
                0x03808fca       0x35 C:\Program Files (x86)\VEX Robotics\VEXcode V5 Text\sdk/vexv5\libv5rt.a(vex_vision.cpp.obj)
 .ARM.attributes
                0x03808fff       0x35 C:\Program Files (x86)\VEX Robotics\VEXcode V5 Text\sdk/vexv5\libv5rt.a(vex_controller.cpp.obj)
 .ARM.attributes
                0x03809034       0x35 C:\Program Files (x86)\VEX Robotics\VEXcode V5 Text\sdk/vexv5\libv5rt.a(vex_thread.cpp.obj)
 .ARM.attributes
                0x03809069       0x35 C:\Program Files (x86)\VEX Robotics\VEXcode V5 Text\sdk/vexv5\libv5rt.a(vex_event.cpp.obj)
 .ARM.attributes
                0x0380909e       0x35 C:\Program Files (x86)\VEX Robotics\VEXcode V5 Text\sdk/vexv5\libv5rt.a(vex_mevent.cpp.obj)
 .ARM.attributes
                0x038090d3       0x35 C:\Program Files (x86)\VEX Robotics\VEXcode V5 Text\sdk/vexv5\libv5rt.a(vex_brain.cpp.obj)
 .ARM.attributes
                0x03809108       0x35 C:\Program Files (x86)\VEX Robotics\VEXcode V5 Text\sdk/vexv5\libv5rt.a(vex_competition.cpp.obj)
 .ARM.attributes
                0x0380913d       0x35 C:\Program Files (x86)\VEX Robotics\VEXcode V5 Text\sdk/vexv5\libv5rt.a(vex_triport.cpp.obj)
 .ARM.attributes
                0x03809172       0x35 C:\Program Files (x86)\VEX Robotics\VEXcode V5 Text\sdk/vexv5\libv5rt.a(vex_color.cpp.obj)
 .ARM.attributes
                0x038091a7       0x35 C:\Program Files (x86)\VEX Robotics\VEXcode V5 Text\sdk/vexv5\libv5rt.a(vex_timer.cpp.obj)
 .ARM.attributes
                0x038091dc       0x35 C:\Program Files (x86)\VEX Robotics\VEXcode V5 Text\sdk/vexv5\libv5rt.a(v5_apiuser.c.obj)
 .ARM.attributes
                0x03809211       0x35 C:\Program Files (x86)\VEX Robotics\VEXcode V5 Text\sdk/vexv5\libv5rt.a(vex_device.cpp.obj)
 .ARM.attributes
                0x03809246       0x35 C:\Program Files (x86)\VEX Robotics\VEXcode V5 Text\sdk/vexv5\libv5rt.a(vex_task.cpp.obj)
 .ARM.attributes
                0x0380927b       0x2b C:\Program Files (x86)\VEX Robotics\VEXcode V5 Text\sdk/vexv5/gcc/libs\libc.a(lib_a-fini.o)
 .ARM.attributes
                0x038092a6       0x2b C:\Program Files (x86)\VEX Robotics\VEXcode V5 Text\sdk/vexv5/gcc/libs\libc.a(lib_a-impure.o)
 .ARM.attributes
                0x038092d1       0x2b C:\Program Files (x86)\VEX Robotics\VEXcode V5 Text\sdk/vexv5/gcc/libs\libc.a(lib_a-init.o)
 .ARM.attributes
                0x038092fc       0x2b C:\Program Files (x86)\VEX Robotics\VEXcode V5 Text\sdk/vexv5/gcc/libs\libc.a(lib_a-tolower.o)
 .ARM.attributes
                0x03809327       0x2b C:\Program Files (x86)\VEX Robotics\VEXcode V5 Text\sdk/vexv5/gcc/libs\libc.a(lib_a-ctype_.o)
 .ARM.attributes
                0x03809352       0x2b C:\Program Files (x86)\VEX Robotics\VEXcode V5 Text\sdk/vexv5/gcc/libs\libm.a(lib_a-sf_cos.o)
 .ARM.attributes
                0x0380937d       0x2b C:\Program Files (x86)\VEX Robotics\VEXcode V5 Text\sdk/vexv5/gcc/libs\libm.a(lib_a-sf_sin.o)
 .ARM.attributes
                0x038093a8       0x2b C:\Program Files (x86)\VEX Robotics\VEXcode V5 Text\sdk/vexv5/gcc/libs\libm.a(lib_a-ef_rem_pio2.o)
 .ARM.attributes
                0x038093d3       0x2b C:\Program Files (x86)\VEX Robotics\VEXcode V5 Text\sdk/vexv5/gcc/libs\libm.a(lib_a-kf_cos.o)
 .ARM.attributes
                0x038093fe       0x2b C:\Program Files (x86)\VEX Robotics\VEXcode V5 Text\sdk/vexv5/gcc/libs\libm.a(lib_a-kf_rem_pio2.o)
 .ARM.attributes
                0x03809429       0x2b C:\Program Files (x86)\VEX Robotics\VEXcode V5 Text\sdk/vexv5/gcc/libs\libm.a(lib_a-kf_sin.o)
 .ARM.attributes
                0x03809454       0x2b C:\Program Files (x86)\VEX Robotics\VEXcode V5 Text\sdk/vexv5/gcc/libs\libm.a(lib_a-sf_fabs.o)
 .ARM.attributes
                0x0380947f       0x2b C:\Program Files (x86)\VEX Robotics\VEXcode V5 Text\sdk/vexv5/gcc/libs\libm.a(lib_a-sf_floor.o)
 .ARM.attributes
                0x038094aa       0x2b C:\Program Files (x86)\VEX Robotics\VEXcode V5 Text\sdk/vexv5/gcc/libs\libm.a(lib_a-sf_scalbn.o)
 .ARM.attributes
                0x038094d5       0x2b C:\Program Files (x86)\VEX Robotics\VEXcode V5 Text\sdk/vexv5/gcc/libs\libm.a(lib_a-sf_copysign.o)
                0x03809500                __ARM.attributes_end = .

.sdata          0x03808e18        0x0
                0x03808e18                __sdata_start = .
 *(.sdata)
 *(.sdata.*)
 *(.gnu.linkonce.s.*)
                0x03808e18                __sdata_end = .

.sbss           0x03808e18        0x0
                0x03808e18                __sbss_start = .
 *(.sbss)
 *(.sbss.*)
 *(.gnu.linkonce.sb.*)
                0x03808e18                __sbss_end = .

.tdata          0x03808e18        0x0
                0x03808e18                __tdata_start = .
 *(.tdata)
 *(.tdata.*)
 *(.gnu.linkonce.td.*)
                0x03808e18                __tdata_end = .

.tbss           0x03808e18        0x0
                0x03808e18                __tbss_start = .
 *(.tbss)
 *(.tbss.*)
 *(.gnu.linkonce.tb.*)
                0x03808e18                __tbss_end = .

.bss            0x03808e18     0x1a1c
                0x03808e18                __bss_start = .
 *(.bss)
 *(.bss.*)
 .bss.SIG_1     0x03808e18       0x50 build/src/main.o
                0x03808e18                SIG_1
 .bss.SIG_2     0x03808e68       0x50 build/src/main.o
                0x03808e68                SIG_2
 .bss.SIG_3     0x03808eb8       0x50 build/src/main.o
                0x03808eb8                SIG_3
 .bss.SIG_4     0x03808f08       0x50 build/src/main.o
                0x03808f08                SIG_4
 .bss.SIG_5     0x03808f58       0x50 build/src/main.o
                0x03808f58                SIG_5
 .bss.SIG_6     0x03808fa8       0x50 build/src/main.o
                0x03808fa8                SIG_6
 .bss.SIG_7     0x03808ff8       0x50 build/src/main.o
                0x03808ff8                SIG_7
 .bss.Vision    0x03809048      0x690 build/src/main.o
                0x03809048                Vision
 .bss.SIG1      0x038096d8       0x50 build/src/main.o
                0x038096d8                SIG1
 .bss.SIG2      0x03809728       0x50 build/src/main.o
                0x03809728                SIG2
 .bss.SIG3      0x03809778       0x50 build/src/main.o
                0x03809778                SIG3
 .bss.SIG4      0x038097c8       0x50 build/src/main.o
                0x038097c8                SIG4
 .bss.SIG5      0x03809818       0x50 build/src/main.o
                0x03809818                SIG5
 .bss.SIG6      0x03809868       0x50 build/src/main.o
                0x03809868                SIG6
 .bss.SIG7      0x038098b8       0x50 build/src/main.o
                0x038098b8                SIG7
 .bss.Vision2   0x03809908      0x690 build/src/main.o
                0x03809908                Vision2
 .bss.Competition
                0x03809f98       0x28 build/src/main.o
                0x03809f98                Competition
 .bss.DriveControl
                0x03809fc0        0x4 build/src/main.o
                0x03809fc0                DriveControl
 .bss.ArmControl
                0x03809fc4        0x4 build/src/main.o
                0x03809fc4                ArmControl
 .bss.SwivelControl
                0x03809fc8        0x4 build/src/main.o
                0x03809fc8                SwivelControl
 .bss.IntakeControl
                0x03809fcc        0x4 build/src/main.o
                0x03809fcc                IntakeControl
 .bss.rgtEye    0x03809fd0        0xc build/src/main.o
                0x03809fd0                rgtEye
 .bss.lftEye    0x03809fdc        0xc build/src/main.o
                0x03809fdc                lftEye
 .bss.Arm       0x03809fe8       0x28 build/src/main.o
                0x03809fe8                Arm
 .bss.Intake    0x0380a010       0x34 build/src/main.o
                0x0380a010                Intake
 *fill*         0x0380a044        0x4 
 .bss.Drive     0x0380a048       0xec build/src/main.o
                0x0380a048                Drive
 .bss.autoOptions
                0x0380a134        0x4 build/src/main.o
                0x0380a134                autoOptions
 .bss.Brain     0x0380a138      0x2dc build/src/robot-config.o
                0x0380a138                Brain
 .bss.RgtArm    0x0380a414       0x24 build/src/robot-config.o
                0x0380a414                RgtArm
 .bss.LftArm    0x0380a438       0x24 build/src/robot-config.o
                0x0380a438                LftArm
 .bss.swivel    0x0380a45c       0x24 build/src/robot-config.o
                0x0380a45c                swivel
 .bss.RgtRoller
                0x0380a480       0x24 build/src/robot-config.o
                0x0380a480                RgtRoller
 .bss.LftRoller
                0x0380a4a4       0x24 build/src/robot-config.o
                0x0380a4a4                LftRoller
 .bss.RgtDrive  0x0380a4c8       0x24 build/src/robot-config.o
                0x0380a4c8                RgtDrive
 .bss.LftDrive  0x0380a4ec       0x24 build/src/robot-config.o
                0x0380a4ec                LftDrive
 .bss.MidDrive  0x0380a510       0x24 build/src/robot-config.o
                0x0380a510                MidDrive
 .bss.arm_pot   0x0380a534       0x1c build/src/robot-config.o
                0x0380a534                arm_pot
 .bss.roboGyro  0x0380a550       0x24 build/src/robot-config.o
                0x0380a550                roboGyro
 .bss.rgtEnc    0x0380a574       0x1c build/src/robot-config.o
                0x0380a574                rgtEnc
 .bss.lftEnc    0x0380a590       0x1c build/src/robot-config.o
                0x0380a590                lftEnc
 .bss.bckEnc    0x0380a5ac       0x1c build/src/robot-config.o
                0x0380a5ac                bckEnc
 .bss.Controller1
                0x0380a5c8      0x1e0 build/src/robot-config.o
                0x0380a5c8                Controller1
 .bss.__dso_handle
                0x0380a7a8        0x4 C:\Program Files (x86)\VEX Robotics\VEXcode V5 Text\sdk/vexv5\libv5rt.a(v5_startup.c.obj)
                0x0380a7a8                __dso_handle
 .bss._ZN3vex7primaryE
                0x0380a7ac        0x4 C:\Program Files (x86)\VEX Robotics\VEXcode V5 Text\sdk/vexv5\libv5rt.a(vex_global.cpp.obj)
                0x0380a7ac                vex::primary
 .bss._ZN3vex9ratio36_1E
                0x0380a7b0        0x4 C:\Program Files (x86)\VEX Robotics\VEXcode V5 Text\sdk/vexv5\libv5rt.a(vex_global.cpp.obj)
                0x0380a7b0                vex::ratio36_1
 .bss._ZN3vex6thread8_labelIdE
                0x0380a7b4        0x4 C:\Program Files (x86)\VEX Robotics\VEXcode V5 Text\sdk/vexv5\libv5rt.a(vex_thread.cpp.obj)
                0x0380a7b4                vex::thread::_labelId
 .bss._ZN3vex11competition22bStopTasksBetweenModesE
                0x0380a7b8        0x1 C:\Program Files (x86)\VEX Robotics\VEXcode V5 Text\sdk/vexv5\libv5rt.a(vex_competition.cpp.obj)
                0x0380a7b8                vex::competition::bStopTasksBetweenModes
 .bss._ZN3vex11competition25bStopAllTasksBetweenModesE
                0x0380a7b9        0x1 C:\Program Files (x86)\VEX Robotics\VEXcode V5 Text\sdk/vexv5\libv5rt.a(vex_competition.cpp.obj)
                0x0380a7b9                vex::competition::bStopAllTasksBetweenModes
 .bss._ZN3vex11competition14_auton_pendingE
                0x0380a7ba        0x1 C:\Program Files (x86)\VEX Robotics\VEXcode V5 Text\sdk/vexv5\libv5rt.a(vex_competition.cpp.obj)
                0x0380a7ba                vex::competition::_auton_pending
 *fill*         0x0380a7bb        0x1 
 .bss._ZN3vex11competition20_autonomous_callbackE
                0x0380a7bc        0x4 C:\Program Files (x86)\VEX Robotics\VEXcode V5 Text\sdk/vexv5\libv5rt.a(vex_competition.cpp.obj)
                0x0380a7bc                vex::competition::_autonomous_callback
 .bss._ZN3vex11competition23_drivercontrol_callbackE
                0x0380a7c0        0x4 C:\Program Files (x86)\VEX Robotics\VEXcode V5 Text\sdk/vexv5\libv5rt.a(vex_competition.cpp.obj)
                0x0380a7c0                vex::competition::_drivercontrol_callback
 .bss._ZN3vex11competition15_driver_pendingE
                0x0380a7c4        0x1 C:\Program Files (x86)\VEX Robotics\VEXcode V5 Text\sdk/vexv5\libv5rt.a(vex_competition.cpp.obj)
                0x0380a7c4                vex::competition::_driver_pending
 .bss._ZStL8__ioinit
                0x0380a7c5        0x1 C:\Program Files (x86)\VEX Robotics\VEXcode V5 Text\sdk/vexv5\libv5rt.a(vex_triport.cpp.obj)
 *fill*         0x0380a7c6        0x2 
 .bss._ZN3vex5color6orangeE
                0x0380a7c8        0x8 C:\Program Files (x86)\VEX Robotics\VEXcode V5 Text\sdk/vexv5\libv5rt.a(vex_color.cpp.obj)
                0x0380a7c8                vex::color::orange
 .bss._ZN3vex5color5blackE